ARM GAS  C:\Users\Nathan\AppData\Local\Temp\cczr934h.s 			page 1


   1              		.cpu cortex-m4
   2              		.arch armv7e-m
   3              		.fpu fpv4-sp-d16
   4              		.eabi_attribute 27, 1
   5              		.eabi_attribute 28, 1
   6              		.eabi_attribute 20, 1
   7              		.eabi_attribute 21, 1
   8              		.eabi_attribute 23, 3
   9              		.eabi_attribute 24, 1
  10              		.eabi_attribute 25, 1
  11              		.eabi_attribute 26, 1
  12              		.eabi_attribute 30, 1
  13              		.eabi_attribute 34, 1
  14              		.eabi_attribute 18, 4
  15              		.file	"app_ble.c"
  16              		.text
  17              		.section	.text.Adv_Cancel,"ax",%progbits
  18              		.align	1
  19              		.syntax unified
  20              		.thumb
  21              		.thumb_func
  23              	Adv_Cancel:
  24              		@ args = 0, pretend = 0, frame = 0
  25              		@ frame_needed = 0, uses_anonymous_args = 0
  26 0000 08B5     		push	{r3, lr}
  27 0002 064B     		ldr	r3, .L5
  28 0004 93F87430 		ldrb	r3, [r3, #116]	@ zero_extendqisi2
  29 0008 052B     		cmp	r3, #5
  30 000a 00D1     		bne	.L4
  31              	.L1:
  32 000c 08BD     		pop	{r3, pc}
  33              	.L4:
  34 000e FFF7FEFF 		bl	aci_gap_set_non_discoverable
  35 0012 024B     		ldr	r3, .L5
  36 0014 0022     		movs	r2, #0
  37 0016 83F87420 		strb	r2, [r3, #116]
  38 001a F7E7     		b	.L1
  39              	.L6:
  40              		.align	2
  41              	.L5:
  42 001c 00000000 		.word	BleApplicationContext
  44              		.section	.text.Ble_Tl_Init,"ax",%progbits
  45              		.align	1
  46              		.syntax unified
  47              		.thumb
  48              		.thumb_func
  50              	Ble_Tl_Init:
  51              		@ args = 0, pretend = 0, frame = 8
  52              		@ frame_needed = 0, uses_anonymous_args = 0
  53 0000 00B5     		push	{lr}
  54 0002 83B0     		sub	sp, sp, #12
  55 0004 044B     		ldr	r3, .L9
  56 0006 0093     		str	r3, [sp]
  57 0008 044B     		ldr	r3, .L9+4
  58 000a 0193     		str	r3, [sp, #4]
  59 000c 6946     		mov	r1, sp
  60 000e 0448     		ldr	r0, .L9+8
ARM GAS  C:\Users\Nathan\AppData\Local\Temp\cczr934h.s 			page 2


  61 0010 FFF7FEFF 		bl	hci_init
  62 0014 03B0     		add	sp, sp, #12
  63              		@ sp needed
  64 0016 00BD     		pop	{pc}
  65              	.L10:
  66              		.align	2
  67              	.L9:
  68 0018 00000000 		.word	BleCmdBuffer
  69 001c 00000000 		.word	BLE_StatusNot
  70 0020 00000000 		.word	BLE_UserEvtRx
  72              		.section	.text.BLE_UserEvtRx,"ax",%progbits
  73              		.align	1
  74              		.syntax unified
  75              		.thumb
  76              		.thumb_func
  78              	BLE_UserEvtRx:
  79              		@ args = 0, pretend = 0, frame = 0
  80              		@ frame_needed = 0, uses_anonymous_args = 0
  81 0000 10B5     		push	{r4, lr}
  82 0002 0446     		mov	r4, r0
  83 0004 4068     		ldr	r0, [r0, #4]
  84 0006 0830     		adds	r0, r0, #8
  85 0008 FFF7FEFF 		bl	SVCCTL_UserEvtRx
  86 000c 10B1     		cbz	r0, .L12
  87 000e 0123     		movs	r3, #1
  88 0010 2370     		strb	r3, [r4]
  89              	.L11:
  90 0012 10BD     		pop	{r4, pc}
  91              	.L12:
  92 0014 2070     		strb	r0, [r4]
  93 0016 FCE7     		b	.L11
  95              		.section	.text.BLE_StatusNot,"ax",%progbits
  96              		.align	1
  97              		.syntax unified
  98              		.thumb
  99              		.thumb_func
 101              	BLE_StatusNot:
 102              		@ args = 0, pretend = 0, frame = 0
 103              		@ frame_needed = 0, uses_anonymous_args = 0
 104 0000 08B5     		push	{r3, lr}
 105 0002 28B1     		cbz	r0, .L16
 106 0004 0128     		cmp	r0, #1
 107 0006 06D1     		bne	.L15
 108 0008 0320     		movs	r0, #3
 109 000a FFF7FEFF 		bl	UTIL_SEQ_ResumeTask
 110 000e 02E0     		b	.L15
 111              	.L16:
 112 0010 0320     		movs	r0, #3
 113 0012 FFF7FEFF 		bl	UTIL_SEQ_PauseTask
 114              	.L15:
 115 0016 08BD     		pop	{r3, pc}
 117              		.section	.text.BleGetBdAddress,"ax",%progbits
 118              		.align	1
 119              		.syntax unified
 120              		.thumb
 121              		.thumb_func
 123              	BleGetBdAddress:
ARM GAS  C:\Users\Nathan\AppData\Local\Temp\cczr934h.s 			page 3


 124              		@ args = 0, pretend = 0, frame = 0
 125              		@ frame_needed = 0, uses_anonymous_args = 0
 126 0000 08B5     		push	{r3, lr}
 127 0002 0F4B     		ldr	r3, .L25
 128 0004 D3F88025 		ldr	r2, [r3, #1408]
 129 0008 B2F1FF3F 		cmp	r2, #-1
 130 000c 10D0     		beq	.L21
 131 000e D3F88435 		ldr	r3, [r3, #1412]
 132 0012 0C48     		ldr	r0, .L25+4
 133 0014 0270     		strb	r2, [r0]
 134 0016 C2F30722 		ubfx	r2, r2, #8, #8
 135 001a 4270     		strb	r2, [r0, #1]
 136 001c 8370     		strb	r3, [r0, #2]
 137 001e C3F30722 		ubfx	r2, r3, #8, #8
 138 0022 C270     		strb	r2, [r0, #3]
 139 0024 C3F30742 		ubfx	r2, r3, #16, #8
 140 0028 0271     		strb	r2, [r0, #4]
 141 002a 1B0E     		lsrs	r3, r3, #24
 142 002c 4371     		strb	r3, [r0, #5]
 143              	.L20:
 144 002e 08BD     		pop	{r3, pc}
 145              	.L21:
 146 0030 0020     		movs	r0, #0
 147 0032 FFF7FEFF 		bl	OTP_Read
 148 0036 0028     		cmp	r0, #0
 149 0038 F9D1     		bne	.L20
 150 003a 0348     		ldr	r0, .L25+8
 151 003c F7E7     		b	.L20
 152              	.L26:
 153 003e 00BF     		.align	2
 154              	.L25:
 155 0040 0070FF1F 		.word	536834048
 156 0044 00000000 		.word	a_BdAddrUdn
 157 0048 00000000 		.word	a_MBdAddr
 159              		.section	.rodata.Ble_Hci_Gap_Gatt_Init.str1.4,"aMS",%progbits,1
 160              		.align	2
 161              	.LC0:
 162 0000 43594245 		.ascii	"CYBERBOARD\000"
 162      52424F41 
 162      524400
 163              		.section	.text.Ble_Hci_Gap_Gatt_Init,"ax",%progbits
 164              		.align	1
 165              		.syntax unified
 166              		.thumb
 167              		.thumb_func
 169              	Ble_Hci_Gap_Gatt_Init:
 170              		@ args = 0, pretend = 0, frame = 8
 171              		@ frame_needed = 0, uses_anonymous_args = 0
 172 0000 70B5     		push	{r4, r5, r6, lr}
 173 0002 88B0     		sub	sp, sp, #32
 174 0004 0024     		movs	r4, #0
 175 0006 ADF81840 		strh	r4, [sp, #24]	@ movhi
 176 000a FFF7FEFF 		bl	hci_reset
 177 000e FFF7FEFF 		bl	BleGetBdAddress
 178 0012 0246     		mov	r2, r0
 179 0014 0621     		movs	r1, #6
 180 0016 2046     		mov	r0, r4
ARM GAS  C:\Users\Nathan\AppData\Local\Temp\cczr934h.s 			page 4


 181 0018 FFF7FEFF 		bl	aci_hal_write_config_data
 182 001c 2A4A     		ldr	r2, .L31
 183 001e 1021     		movs	r1, #16
 184 0020 1820     		movs	r0, #24
 185 0022 FFF7FEFF 		bl	aci_hal_write_config_data
 186 0026 294A     		ldr	r2, .L31+4
 187 0028 1021     		movs	r1, #16
 188 002a 0820     		movs	r0, #8
 189 002c FFF7FEFF 		bl	aci_hal_write_config_data
 190 0030 1821     		movs	r1, #24
 191 0032 0120     		movs	r0, #1
 192 0034 FFF7FEFF 		bl	aci_hal_set_tx_power_level
 193 0038 FFF7FEFF 		bl	aci_gatt_init
 194 003c 0DF11A03 		add	r3, sp, #26
 195 0040 0193     		str	r3, [sp, #4]
 196 0042 07AB     		add	r3, sp, #28
 197 0044 0093     		str	r3, [sp]
 198 0046 0DF11E03 		add	r3, sp, #30
 199 004a 0A22     		movs	r2, #10
 200 004c 2146     		mov	r1, r4
 201 004e 0120     		movs	r0, #1
 202 0050 FFF7FEFF 		bl	aci_gap_init
 203 0054 1E4B     		ldr	r3, .L31+8
 204 0056 0093     		str	r3, [sp]
 205 0058 0A23     		movs	r3, #10
 206 005a 2246     		mov	r2, r4
 207 005c BDF81C10 		ldrh	r1, [sp, #28]
 208 0060 BDF81E00 		ldrh	r0, [sp, #30]
 209 0064 FFF7FEFF 		bl	aci_gatt_update_char_value
 210 0068 06AB     		add	r3, sp, #24
 211 006a 0093     		str	r3, [sp]
 212 006c 0223     		movs	r3, #2
 213 006e 2246     		mov	r2, r4
 214 0070 BDF81A10 		ldrh	r1, [sp, #26]
 215 0074 BDF81E00 		ldrh	r0, [sp, #30]
 216 0078 FFF7FEFF 		bl	aci_gatt_update_char_value
 217 007c 0222     		movs	r2, #2
 218 007e 1146     		mov	r1, r2
 219 0080 2046     		mov	r0, r4
 220 0082 FFF7FEFF 		bl	hci_le_set_default_phy
 221 0086 134D     		ldr	r5, .L31+12
 222 0088 0126     		movs	r6, #1
 223 008a 2E70     		strb	r6, [r5]
 224 008c 3046     		mov	r0, r6
 225 008e FFF7FEFF 		bl	aci_gap_set_io_capability
 226 0092 6E70     		strb	r6, [r5, #1]
 227 0094 0823     		movs	r3, #8
 228 0096 EB70     		strb	r3, [r5, #3]
 229 0098 1022     		movs	r2, #16
 230 009a 2A71     		strb	r2, [r5, #4]
 231 009c 4FF00001 		mov	r1, #0	@ movhi
 232 00a0 A970     		strb	r1, [r5, #2]
 233 00a2 0494     		str	r4, [sp, #16]
 234 00a4 0394     		str	r4, [sp, #12]
 235 00a6 0296     		str	r6, [sp, #8]
 236 00a8 0192     		str	r2, [sp, #4]
 237 00aa 0093     		str	r3, [sp]
ARM GAS  C:\Users\Nathan\AppData\Local\Temp\cczr934h.s 			page 5


 238 00ac 2346     		mov	r3, r4
 239 00ae 3246     		mov	r2, r6
 240 00b0 3146     		mov	r1, r6
 241 00b2 2046     		mov	r0, r4
 242 00b4 FFF7FEFF 		bl	aci_gap_set_authentication_requirement
 243 00b8 AB78     		ldrb	r3, [r5, #2]	@ zero_extendqisi2
 244 00ba 0BB9     		cbnz	r3, .L30
 245              	.L27:
 246 00bc 08B0     		add	sp, sp, #32
 247              		@ sp needed
 248 00be 70BD     		pop	{r4, r5, r6, pc}
 249              	.L30:
 250 00c0 FFF7FEFF 		bl	aci_gap_configure_filter_accept_list
 251 00c4 FAE7     		b	.L27
 252              	.L32:
 253 00c6 00BF     		.align	2
 254              	.L31:
 255 00c8 00000000 		.word	a_BLE_CfgIrValue
 256 00cc 00000000 		.word	a_BLE_CfgErValue
 257 00d0 00000000 		.word	.LC0
 258 00d4 00000000 		.word	BleApplicationContext
 260              		.section	.text.Adv_Request,"ax",%progbits
 261              		.align	1
 262              		.syntax unified
 263              		.thumb
 264              		.thumb_func
 266              	Adv_Request:
 267              		@ args = 0, pretend = 0, frame = 0
 268              		@ frame_needed = 0, uses_anonymous_args = 0
 269 0000 00B5     		push	{lr}
 270 0002 89B0     		sub	sp, sp, #36
 271 0004 0A4B     		ldr	r3, .L35
 272 0006 83F87400 		strb	r0, [r3, #116]
 273 000a 0020     		movs	r0, #0
 274 000c 0690     		str	r0, [sp, #24]
 275 000e 0590     		str	r0, [sp, #20]
 276 0010 0490     		str	r0, [sp, #16]
 277 0012 0390     		str	r0, [sp, #12]
 278 0014 0290     		str	r0, [sp, #8]
 279 0016 0190     		str	r0, [sp, #4]
 280 0018 0090     		str	r0, [sp]
 281 001a 0346     		mov	r3, r0
 282 001c A022     		movs	r2, #160
 283 001e 8021     		movs	r1, #128
 284 0020 FFF7FEFF 		bl	aci_gap_set_discoverable
 285 0024 0349     		ldr	r1, .L35+4
 286 0026 0C20     		movs	r0, #12
 287 0028 FFF7FEFF 		bl	aci_gap_update_adv_data
 288 002c 09B0     		add	sp, sp, #36
 289              		@ sp needed
 290 002e 00BD     		pop	{pc}
 291              	.L36:
 292              		.align	2
 293              	.L35:
 294 0030 00000000 		.word	BleApplicationContext
 295 0034 00000000 		.word	a_AdvData
 297              		.section	.text.APP_BLE_Init,"ax",%progbits
ARM GAS  C:\Users\Nathan\AppData\Local\Temp\cczr934h.s 			page 6


 298              		.align	1
 299              		.global	APP_BLE_Init
 300              		.syntax unified
 301              		.thumb
 302              		.thumb_func
 304              	APP_BLE_Init:
 305              		@ args = 0, pretend = 0, frame = 72
 306              		@ frame_needed = 0, uses_anonymous_args = 0
 307 0000 70B5     		push	{r4, r5, r6, lr}
 308 0002 92B0     		sub	sp, sp, #72
 309 0004 01AE     		add	r6, sp, #4
 310 0006 4322     		movs	r2, #67
 311 0008 0021     		movs	r1, #0
 312 000a 3046     		mov	r0, r6
 313 000c FFF7FEFF 		bl	memset
 314 0010 4423     		movs	r3, #68
 315 0012 ADF81830 		strh	r3, [sp, #24]	@ movhi
 316 0016 0823     		movs	r3, #8
 317 0018 ADF81A30 		strh	r3, [sp, #26]	@ movhi
 318 001c 4FF4A863 		mov	r3, #1344
 319 0020 ADF81C30 		strh	r3, [sp, #28]	@ movhi
 320 0024 0224     		movs	r4, #2
 321 0026 8DF81E40 		strb	r4, [sp, #30]
 322 002a 0125     		movs	r5, #1
 323 002c 8DF81F50 		strb	r5, [sp, #31]
 324 0030 1223     		movs	r3, #18
 325 0032 8DF82030 		strb	r3, [sp, #32]
 326 0036 2923     		movs	r3, #41
 327 0038 8DF82130 		strb	r3, [sp, #33]
 328 003c 9C23     		movs	r3, #156
 329 003e ADF82230 		strh	r3, [sp, #34]	@ movhi
 330 0042 4FF4FA73 		mov	r3, #500
 331 0046 ADF82430 		strh	r3, [sp, #36]	@ movhi
 332 004a 0423     		movs	r3, #4
 333 004c 8DF82730 		strb	r3, [sp, #39]
 334 0050 4FF0FF32 		mov	r2, #-1
 335 0054 0A92     		str	r2, [sp, #40]
 336 0056 4FF4A472 		mov	r2, #328
 337 005a ADF82C20 		strh	r2, [sp, #44]	@ movhi
 338 005e 8DF82E50 		strb	r5, [sp, #46]
 339 0062 2022     		movs	r2, #32
 340 0064 8DF83120 		strb	r2, [sp, #49]
 341 0068 0322     		movs	r2, #3
 342 006a 8DF83520 		strb	r2, [sp, #53]
 343 006e 40F27262 		movw	r2, #1650
 344 0072 ADF83620 		strh	r2, [sp, #54]	@ movhi
 345 0076 0D22     		movs	r2, #13
 346 0078 8DF83C20 		strb	r2, [sp, #60]
 347 007c 8DF83E30 		strb	r3, [sp, #62]
 348 0080 FFF7FEFF 		bl	Ble_Tl_Init
 349 0084 2946     		mov	r1, r5
 350 0086 2046     		mov	r0, r4
 351 0088 FFF7FEFF 		bl	UTIL_LPM_SetOffMode
 352 008c 134A     		ldr	r2, .L41
 353 008e 0021     		movs	r1, #0
 354 0090 2046     		mov	r0, r4
 355 0092 FFF7FEFF 		bl	UTIL_SEQ_RegTask
ARM GAS  C:\Users\Nathan\AppData\Local\Temp\cczr934h.s 			page 7


 356 0096 3046     		mov	r0, r6
 357 0098 FFF7FEFF 		bl	SHCI_C2_BLE_Init
 358 009c D8B9     		cbnz	r0, .L40
 359              	.L38:
 360 009e FFF7FEFF 		bl	Ble_Hci_Gap_Gatt_Init
 361 00a2 FFF7FEFF 		bl	SVCCTL_Init
 362 00a6 0E4C     		ldr	r4, .L41+4
 363 00a8 0025     		movs	r5, #0
 364 00aa 84F87450 		strb	r5, [r4, #116]
 365 00ae 4FF6FF73 		movw	r3, #65535
 366 00b2 A381     		strh	r3, [r4, #12]	@ movhi
 367 00b4 0B4A     		ldr	r2, .L41+8
 368 00b6 2946     		mov	r1, r5
 369 00b8 0120     		movs	r0, #1
 370 00ba FFF7FEFF 		bl	UTIL_SEQ_RegTask
 371 00be 0620     		movs	r0, #6
 372 00c0 FFF7FEFF 		bl	aci_hal_set_radio_activity_mask
 373 00c4 FFF7FEFF 		bl	Custom_APP_Init
 374 00c8 E573     		strb	r5, [r4, #15]
 375 00ca A573     		strb	r5, [r4, #14]
 376 00cc 0120     		movs	r0, #1
 377 00ce FFF7FEFF 		bl	Adv_Request
 378 00d2 12B0     		add	sp, sp, #72
 379              		@ sp needed
 380 00d4 70BD     		pop	{r4, r5, r6, pc}
 381              	.L40:
 382 00d6 FFF7FEFF 		bl	Error_Handler
 383 00da E0E7     		b	.L38
 384              	.L42:
 385              		.align	2
 386              	.L41:
 387 00dc 00000000 		.word	hci_user_evt_proc
 388 00e0 00000000 		.word	BleApplicationContext
 389 00e4 00000000 		.word	Adv_Cancel
 391              		.section	.text.SVCCTL_App_Notification,"ax",%progbits
 392              		.align	1
 393              		.global	SVCCTL_App_Notification
 394              		.syntax unified
 395              		.thumb
 396              		.thumb_func
 398              	SVCCTL_App_Notification:
 399              		@ args = 0, pretend = 0, frame = 0
 400              		@ frame_needed = 0, uses_anonymous_args = 0
 401 0000 08B5     		push	{r3, lr}
 402 0002 4378     		ldrb	r3, [r0, #1]	@ zero_extendqisi2
 403 0004 3E2B     		cmp	r3, #62
 404 0006 1BD0     		beq	.L44
 405 0008 FF2B     		cmp	r3, #255
 406 000a 35D0     		beq	.L45
 407 000c 052B     		cmp	r3, #5
 408 000e 0FD1     		bne	.L46
 409 0010 8288     		ldrh	r2, [r0, #4]	@ unaligned
 410 0012 294B     		ldr	r3, .L55
 411 0014 9B89     		ldrh	r3, [r3, #12]
 412 0016 9A42     		cmp	r2, r3
 413 0018 0CD0     		beq	.L53
 414              	.L47:
ARM GAS  C:\Users\Nathan\AppData\Local\Temp\cczr934h.s 			page 8


 415 001a 0120     		movs	r0, #1
 416 001c FFF7FEFF 		bl	Adv_Request
 417 0020 2648     		ldr	r0, .L55+4
 418 0022 0123     		movs	r3, #1
 419 0024 0370     		strb	r3, [r0]
 420 0026 244B     		ldr	r3, .L55
 421 0028 9B89     		ldrh	r3, [r3, #12]
 422 002a 4380     		strh	r3, [r0, #2]	@ movhi
 423 002c FFF7FEFF 		bl	Custom_APP_Notification
 424              	.L46:
 425 0030 0120     		movs	r0, #1
 426 0032 08BD     		pop	{r3, pc}
 427              	.L53:
 428 0034 204B     		ldr	r3, .L55
 429 0036 0022     		movs	r2, #0
 430 0038 9A81     		strh	r2, [r3, #12]	@ movhi
 431 003a 83F87420 		strb	r2, [r3, #116]
 432 003e ECE7     		b	.L47
 433              	.L44:
 434 0040 C378     		ldrb	r3, [r0, #3]	@ zero_extendqisi2
 435 0042 012B     		cmp	r3, #1
 436 0044 F4D1     		bne	.L46
 437 0046 1C4B     		ldr	r3, .L55
 438 0048 93F87430 		ldrb	r3, [r3, #116]	@ zero_extendqisi2
 439 004c 042B     		cmp	r3, #4
 440 004e 0ED0     		beq	.L54
 441 0050 194B     		ldr	r3, .L55
 442 0052 0522     		movs	r2, #5
 443 0054 83F87420 		strb	r2, [r3, #116]
 444              	.L49:
 445 0058 B0F80530 		ldrh	r3, [r0, #5]	@ unaligned
 446 005c 164A     		ldr	r2, .L55
 447 005e 9381     		strh	r3, [r2, #12]	@ movhi
 448 0060 1648     		ldr	r0, .L55+4
 449 0062 0022     		movs	r2, #0
 450 0064 0270     		strb	r2, [r0]
 451 0066 4380     		strh	r3, [r0, #2]	@ movhi
 452 0068 FFF7FEFF 		bl	Custom_APP_Notification
 453 006c E0E7     		b	.L46
 454              	.L54:
 455 006e 124B     		ldr	r3, .L55
 456 0070 0622     		movs	r2, #6
 457 0072 83F87420 		strb	r2, [r3, #116]
 458 0076 EFE7     		b	.L49
 459              	.L45:
 460 0078 B0F80330 		ldrh	r3, [r0, #3]	@ unaligned
 461 007c 40F20942 		movw	r2, #1033
 462 0080 9342     		cmp	r3, r2
 463 0082 0DD0     		beq	.L50
 464 0084 40F60E42 		movw	r2, #3086
 465 0088 9342     		cmp	r3, r2
 466 008a 0FD0     		beq	.L51
 467 008c 40F20242 		movw	r2, #1026
 468 0090 9342     		cmp	r3, r2
 469 0092 CDD1     		bne	.L46
 470 0094 0A49     		ldr	r1, .L55+8
 471 0096 084B     		ldr	r3, .L55
ARM GAS  C:\Users\Nathan\AppData\Local\Temp\cczr934h.s 			page 9


 472 0098 9889     		ldrh	r0, [r3, #12]
 473 009a FFF7FEFF 		bl	aci_gap_pass_key_resp
 474 009e C7E7     		b	.L46
 475              	.L50:
 476 00a0 0121     		movs	r1, #1
 477 00a2 054B     		ldr	r3, .L55
 478 00a4 9889     		ldrh	r0, [r3, #12]
 479 00a6 FFF7FEFF 		bl	aci_gap_numeric_comparison_value_confirm_yesno
 480 00aa C1E7     		b	.L46
 481              	.L51:
 482 00ac 024B     		ldr	r3, .L55
 483 00ae 9889     		ldrh	r0, [r3, #12]
 484 00b0 FFF7FEFF 		bl	aci_gatt_confirm_indication
 485 00b4 BCE7     		b	.L46
 486              	.L56:
 487 00b6 00BF     		.align	2
 488              	.L55:
 489 00b8 00000000 		.word	BleApplicationContext
 490 00bc 00000000 		.word	HandleNotification
 491 00c0 07B20100 		.word	111111
 493              		.section	.text.APP_BLE_Get_Server_Connection_Status,"ax",%progbits
 494              		.align	1
 495              		.global	APP_BLE_Get_Server_Connection_Status
 496              		.syntax unified
 497              		.thumb
 498              		.thumb_func
 500              	APP_BLE_Get_Server_Connection_Status:
 501              		@ args = 0, pretend = 0, frame = 0
 502              		@ frame_needed = 0, uses_anonymous_args = 0
 503              		@ link register save eliminated.
 504 0000 014B     		ldr	r3, .L58
 505 0002 93F87400 		ldrb	r0, [r3, #116]	@ zero_extendqisi2
 506 0006 7047     		bx	lr
 507              	.L59:
 508              		.align	2
 509              	.L58:
 510 0008 00000000 		.word	BleApplicationContext
 512              		.section	.text.hci_notify_asynch_evt,"ax",%progbits
 513              		.align	1
 514              		.global	hci_notify_asynch_evt
 515              		.syntax unified
 516              		.thumb
 517              		.thumb_func
 519              	hci_notify_asynch_evt:
 520              		@ args = 0, pretend = 0, frame = 0
 521              		@ frame_needed = 0, uses_anonymous_args = 0
 522 0000 08B5     		push	{r3, lr}
 523 0002 0021     		movs	r1, #0
 524 0004 0220     		movs	r0, #2
 525 0006 FFF7FEFF 		bl	UTIL_SEQ_SetTask
 526 000a 08BD     		pop	{r3, pc}
 528              		.section	.text.hci_cmd_resp_release,"ax",%progbits
 529              		.align	1
 530              		.global	hci_cmd_resp_release
 531              		.syntax unified
 532              		.thumb
 533              		.thumb_func
ARM GAS  C:\Users\Nathan\AppData\Local\Temp\cczr934h.s 			page 10


 535              	hci_cmd_resp_release:
 536              		@ args = 0, pretend = 0, frame = 0
 537              		@ frame_needed = 0, uses_anonymous_args = 0
 538 0000 08B5     		push	{r3, lr}
 539 0002 0120     		movs	r0, #1
 540 0004 FFF7FEFF 		bl	UTIL_SEQ_SetEvt
 541 0008 08BD     		pop	{r3, pc}
 543              		.section	.text.hci_cmd_resp_wait,"ax",%progbits
 544              		.align	1
 545              		.global	hci_cmd_resp_wait
 546              		.syntax unified
 547              		.thumb
 548              		.thumb_func
 550              	hci_cmd_resp_wait:
 551              		@ args = 0, pretend = 0, frame = 0
 552              		@ frame_needed = 0, uses_anonymous_args = 0
 553 0000 08B5     		push	{r3, lr}
 554 0002 0120     		movs	r0, #1
 555 0004 FFF7FEFF 		bl	UTIL_SEQ_WaitEvt
 556 0008 08BD     		pop	{r3, pc}
 558              		.section	.text.SVCCTL_ResumeUserEventFlow,"ax",%progbits
 559              		.align	1
 560              		.global	SVCCTL_ResumeUserEventFlow
 561              		.syntax unified
 562              		.thumb
 563              		.thumb_func
 565              	SVCCTL_ResumeUserEventFlow:
 566              		@ args = 0, pretend = 0, frame = 0
 567              		@ frame_needed = 0, uses_anonymous_args = 0
 568 0000 08B5     		push	{r3, lr}
 569 0002 FFF7FEFF 		bl	hci_resume_flow
 570 0006 08BD     		pop	{r3, pc}
 572              		.global	a_AdvData
 573              		.section	.data.a_AdvData,"aw"
 574              		.align	2
 577              	a_AdvData:
 578 0000 0B094379 		.ascii	"\013\011Cyberboard"
 578      62657262 
 578      6F617264 
 579              		.global	HandleNotification
 580              		.section	.bss.HandleNotification,"aw",%nobits
 581              		.align	2
 584              	HandleNotification:
 585 0000 00000000 		.space	4
 586              		.section	.bss.BleApplicationContext,"aw",%nobits
 587              		.align	2
 590              	BleApplicationContext:
 591 0000 00000000 		.space	118
 591      00000000 
 591      00000000 
 591      00000000 
 591      00000000 
 592              		.global	MagicKeywordAddress
 593              		.section	TAG_OTA_START,"a"
 594              		.align	2
 597              	MagicKeywordAddress:
 598 0000 00000000 		.word	MagicKeywordValue
ARM GAS  C:\Users\Nathan\AppData\Local\Temp\cczr934h.s 			page 11


 599              		.global	MagicKeywordValue
 600              		.section	TAG_OTA_END,"a"
 601              		.align	2
 604              	MagicKeywordValue:
 605 0000 298A4494 		.word	-1807447511
 606              		.section	.rodata.a_BLE_CfgErValue,"a"
 607              		.align	2
 610              	a_BLE_CfgErValue:
 611 0000 FEDCBA09 		.ascii	"\376\334\272\011\207eC!\376\334\272\011\207eC!"
 611      87654321 
 611      FEDCBA09 
 611      87654321 
 612              		.section	.rodata.a_BLE_CfgIrValue,"a"
 613              		.align	2
 616              	a_BLE_CfgIrValue:
 617 0000 12345678 		.ascii	"\0224Vx\232\274\336\360\0224Vx\232\274\336\360"
 617      9ABCDEF0 
 617      12345678 
 617      9ABCDEF0 
 618              		.section	.bss.a_BdAddrUdn,"aw",%nobits
 619              		.align	2
 622              	a_BdAddrUdn:
 623 0000 00000000 		.space	6
 623      0000
 624              		.section	.rodata.a_MBdAddr,"a"
 625              		.align	2
 628              	a_MBdAddr:
 629 0000 EEDDCCBB 		.ascii	"\356\335\314\273\252\021"
 629      AA11
 630              		.section	MB_MEM1,"aw"
 631              		.align	2
 634              	BleCmdBuffer:
 635 0000 00000000 		.space	267
 635      00000000 
 635      00000000 
 635      00000000 
 635      00000000 
 636              		.ident	"GCC: (xPack GNU Arm Embedded GCC x86_64) 15.2.1 20251203"
ARM GAS  C:\Users\Nathan\AppData\Local\Temp\cczr934h.s 			page 12


DEFINED SYMBOLS
                            *ABS*:00000000 app_ble.c
C:\Users\Nathan\AppData\Local\Temp\cczr934h.s:18     .text.Adv_Cancel:00000000 $t
C:\Users\Nathan\AppData\Local\Temp\cczr934h.s:23     .text.Adv_Cancel:00000000 Adv_Cancel
C:\Users\Nathan\AppData\Local\Temp\cczr934h.s:42     .text.Adv_Cancel:0000001c $d
C:\Users\Nathan\AppData\Local\Temp\cczr934h.s:590    .bss.BleApplicationContext:00000000 BleApplicationContext
C:\Users\Nathan\AppData\Local\Temp\cczr934h.s:45     .text.Ble_Tl_Init:00000000 $t
C:\Users\Nathan\AppData\Local\Temp\cczr934h.s:50     .text.Ble_Tl_Init:00000000 Ble_Tl_Init
C:\Users\Nathan\AppData\Local\Temp\cczr934h.s:68     .text.Ble_Tl_Init:00000018 $d
C:\Users\Nathan\AppData\Local\Temp\cczr934h.s:634    MB_MEM1:00000000 BleCmdBuffer
C:\Users\Nathan\AppData\Local\Temp\cczr934h.s:101    .text.BLE_StatusNot:00000000 BLE_StatusNot
C:\Users\Nathan\AppData\Local\Temp\cczr934h.s:78     .text.BLE_UserEvtRx:00000000 BLE_UserEvtRx
C:\Users\Nathan\AppData\Local\Temp\cczr934h.s:73     .text.BLE_UserEvtRx:00000000 $t
C:\Users\Nathan\AppData\Local\Temp\cczr934h.s:96     .text.BLE_StatusNot:00000000 $t
C:\Users\Nathan\AppData\Local\Temp\cczr934h.s:118    .text.BleGetBdAddress:00000000 $t
C:\Users\Nathan\AppData\Local\Temp\cczr934h.s:123    .text.BleGetBdAddress:00000000 BleGetBdAddress
C:\Users\Nathan\AppData\Local\Temp\cczr934h.s:155    .text.BleGetBdAddress:00000040 $d
C:\Users\Nathan\AppData\Local\Temp\cczr934h.s:622    .bss.a_BdAddrUdn:00000000 a_BdAddrUdn
C:\Users\Nathan\AppData\Local\Temp\cczr934h.s:628    .rodata.a_MBdAddr:00000000 a_MBdAddr
C:\Users\Nathan\AppData\Local\Temp\cczr934h.s:160    .rodata.Ble_Hci_Gap_Gatt_Init.str1.4:00000000 $d
C:\Users\Nathan\AppData\Local\Temp\cczr934h.s:164    .text.Ble_Hci_Gap_Gatt_Init:00000000 $t
C:\Users\Nathan\AppData\Local\Temp\cczr934h.s:169    .text.Ble_Hci_Gap_Gatt_Init:00000000 Ble_Hci_Gap_Gatt_Init
C:\Users\Nathan\AppData\Local\Temp\cczr934h.s:255    .text.Ble_Hci_Gap_Gatt_Init:000000c8 $d
C:\Users\Nathan\AppData\Local\Temp\cczr934h.s:616    .rodata.a_BLE_CfgIrValue:00000000 a_BLE_CfgIrValue
C:\Users\Nathan\AppData\Local\Temp\cczr934h.s:610    .rodata.a_BLE_CfgErValue:00000000 a_BLE_CfgErValue
C:\Users\Nathan\AppData\Local\Temp\cczr934h.s:261    .text.Adv_Request:00000000 $t
C:\Users\Nathan\AppData\Local\Temp\cczr934h.s:266    .text.Adv_Request:00000000 Adv_Request
C:\Users\Nathan\AppData\Local\Temp\cczr934h.s:294    .text.Adv_Request:00000030 $d
C:\Users\Nathan\AppData\Local\Temp\cczr934h.s:577    .data.a_AdvData:00000000 a_AdvData
C:\Users\Nathan\AppData\Local\Temp\cczr934h.s:298    .text.APP_BLE_Init:00000000 $t
C:\Users\Nathan\AppData\Local\Temp\cczr934h.s:304    .text.APP_BLE_Init:00000000 APP_BLE_Init
C:\Users\Nathan\AppData\Local\Temp\cczr934h.s:387    .text.APP_BLE_Init:000000dc $d
C:\Users\Nathan\AppData\Local\Temp\cczr934h.s:392    .text.SVCCTL_App_Notification:00000000 $t
C:\Users\Nathan\AppData\Local\Temp\cczr934h.s:398    .text.SVCCTL_App_Notification:00000000 SVCCTL_App_Notification
C:\Users\Nathan\AppData\Local\Temp\cczr934h.s:489    .text.SVCCTL_App_Notification:000000b8 $d
C:\Users\Nathan\AppData\Local\Temp\cczr934h.s:584    .bss.HandleNotification:00000000 HandleNotification
C:\Users\Nathan\AppData\Local\Temp\cczr934h.s:494    .text.APP_BLE_Get_Server_Connection_Status:00000000 $t
C:\Users\Nathan\AppData\Local\Temp\cczr934h.s:500    .text.APP_BLE_Get_Server_Connection_Status:00000000 APP_BLE_Get_Server_Connection_Status
C:\Users\Nathan\AppData\Local\Temp\cczr934h.s:510    .text.APP_BLE_Get_Server_Connection_Status:00000008 $d
C:\Users\Nathan\AppData\Local\Temp\cczr934h.s:513    .text.hci_notify_asynch_evt:00000000 $t
C:\Users\Nathan\AppData\Local\Temp\cczr934h.s:519    .text.hci_notify_asynch_evt:00000000 hci_notify_asynch_evt
C:\Users\Nathan\AppData\Local\Temp\cczr934h.s:529    .text.hci_cmd_resp_release:00000000 $t
C:\Users\Nathan\AppData\Local\Temp\cczr934h.s:535    .text.hci_cmd_resp_release:00000000 hci_cmd_resp_release
C:\Users\Nathan\AppData\Local\Temp\cczr934h.s:544    .text.hci_cmd_resp_wait:00000000 $t
C:\Users\Nathan\AppData\Local\Temp\cczr934h.s:550    .text.hci_cmd_resp_wait:00000000 hci_cmd_resp_wait
C:\Users\Nathan\AppData\Local\Temp\cczr934h.s:559    .text.SVCCTL_ResumeUserEventFlow:00000000 $t
C:\Users\Nathan\AppData\Local\Temp\cczr934h.s:565    .text.SVCCTL_ResumeUserEventFlow:00000000 SVCCTL_ResumeUserEventFlow
C:\Users\Nathan\AppData\Local\Temp\cczr934h.s:574    .data.a_AdvData:00000000 $d
C:\Users\Nathan\AppData\Local\Temp\cczr934h.s:581    .bss.HandleNotification:00000000 $d
C:\Users\Nathan\AppData\Local\Temp\cczr934h.s:587    .bss.BleApplicationContext:00000000 $d
C:\Users\Nathan\AppData\Local\Temp\cczr934h.s:597    TAG_OTA_START:00000000 MagicKeywordAddress
C:\Users\Nathan\AppData\Local\Temp\cczr934h.s:594    TAG_OTA_START:00000000 $d
C:\Users\Nathan\AppData\Local\Temp\cczr934h.s:604    TAG_OTA_END:00000000 MagicKeywordValue
C:\Users\Nathan\AppData\Local\Temp\cczr934h.s:601    TAG_OTA_END:00000000 $d
C:\Users\Nathan\AppData\Local\Temp\cczr934h.s:607    .rodata.a_BLE_CfgErValue:00000000 $d
C:\Users\Nathan\AppData\Local\Temp\cczr934h.s:613    .rodata.a_BLE_CfgIrValue:00000000 $d
C:\Users\Nathan\AppData\Local\Temp\cczr934h.s:619    .bss.a_BdAddrUdn:00000000 $d
ARM GAS  C:\Users\Nathan\AppData\Local\Temp\cczr934h.s 			page 13


C:\Users\Nathan\AppData\Local\Temp\cczr934h.s:625    .rodata.a_MBdAddr:00000000 $d
C:\Users\Nathan\AppData\Local\Temp\cczr934h.s:631    MB_MEM1:00000000 $d

UNDEFINED SYMBOLS
aci_gap_set_non_discoverable
hci_init
SVCCTL_UserEvtRx
UTIL_SEQ_ResumeTask
UTIL_SEQ_PauseTask
OTP_Read
hci_reset
aci_hal_write_config_data
aci_hal_set_tx_power_level
aci_gatt_init
aci_gap_init
aci_gatt_update_char_value
hci_le_set_default_phy
aci_gap_set_io_capability
aci_gap_set_authentication_requirement
aci_gap_configure_filter_accept_list
aci_gap_set_discoverable
aci_gap_update_adv_data
memset
UTIL_LPM_SetOffMode
UTIL_SEQ_RegTask
SHCI_C2_BLE_Init
SVCCTL_Init
aci_hal_set_radio_activity_mask
Custom_APP_Init
Error_Handler
hci_user_evt_proc
Custom_APP_Notification
aci_gap_pass_key_resp
aci_gap_numeric_comparison_value_confirm_yesno
aci_gatt_confirm_indication
UTIL_SEQ_SetTask
UTIL_SEQ_SetEvt
UTIL_SEQ_WaitEvt
hci_resume_flow
