ARM GAS  C:\Users\Nathan\AppData\Local\Temp\ccxgkhhO.s 			page 1


   1              		.cpu cortex-m4
   2              		.arch armv7e-m
   3              		.fpu fpv4-sp-d16
   4              		.eabi_attribute 27, 1
   5              		.eabi_attribute 28, 1
   6              		.eabi_attribute 20, 1
   7              		.eabi_attribute 21, 1
   8              		.eabi_attribute 23, 3
   9              		.eabi_attribute 24, 1
  10              		.eabi_attribute 25, 1
  11              		.eabi_attribute 26, 1
  12              		.eabi_attribute 30, 1
  13              		.eabi_attribute 34, 1
  14              		.eabi_attribute 18, 4
  15              		.file	"custom_app.c"
  16              		.text
  17              		.section	.text.Custom_STM_App_Notification,"ax",%progbits
  18              		.align	1
  19              		.global	Custom_STM_App_Notification
  20              		.syntax unified
  21              		.thumb
  22              		.thumb_func
  24              	Custom_STM_App_Notification:
  25              		@ args = 0, pretend = 0, frame = 0
  26              		@ frame_needed = 0, uses_anonymous_args = 0
  27              		@ link register save eliminated.
  28 0000 7047     		bx	lr
  30              		.section	.text.Custom_APP_Notification,"ax",%progbits
  31              		.align	1
  32              		.global	Custom_APP_Notification
  33              		.syntax unified
  34              		.thumb
  35              		.thumb_func
  37              	Custom_APP_Notification:
  38              		@ args = 0, pretend = 0, frame = 0
  39              		@ frame_needed = 0, uses_anonymous_args = 0
  40              		@ link register save eliminated.
  41 0000 7047     		bx	lr
  43              		.section	.text.Custom_APP_Init,"ax",%progbits
  44              		.align	1
  45              		.global	Custom_APP_Init
  46              		.syntax unified
  47              		.thumb
  48              		.thumb_func
  50              	Custom_APP_Init:
  51              		@ args = 0, pretend = 0, frame = 0
  52              		@ frame_needed = 0, uses_anonymous_args = 0
  53              		@ link register save eliminated.
  54 0000 7047     		bx	lr
  56              		.section	.text.Custom_Imu_data_Update_Char,"ax",%progbits
  57              		.align	1
  58              		.syntax unified
  59              		.thumb
  60              		.thumb_func
  62              	Custom_Imu_data_Update_Char:
  63              		@ args = 0, pretend = 0, frame = 0
  64              		@ frame_needed = 0, uses_anonymous_args = 0
ARM GAS  C:\Users\Nathan\AppData\Local\Temp\ccxgkhhO.s 			page 2


  65              		@ link register save eliminated.
  66 0000 7047     		bx	lr
  68              		.section	.text.Custom_Baro_data_Update_Char,"ax",%progbits
  69              		.align	1
  70              		.syntax unified
  71              		.thumb
  72              		.thumb_func
  74              	Custom_Baro_data_Update_Char:
  75              		@ args = 0, pretend = 0, frame = 0
  76              		@ frame_needed = 0, uses_anonymous_args = 0
  77              		@ link register save eliminated.
  78 0000 7047     		bx	lr
  80              		.global	Connection_Handle
  81              		.section	.bss.Connection_Handle,"aw",%nobits
  82              		.align	1
  85              	Connection_Handle:
  86 0000 0000     		.space	2
  87              		.global	NotifyCharData
  88              		.section	.bss.NotifyCharData,"aw",%nobits
  89              		.align	2
  92              	NotifyCharData:
  93 0000 00000000 		.space	512
  93      00000000 
  93      00000000 
  93      00000000 
  93      00000000 
  94              		.global	UpdateCharData
  95              		.section	.bss.UpdateCharData,"aw",%nobits
  96              		.align	2
  99              	UpdateCharData:
 100 0000 00000000 		.space	512
 100      00000000 
 100      00000000 
 100      00000000 
 100      00000000 
 101              		.ident	"GCC: (xPack GNU Arm Embedded GCC x86_64) 15.2.1 20251203"
ARM GAS  C:\Users\Nathan\AppData\Local\Temp\ccxgkhhO.s 			page 3


DEFINED SYMBOLS
                            *ABS*:00000000 custom_app.c
C:\Users\Nathan\AppData\Local\Temp\ccxgkhhO.s:18     .text.Custom_STM_App_Notification:00000000 $t
C:\Users\Nathan\AppData\Local\Temp\ccxgkhhO.s:24     .text.Custom_STM_App_Notification:00000000 Custom_STM_App_Notification
C:\Users\Nathan\AppData\Local\Temp\ccxgkhhO.s:31     .text.Custom_APP_Notification:00000000 $t
C:\Users\Nathan\AppData\Local\Temp\ccxgkhhO.s:37     .text.Custom_APP_Notification:00000000 Custom_APP_Notification
C:\Users\Nathan\AppData\Local\Temp\ccxgkhhO.s:44     .text.Custom_APP_Init:00000000 $t
C:\Users\Nathan\AppData\Local\Temp\ccxgkhhO.s:50     .text.Custom_APP_Init:00000000 Custom_APP_Init
C:\Users\Nathan\AppData\Local\Temp\ccxgkhhO.s:57     .text.Custom_Imu_data_Update_Char:00000000 $t
C:\Users\Nathan\AppData\Local\Temp\ccxgkhhO.s:62     .text.Custom_Imu_data_Update_Char:00000000 Custom_Imu_data_Update_Char
C:\Users\Nathan\AppData\Local\Temp\ccxgkhhO.s:69     .text.Custom_Baro_data_Update_Char:00000000 $t
C:\Users\Nathan\AppData\Local\Temp\ccxgkhhO.s:74     .text.Custom_Baro_data_Update_Char:00000000 Custom_Baro_data_Update_Char
C:\Users\Nathan\AppData\Local\Temp\ccxgkhhO.s:85     .bss.Connection_Handle:00000000 Connection_Handle
C:\Users\Nathan\AppData\Local\Temp\ccxgkhhO.s:82     .bss.Connection_Handle:00000000 $d
C:\Users\Nathan\AppData\Local\Temp\ccxgkhhO.s:92     .bss.NotifyCharData:00000000 NotifyCharData
C:\Users\Nathan\AppData\Local\Temp\ccxgkhhO.s:89     .bss.NotifyCharData:00000000 $d
C:\Users\Nathan\AppData\Local\Temp\ccxgkhhO.s:99     .bss.UpdateCharData:00000000 UpdateCharData
C:\Users\Nathan\AppData\Local\Temp\ccxgkhhO.s:96     .bss.UpdateCharData:00000000 $d

NO UNDEFINED SYMBOLS
