ARM GAS  C:\Users\Nathan\AppData\Local\Temp\ccoifGuu.s 			page 1


   1              		.cpu cortex-m4
   2              		.arch armv7e-m
   3              		.fpu fpv4-sp-d16
   4              		.eabi_attribute 27, 1
   5              		.eabi_attribute 28, 1
   6              		.eabi_attribute 20, 1
   7              		.eabi_attribute 21, 1
   8              		.eabi_attribute 23, 3
   9              		.eabi_attribute 24, 1
  10              		.eabi_attribute 25, 1
  11              		.eabi_attribute 26, 1
  12              		.eabi_attribute 30, 1
  13              		.eabi_attribute 34, 1
  14              		.eabi_attribute 18, 4
  15              		.file	"main.c"
  16              		.text
  17              		.section	.rodata.bmp_log.str1.4,"aMS",%progbits,1
  18              		.align	2
  19              	.LC0:
  20 0000 424D503A 		.ascii	"BMP: %s -> %d\015\012\000"
  20      20257320 
  20      2D3E2025 
  20      640D0A00 
  21              		.section	.text.bmp_log,"ax",%progbits
  22              		.align	1
  23              		.syntax unified
  24              		.thumb
  25              		.thumb_func
  27              	bmp_log:
  28              		@ args = 0, pretend = 0, frame = 0
  29              		@ frame_needed = 0, uses_anonymous_args = 0
  30 0000 10B5     		push	{r4, lr}
  31 0002 82B0     		sub	sp, sp, #8
  32 0004 0346     		mov	r3, r0
  33 0006 084C     		ldr	r4, .L3
  34 0008 0091     		str	r1, [sp]
  35 000a 084A     		ldr	r2, .L3+4
  36 000c 4FF48071 		mov	r1, #256
  37 0010 2046     		mov	r0, r4
  38 0012 FFF7FEFF 		bl	snprintf
  39 0016 81B2     		uxth	r1, r0
  40 0018 2046     		mov	r0, r4
  41 001a FFF7FEFF 		bl	CDC_Transmit_FS
  42 001e 0A20     		movs	r0, #10
  43 0020 FFF7FEFF 		bl	HAL_Delay
  44 0024 02B0     		add	sp, sp, #8
  45              		@ sp needed
  46 0026 10BD     		pop	{r4, pc}
  47              	.L4:
  48              		.align	2
  49              	.L3:
  50 0028 00000000 		.word	serial_buf
  51 002c 00000000 		.word	.LC0
  53              		.section	.rodata.BMP580_Setup.str1.4,"aMS",%progbits,1
  54              		.align	2
  55              	.LC1:
  56 0000 696E7465 		.ascii	"interface_init\000"
ARM GAS  C:\Users\Nathan\AppData\Local\Temp\ccoifGuu.s 			page 2


  56      72666163 
  56      655F696E 
  56      697400
  57 000f 00       		.align	2
  58              	.LC2:
  59 0010 6D616E75 		.ascii	"manual_reset_cmd\000"
  59      616C5F72 
  59      65736574 
  59      5F636D64 
  59      00
  60 0021 000000   		.align	2
  61              	.LC3:
  62 0024 626D7035 		.ascii	"bmp5_init\000"
  62      5F696E69 
  62      7400
  63 002e 0000     		.align	2
  64              	.LC4:
  65 0030 7365745F 		.ascii	"set_power_standby\000"
  65      706F7765 
  65      725F7374 
  65      616E6462 
  65      7900
  66 0042 0000     		.align	2
  67              	.LC5:
  68 0044 6765745F 		.ascii	"get_osr_odr_cfg\000"
  68      6F73725F 
  68      6F64725F 
  68      63666700 
  69              		.align	2
  70              	.LC6:
  71 0054 7365745F 		.ascii	"set_osr_odr_cfg\000"
  71      6F73725F 
  71      6F64725F 
  71      63666700 
  72              		.align	2
  73              	.LC7:
  74 0064 7365745F 		.ascii	"set_iir_config\000"
  74      6969725F 
  74      636F6E66 
  74      696700
  75 0073 00       		.align	2
  76              	.LC8:
  77 0074 636F6E66 		.ascii	"configure_interrupt\000"
  77      69677572 
  77      655F696E 
  77      74657272 
  77      75707400 
  78              		.align	2
  79              	.LC9:
  80 0088 696E745F 		.ascii	"int_source_select\000"
  80      736F7572 
  80      63655F73 
  80      656C6563 
  80      7400
  81 009a 0000     		.align	2
  82              	.LC10:
  83 009c 7365745F 		.ascii	"set_power_normal\000"
ARM GAS  C:\Users\Nathan\AppData\Local\Temp\ccoifGuu.s 			page 3


  83      706F7765 
  83      725F6E6F 
  83      726D616C 
  83      00
  84              		.section	.text.BMP580_Setup,"ax",%progbits
  85              		.align	1
  86              		.syntax unified
  87              		.thumb
  88              		.thumb_func
  90              	BMP580_Setup:
  91              		@ args = 0, pretend = 0, frame = 16
  92              		@ frame_needed = 0, uses_anonymous_args = 0
  93 0000 30B5     		push	{r4, r5, lr}
  94 0002 87B0     		sub	sp, sp, #28
  95 0004 4C49     		ldr	r1, .L13
  96 0006 4D48     		ldr	r0, .L13+4
  97 0008 FFF7FEFF 		bl	bmp5_interface_init
  98 000c 0446     		mov	r4, r0
  99 000e 0146     		mov	r1, r0
 100 0010 4B48     		ldr	r0, .L13+8
 101 0012 FFF7FEFF 		bl	bmp_log
 102 0016 14B1     		cbz	r4, .L12
 103              	.L6:
 104 0018 2046     		mov	r0, r4
 105 001a 07B0     		add	sp, sp, #28
 106              		@ sp needed
 107 001c 30BD     		pop	{r4, r5, pc}
 108              	.L12:
 109 001e B623     		movs	r3, #182
 110 0020 8DF80B30 		strb	r3, [sp, #11]
 111 0024 454B     		ldr	r3, .L13+4
 112 0026 0122     		movs	r2, #1
 113 0028 0DF10B01 		add	r1, sp, #11
 114 002c 7E20     		movs	r0, #126
 115 002e FFF7FEFF 		bl	bmp5_set_regs
 116 0032 0446     		mov	r4, r0
 117 0034 0146     		mov	r1, r0
 118 0036 4348     		ldr	r0, .L13+12
 119 0038 FFF7FEFF 		bl	bmp_log
 120 003c 002C     		cmp	r4, #0
 121 003e EBD1     		bne	.L6
 122 0040 0520     		movs	r0, #5
 123 0042 FFF7FEFF 		bl	HAL_Delay
 124 0046 2546     		mov	r5, r4
 125              	.L8:
 126 0048 022D     		cmp	r5, #2
 127 004a 0DDC     		bgt	.L9
 128 004c 3B48     		ldr	r0, .L13+4
 129 004e FFF7FEFF 		bl	bmp5_init
 130 0052 0446     		mov	r4, r0
 131 0054 0146     		mov	r1, r0
 132 0056 3C48     		ldr	r0, .L13+16
 133 0058 FFF7FEFF 		bl	bmp_log
 134 005c 24B1     		cbz	r4, .L9
 135 005e 0A20     		movs	r0, #10
 136 0060 FFF7FEFF 		bl	HAL_Delay
 137 0064 0135     		adds	r5, r5, #1
ARM GAS  C:\Users\Nathan\AppData\Local\Temp\ccoifGuu.s 			page 4


 138 0066 EFE7     		b	.L8
 139              	.L9:
 140 0068 002C     		cmp	r4, #0
 141 006a D5D1     		bne	.L6
 142 006c 3349     		ldr	r1, .L13+4
 143 006e 2046     		mov	r0, r4
 144 0070 FFF7FEFF 		bl	bmp5_set_power_mode
 145 0074 0446     		mov	r4, r0
 146 0076 0146     		mov	r1, r0
 147 0078 3448     		ldr	r0, .L13+20
 148 007a FFF7FEFF 		bl	bmp_log
 149 007e 002C     		cmp	r4, #0
 150 0080 CAD1     		bne	.L6
 151 0082 2E49     		ldr	r1, .L13+4
 152 0084 3248     		ldr	r0, .L13+24
 153 0086 FFF7FEFF 		bl	bmp5_get_osr_odr_press_config
 154 008a 0446     		mov	r4, r0
 155 008c 0146     		mov	r1, r0
 156 008e 3148     		ldr	r0, .L13+28
 157 0090 FFF7FEFF 		bl	bmp_log
 158 0094 002C     		cmp	r4, #0
 159 0096 BFD1     		bne	.L6
 160 0098 2D48     		ldr	r0, .L13+24
 161 009a 0F23     		movs	r3, #15
 162 009c C370     		strb	r3, [r0, #3]
 163 009e 0123     		movs	r3, #1
 164 00a0 8370     		strb	r3, [r0, #2]
 165 00a2 0623     		movs	r3, #6
 166 00a4 0370     		strb	r3, [r0]
 167 00a6 0223     		movs	r3, #2
 168 00a8 4370     		strb	r3, [r0, #1]
 169 00aa 2449     		ldr	r1, .L13+4
 170 00ac FFF7FEFF 		bl	bmp5_set_osr_odr_press_config
 171 00b0 0446     		mov	r4, r0
 172 00b2 0146     		mov	r1, r0
 173 00b4 2848     		ldr	r0, .L13+32
 174 00b6 FFF7FEFF 		bl	bmp_log
 175 00ba 002C     		cmp	r4, #0
 176 00bc ACD1     		bne	.L6
 177 00be 0123     		movs	r3, #1
 178 00c0 8DF81030 		strb	r3, [sp, #16]
 179 00c4 8DF81130 		strb	r3, [sp, #17]
 180 00c8 8DF81230 		strb	r3, [sp, #18]
 181 00cc 8DF81330 		strb	r3, [sp, #19]
 182 00d0 1A49     		ldr	r1, .L13+4
 183 00d2 04A8     		add	r0, sp, #16
 184 00d4 FFF7FEFF 		bl	bmp5_set_iir_config
 185 00d8 0446     		mov	r4, r0
 186 00da 0146     		mov	r1, r0
 187 00dc 1F48     		ldr	r0, .L13+36
 188 00de FFF7FEFF 		bl	bmp_log
 189 00e2 002C     		cmp	r4, #0
 190 00e4 98D1     		bne	.L6
 191 00e6 154B     		ldr	r3, .L13+4
 192 00e8 0093     		str	r3, [sp]
 193 00ea 0123     		movs	r3, #1
 194 00ec 2246     		mov	r2, r4
ARM GAS  C:\Users\Nathan\AppData\Local\Temp\ccoifGuu.s 			page 5


 195 00ee 1946     		mov	r1, r3
 196 00f0 2046     		mov	r0, r4
 197 00f2 FFF7FEFF 		bl	bmp5_configure_interrupt
 198 00f6 0446     		mov	r4, r0
 199 00f8 0146     		mov	r1, r0
 200 00fa 1948     		ldr	r0, .L13+40
 201 00fc FFF7FEFF 		bl	bmp_log
 202 0100 002C     		cmp	r4, #0
 203 0102 89D1     		bne	.L6
 204 0104 0394     		str	r4, [sp, #12]
 205 0106 0123     		movs	r3, #1
 206 0108 8DF80C30 		strb	r3, [sp, #12]
 207 010c 0B49     		ldr	r1, .L13+4
 208 010e 03A8     		add	r0, sp, #12
 209 0110 FFF7FEFF 		bl	bmp5_int_source_select
 210 0114 0446     		mov	r4, r0
 211 0116 0146     		mov	r1, r0
 212 0118 1248     		ldr	r0, .L13+44
 213 011a FFF7FEFF 		bl	bmp_log
 214 011e 002C     		cmp	r4, #0
 215 0120 7FF47AAF 		bne	.L6
 216 0124 0549     		ldr	r1, .L13+4
 217 0126 0120     		movs	r0, #1
 218 0128 FFF7FEFF 		bl	bmp5_set_power_mode
 219 012c 0446     		mov	r4, r0
 220 012e 0146     		mov	r1, r0
 221 0130 0D48     		ldr	r0, .L13+48
 222 0132 FFF7FEFF 		bl	bmp_log
 223 0136 6FE7     		b	.L6
 224              	.L14:
 225              		.align	2
 226              	.L13:
 227 0138 00000000 		.word	hi2c1
 228 013c 00000000 		.word	bmp5
 229 0140 00000000 		.word	.LC1
 230 0144 10000000 		.word	.LC2
 231 0148 24000000 		.word	.LC3
 232 014c 30000000 		.word	.LC4
 233 0150 00000000 		.word	bmp5_osr_cfg
 234 0154 44000000 		.word	.LC5
 235 0158 54000000 		.word	.LC6
 236 015c 64000000 		.word	.LC7
 237 0160 74000000 		.word	.LC8
 238 0164 88000000 		.word	.LC9
 239 0168 9C000000 		.word	.LC10
 241              		.section	.text.dbg_print,"ax",%progbits
 242              		.align	1
 243              		.syntax unified
 244              		.thumb
 245              		.thumb_func
 247              	dbg_print:
 248              		@ args = 0, pretend = 0, frame = 0
 249              		@ frame_needed = 0, uses_anonymous_args = 0
 250 0000 10B5     		push	{r4, lr}
 251 0002 0446     		mov	r4, r0
 252 0004 FFF7FEFF 		bl	strlen
 253 0008 81B2     		uxth	r1, r0
ARM GAS  C:\Users\Nathan\AppData\Local\Temp\ccoifGuu.s 			page 6


 254 000a 2046     		mov	r0, r4
 255 000c FFF7FEFF 		bl	CDC_Transmit_FS
 256 0010 0A20     		movs	r0, #10
 257 0012 FFF7FEFF 		bl	HAL_Delay
 258 0016 10BD     		pop	{r4, pc}
 260              		.section	.text.Error_Handler,"ax",%progbits
 261              		.align	1
 262              		.global	Error_Handler
 263              		.syntax unified
 264              		.thumb
 265              		.thumb_func
 267              	Error_Handler:
 268              		@ Volatile: function does not return.
 269              		@ args = 0, pretend = 0, frame = 0
 270              		@ frame_needed = 0, uses_anonymous_args = 0
 271              		@ link register save eliminated.
 272              		.syntax unified
 273              	@ 209 "Drivers/CMSIS/Include/cmsis_gcc.h" 1
 274 0000 72B6     		cpsid i
 275              	@ 0 "" 2
 276              		.thumb
 277              		.syntax unified
 278              	.L18:
 279 0002 FEE7     		b	.L18
 281              		.section	.text.SystemClock_Config,"ax",%progbits
 282              		.align	1
 283              		.global	SystemClock_Config
 284              		.syntax unified
 285              		.thumb
 286              		.thumb_func
 288              	SystemClock_Config:
 289              		@ args = 0, pretend = 0, frame = 104
 290              		@ frame_needed = 0, uses_anonymous_args = 0
 291 0000 30B5     		push	{r4, r5, lr}
 292 0002 9BB0     		sub	sp, sp, #108
 293 0004 08AD     		add	r5, sp, #32
 294 0006 4822     		movs	r2, #72
 295 0008 0021     		movs	r1, #0
 296 000a 2846     		mov	r0, r5
 297 000c FFF7FEFF 		bl	memset
 298 0010 0024     		movs	r4, #0
 299 0012 0194     		str	r4, [sp, #4]
 300 0014 0294     		str	r4, [sp, #8]
 301 0016 0394     		str	r4, [sp, #12]
 302 0018 0494     		str	r4, [sp, #16]
 303 001a 0594     		str	r4, [sp, #20]
 304 001c 0694     		str	r4, [sp, #24]
 305 001e 0794     		str	r4, [sp, #28]
 306 0020 FFF7FEFF 		bl	HAL_PWR_EnableBkUpAccess
 307 0024 4FF0B042 		mov	r2, #1476395008
 308 0028 D2F89030 		ldr	r3, [r2, #144]
 309 002c 23F01803 		bic	r3, r3, #24
 310 0030 43F01003 		orr	r3, r3, #16
 311 0034 C2F89030 		str	r3, [r2, #144]
 312 0038 02F58062 		add	r2, r2, #1024
 313 003c 1368     		ldr	r3, [r2]
 314 003e 23F4C063 		bic	r3, r3, #1536
ARM GAS  C:\Users\Nathan\AppData\Local\Temp\ccoifGuu.s 			page 7


 315 0042 43F40073 		orr	r3, r3, #512
 316 0046 1360     		str	r3, [r2]
 317 0048 1368     		ldr	r3, [r2]
 318 004a 03F4C063 		and	r3, r3, #1536
 319 004e 0093     		str	r3, [sp]
 320 0050 009B     		ldr	r3, [sp]
 321 0052 2F23     		movs	r3, #47
 322 0054 0893     		str	r3, [sp, #32]
 323 0056 4FF48033 		mov	r3, #65536
 324 005a 0993     		str	r3, [sp, #36]
 325 005c 0123     		movs	r3, #1
 326 005e 0A93     		str	r3, [sp, #40]
 327 0060 4FF48072 		mov	r2, #256
 328 0064 0B92     		str	r2, [sp, #44]
 329 0066 0F93     		str	r3, [sp, #60]
 330 0068 4022     		movs	r2, #64
 331 006a 0C92     		str	r2, [sp, #48]
 332 006c 1094     		str	r4, [sp, #64]
 333 006e 6022     		movs	r2, #96
 334 0070 1192     		str	r2, [sp, #68]
 335 0072 0522     		movs	r2, #5
 336 0074 0D92     		str	r2, [sp, #52]
 337 0076 0222     		movs	r2, #2
 338 0078 1392     		str	r2, [sp, #76]
 339 007a 1493     		str	r3, [sp, #80]
 340 007c 1594     		str	r4, [sp, #84]
 341 007e 2023     		movs	r3, #32
 342 0080 1693     		str	r3, [sp, #88]
 343 0082 4FF40033 		mov	r3, #131072
 344 0086 1793     		str	r3, [sp, #92]
 345 0088 4FF00053 		mov	r3, #536870912
 346 008c 1993     		str	r3, [sp, #100]
 347 008e 4FF00073 		mov	r3, #33554432
 348 0092 1893     		str	r3, [sp, #96]
 349 0094 2846     		mov	r0, r5
 350 0096 FFF7FEFF 		bl	HAL_RCC_OscConfig
 351 009a 88B9     		cbnz	r0, .L23
 352 009c 6F23     		movs	r3, #111
 353 009e 0193     		str	r3, [sp, #4]
 354 00a0 0321     		movs	r1, #3
 355 00a2 0291     		str	r1, [sp, #8]
 356 00a4 0390     		str	r0, [sp, #12]
 357 00a6 0490     		str	r0, [sp, #16]
 358 00a8 0590     		str	r0, [sp, #20]
 359 00aa 8022     		movs	r2, #128
 360 00ac 0692     		str	r2, [sp, #24]
 361 00ae 0790     		str	r0, [sp, #28]
 362 00b0 01A8     		add	r0, sp, #4
 363 00b2 FFF7FEFF 		bl	HAL_RCC_ClockConfig
 364 00b6 28B9     		cbnz	r0, .L24
 365 00b8 FFF7FEFF 		bl	HAL_RCCEx_EnableMSIPLLMode
 366 00bc 1BB0     		add	sp, sp, #108
 367              		@ sp needed
 368 00be 30BD     		pop	{r4, r5, pc}
 369              	.L23:
 370 00c0 FFF7FEFF 		bl	Error_Handler
 371              	.L24:
ARM GAS  C:\Users\Nathan\AppData\Local\Temp\ccoifGuu.s 			page 8


 372 00c4 FFF7FEFF 		bl	Error_Handler
 374              		.section	.text.PeriphCommonClock_Config,"ax",%progbits
 375              		.align	1
 376              		.global	PeriphCommonClock_Config
 377              		.syntax unified
 378              		.thumb
 379              		.thumb_func
 381              	PeriphCommonClock_Config:
 382              		@ args = 0, pretend = 0, frame = 80
 383              		@ frame_needed = 0, uses_anonymous_args = 0
 384 0000 10B5     		push	{r4, lr}
 385 0002 94B0     		sub	sp, sp, #80
 386 0004 5022     		movs	r2, #80
 387 0006 0021     		movs	r1, #0
 388 0008 6846     		mov	r0, sp
 389 000a FFF7FEFF 		bl	memset
 390 000e 4FF44053 		mov	r3, #12288
 391 0012 0093     		str	r3, [sp]
 392 0014 4FF44043 		mov	r3, #49152
 393 0018 1193     		str	r3, [sp, #68]
 394 001a 1023     		movs	r3, #16
 395 001c 1393     		str	r3, [sp, #76]
 396 001e 6846     		mov	r0, sp
 397 0020 FFF7FEFF 		bl	HAL_RCCEx_PeriphCLKConfig
 398 0024 08B9     		cbnz	r0, .L28
 399 0026 14B0     		add	sp, sp, #80
 400              		@ sp needed
 401 0028 10BD     		pop	{r4, pc}
 402              	.L28:
 403 002a FFF7FEFF 		bl	Error_Handler
 405              		.section	.rodata.main.str1.4,"aMS",%progbits,1
 406              		.align	2
 407              	.LC11:
 408 0000 3D3D3D20 		.ascii	"=== Cyberboard startup ===\015\012\000"
 408      43796265 
 408      72626F61 
 408      72642073 
 408      74617274 
 409 001d 000000   		.align	2
 410              	.LC12:
 411 0020 5B4F4B5D 		.ascii	"[OK] HAL, clocks, IPCC, peripherals initialized\015"
 411      2048414C 
 411      2C20636C 
 411      6F636B73 
 411      2C204950 
 412 0050 0A00     		.ascii	"\012\000"
 413 0052 0000     		.align	2
 414              	.LC13:
 415 0054 5B20205D 		.ascii	"[  ] I2C bus scan...\015\012\000"
 415      20493243 
 415      20627573 
 415      20736361 
 415      6E2E2E2E 
 416 006b 00       		.align	2
 417              	.LC14:
 418 006c 49324320 		.ascii	"I2C scan:\015\012\000"
 418      7363616E 
ARM GAS  C:\Users\Nathan\AppData\Local\Temp\ccoifGuu.s 			page 9


 418      3A0D0A00 
 419              		.align	2
 420              	.LC15:
 421 0078 20203078 		.ascii	"  0x%02X ACK\015\012\000"
 421      25303258 
 421      2041434B 
 421      0D0A00
 422 0087 00       		.align	2
 423              	.LC16:
 424 0088 20204E6F 		.ascii	"  No devices found!\015\012\000"
 424      20646576 
 424      69636573 
 424      20666F75 
 424      6E64210D 
 425 009e 0000     		.align	2
 426              	.LC17:
 427 00a0 49324320 		.ascii	"I2C scan done (%d found)\015\012\000"
 427      7363616E 
 427      20646F6E 
 427      65202825 
 427      6420666F 
 428 00bb 00       		.align	2
 429              	.LC18:
 430 00bc 5B20205D 		.ascii	"[  ] ICM-42688-PC setup...\015\012\000"
 430      2049434D 
 430      2D343236 
 430      38382D50 
 430      43207365 
 431 00d9 000000   		.align	2
 432              	.LC19:
 433 00dc 49434D34 		.ascii	"ICM42688-PC WHO_AM_I: 0x%02X (expect 0x%02X)\015\012"
 433      32363838 
 433      2D504320 
 433      57484F5F 
 433      414D5F49 
 434 010a 00       		.ascii	"\000"
 435 010b 00       		.align	2
 436              	.LC20:
 437 010c 49434D34 		.ascii	"ICM42688-PC init rc: %d\015\012\000"
 437      32363838 
 437      2D504320 
 437      696E6974 
 437      2072633A 
 438 0126 0000     		.align	2
 439              	.LC21:
 440 0128 5B20205D 		.ascii	"[  ] Calibrating (hold still)...\015\012\000"
 440      2043616C 
 440      69627261 
 440      74696E67 
 440      2028686F 
 441 014b 00       		.align	2
 442              	.LC22:
 443 014c 5B4F4B5D 		.ascii	"[OK] Kalman filters initialized\015\012\000"
 443      204B616C 
 443      6D616E20 
 443      66696C74 
 443      65727320 
ARM GAS  C:\Users\Nathan\AppData\Local\Temp\ccoifGuu.s 			page 10


 444 016e 0000     		.align	2
 445              	.LC23:
 446 0170 5B20205D 		.ascii	"[  ] BMP580 setup...\015\012\000"
 446      20424D50 
 446      35383020 
 446      73657475 
 446      702E2E2E 
 447 0187 00       		.align	2
 448              	.LC24:
 449 0188 424D5035 		.ascii	"BMP580 init error: %d\015\012\000"
 449      38302069 
 449      6E697420 
 449      6572726F 
 449      723A2025 
 450              		.align	2
 451              	.LC25:
 452 01a0 5B4F4B5D 		.ascii	"[OK] Entering main loop\015\012\000"
 452      20456E74 
 452      6572696E 
 452      67206D61 
 452      696E206C 
 453 01ba 0000     		.align	2
 454              	.LC26:
 455 01bc 413A252E 		.ascii	"A:%.2f,%.2f,%.2f G:%.1f,%.1f,%.1f T:%.1f P:%.2f R:%"
 455      32662C25 
 455      2E32662C 
 455      252E3266 
 455      20473A25 
 456 01ef 2E32660D 		.ascii	".2f\015\012\000"
 456      0A00
 457 01f5 000000   		.align	2
 458              	.LC27:
 459 01f8 503A252E 		.ascii	"P:%.2f Pa  T:%.2f C\015\012\000"
 459      32662050 
 459      61202054 
 459      3A252E32 
 459      6620430D 
 460              		.section	.text.main,"ax",%progbits
 461              		.align	1
 462              		.global	main
 463              		.syntax unified
 464              		.thumb
 465              		.thumb_func
 467              	main:
 468              		@ args = 0, pretend = 0, frame = 32
 469              		@ frame_needed = 0, uses_anonymous_args = 0
 470 0000 2DE9F043 		push	{r4, r5, r6, r7, r8, r9, lr}
 471 0004 2DED088B 		vpush.64	{d8, d9, d10, d11}
 472 0008 9BB0     		sub	sp, sp, #108
 473 000a FFF7FEFF 		bl	HAL_Init
 474 000e FFF7FEFF 		bl	MX_APPE_Config
 475 0012 FFF7FEFF 		bl	SystemClock_Config
 476 0016 FFF7FEFF 		bl	PeriphCommonClock_Config
 477 001a FFF7FEFF 		bl	MX_IPCC_Init
 478 001e FFF7FEFF 		bl	MX_GPIO_Init
 479 0022 FFF7FEFF 		bl	MX_I2C1_Init
 480 0026 FFF7FEFF 		bl	MX_SPI1_Init
ARM GAS  C:\Users\Nathan\AppData\Local\Temp\ccoifGuu.s 			page 11


 481 002a FFF7FEFF 		bl	MX_USB_Device_Init
 482 002e FFF7FEFF 		bl	MX_RTC_Init
 483 0032 FFF7FEFF 		bl	MX_RF_Init
 484 0036 4FF4FA60 		mov	r0, #2000
 485 003a FFF7FEFF 		bl	HAL_Delay
 486 003e A248     		ldr	r0, .L52
 487 0040 FFF7FEFF 		bl	dbg_print
 488 0044 A148     		ldr	r0, .L52+4
 489 0046 FFF7FEFF 		bl	dbg_print
 490 004a A148     		ldr	r0, .L52+8
 491 004c FFF7FEFF 		bl	dbg_print
 492 0050 A04B     		ldr	r3, .L52+12
 493 0052 A14A     		ldr	r2, .L52+16
 494 0054 07CA     		ldm	r2, {r0, r1, r2}
 495 0056 83E80700 		stm	r3, {r0, r1, r2}
 496 005a 0B21     		movs	r1, #11
 497 005c 1846     		mov	r0, r3
 498 005e FFF7FEFF 		bl	CDC_Transmit_FS
 499 0062 0A20     		movs	r0, #10
 500 0064 FFF7FEFF 		bl	HAL_Delay
 501 0068 0824     		movs	r4, #8
 502 006a 0025     		movs	r5, #0
 503 006c 01E0     		b	.L30
 504              	.L31:
 505 006e 0134     		adds	r4, r4, #1
 506 0070 E4B2     		uxtb	r4, r4
 507              	.L30:
 508 0072 772C     		cmp	r4, #119
 509 0074 19D8     		bhi	.L48
 510 0076 0A23     		movs	r3, #10
 511 0078 0222     		movs	r2, #2
 512 007a 6100     		lsls	r1, r4, #1
 513 007c 9748     		ldr	r0, .L52+20
 514 007e FFF7FEFF 		bl	HAL_I2C_IsDeviceReady
 515 0082 0028     		cmp	r0, #0
 516 0084 F3D1     		bne	.L31
 517 0086 934E     		ldr	r6, .L52+12
 518 0088 2346     		mov	r3, r4
 519 008a 954A     		ldr	r2, .L52+24
 520 008c 4FF48071 		mov	r1, #256
 521 0090 3046     		mov	r0, r6
 522 0092 FFF7FEFF 		bl	snprintf
 523 0096 0C21     		movs	r1, #12
 524 0098 3046     		mov	r0, r6
 525 009a FFF7FEFF 		bl	CDC_Transmit_FS
 526 009e 0A20     		movs	r0, #10
 527 00a0 FFF7FEFF 		bl	HAL_Delay
 528 00a4 0135     		adds	r5, r5, #1
 529 00a6 EDB2     		uxtb	r5, r5
 530 00a8 E1E7     		b	.L31
 531              	.L48:
 532 00aa 002D     		cmp	r5, #0
 533 00ac 4CD0     		beq	.L49
 534              	.L33:
 535 00ae 894C     		ldr	r4, .L52+12
 536 00b0 2B46     		mov	r3, r5
 537 00b2 8C4A     		ldr	r2, .L52+28
ARM GAS  C:\Users\Nathan\AppData\Local\Temp\ccoifGuu.s 			page 12


 538 00b4 4FF48071 		mov	r1, #256
 539 00b8 2046     		mov	r0, r4
 540 00ba FFF7FEFF 		bl	snprintf
 541 00be 81B2     		uxth	r1, r0
 542 00c0 2046     		mov	r0, r4
 543 00c2 FFF7FEFF 		bl	CDC_Transmit_FS
 544 00c6 0A20     		movs	r0, #10
 545 00c8 FFF7FEFF 		bl	HAL_Delay
 546 00cc 8648     		ldr	r0, .L52+32
 547 00ce FFF7FEFF 		bl	dbg_print
 548 00d2 864D     		ldr	r5, .L52+36
 549 00d4 864B     		ldr	r3, .L52+40
 550 00d6 2B60     		str	r3, [r5]
 551 00d8 864B     		ldr	r3, .L52+44
 552 00da 6B60     		str	r3, [r5, #4]
 553 00dc 0223     		movs	r3, #2
 554 00de 2B81     		strh	r3, [r5, #8]	@ movhi
 555 00e0 2846     		mov	r0, r5
 556 00e2 FFF7FEFF 		bl	ICM42688_WhoAmI
 557 00e6 0346     		mov	r3, r0
 558 00e8 0522     		movs	r2, #5
 559 00ea 0092     		str	r2, [sp]
 560 00ec 824A     		ldr	r2, .L52+48
 561 00ee 4FF48071 		mov	r1, #256
 562 00f2 2046     		mov	r0, r4
 563 00f4 FFF7FEFF 		bl	snprintf
 564 00f8 2A21     		movs	r1, #42
 565 00fa 2046     		mov	r0, r4
 566 00fc FFF7FEFF 		bl	CDC_Transmit_FS
 567 0100 0A20     		movs	r0, #10
 568 0102 FFF7FEFF 		bl	HAL_Delay
 569 0106 2846     		mov	r0, r5
 570 0108 FFF7FEFF 		bl	ICM42688_Init
 571 010c 0346     		mov	r3, r0
 572 010e 7B4A     		ldr	r2, .L52+52
 573 0110 4FF48071 		mov	r1, #256
 574 0114 2046     		mov	r0, r4
 575 0116 FFF7FEFF 		bl	snprintf
 576 011a 81B2     		uxth	r1, r0
 577 011c 2046     		mov	r0, r4
 578 011e FFF7FEFF 		bl	CDC_Transmit_FS
 579 0122 0A20     		movs	r0, #10
 580 0124 FFF7FEFF 		bl	HAL_Delay
 581 0128 7548     		ldr	r0, .L52+56
 582 012a FFF7FEFF 		bl	dbg_print
 583 012e 0024     		movs	r4, #0
 584 0130 2646     		mov	r6, r4
 585 0132 DFED749A 		vldr.32	s19, .L52+60
 586 0136 B0EE69AA 		vmov.f32	s20, s19
 587 013a F0EE69AA 		vmov.f32	s21, s19
 588 013e B0EE69BA 		vmov.f32	s22, s19
 589 0142 F0EE69BA 		vmov.f32	s23, s19
 590 0146 15E0     		b	.L34
 591              	.L49:
 592 0148 624F     		ldr	r7, .L52+12
 593 014a 3C46     		mov	r4, r7
 594 014c 6E4E     		ldr	r6, .L52+64
ARM GAS  C:\Users\Nathan\AppData\Local\Temp\ccoifGuu.s 			page 13


 595 014e 0FCE     		ldmia	r6!, {r0, r1, r2, r3}
 596 0150 0FC4     		stmia	r4!, {r0, r1, r2, r3}
 597 0152 96E80300 		ldm	r6, {r0, r1}
 598 0156 44F8040B 		str	r0, [r4], #4
 599 015a 2180     		strh	r1, [r4]	@ movhi
 600 015c 1521     		movs	r1, #21
 601 015e 3846     		mov	r0, r7
 602 0160 FFF7FEFF 		bl	CDC_Transmit_FS
 603 0164 0A20     		movs	r0, #10
 604 0166 FFF7FEFF 		bl	HAL_Delay
 605 016a A0E7     		b	.L33
 606              	.L35:
 607 016c 0220     		movs	r0, #2
 608 016e FFF7FEFF 		bl	HAL_Delay
 609 0172 0134     		adds	r4, r4, #1
 610              	.L34:
 611 0174 1F2C     		cmp	r4, #31
 612 0176 38DC     		bgt	.L50
 613 0178 6449     		ldr	r1, .L52+68
 614 017a 5C48     		ldr	r0, .L52+36
 615 017c FFF7FEFF 		bl	ICM42688_ReadOnce
 616 0180 0028     		cmp	r0, #0
 617 0182 F3D1     		bne	.L35
 618 0184 614D     		ldr	r5, .L52+68
 619 0186 95ED008A 		vldr.32	s16, [r5]
 620 018a 95ED019A 		vldr.32	s18, [r5, #4]
 621 018e 29EE090A 		vmul.f32	s0, s18, s18
 622 0192 D5ED028A 		vldr.32	s17, [r5, #8]
 623 0196 68EEA88A 		vmul.f32	s17, s17, s17
 624 019a 30EE280A 		vadd.f32	s0, s0, s17
 625 019e FFF7FEFF 		bl	sqrtf
 626 01a2 F0EE400A 		vmov.f32	s1, s0
 627 01a6 B1EE480A 		vneg.f32	s0, s16
 628 01aa FFF7FEFF 		bl	atan2f
 629 01ae 7BEE80BA 		vadd.f32	s23, s23, s0
 630 01b2 28EE088A 		vmul.f32	s16, s16, s16
 631 01b6 38EE880A 		vadd.f32	s0, s17, s16
 632 01ba FFF7FEFF 		bl	sqrtf
 633 01be F0EE400A 		vmov.f32	s1, s0
 634 01c2 B0EE490A 		vmov.f32	s0, s18
 635 01c6 FFF7FEFF 		bl	atan2f
 636 01ca 3BEE00BA 		vadd.f32	s22, s22, s0
 637 01ce D5ED037A 		vldr.32	s15, [r5, #12]
 638 01d2 7AEEA7AA 		vadd.f32	s21, s21, s15
 639 01d6 D5ED047A 		vldr.32	s15, [r5, #16]
 640 01da 3AEE27AA 		vadd.f32	s20, s20, s15
 641 01de D5ED057A 		vldr.32	s15, [r5, #20]
 642 01e2 79EEA79A 		vadd.f32	s19, s19, s15
 643 01e6 0136     		adds	r6, r6, #1
 644 01e8 C0E7     		b	.L35
 645              	.L50:
 646 01ea 002E     		cmp	r6, #0
 647 01ec 44DD     		ble	.L37
 648 01ee 07EE906A 		vmov	s15, r6	@ int
 649 01f2 B8EEE78A 		vcvt.f32.s32	s16, s15
 650 01f6 8BEE880A 		vdiv.f32	s0, s23, s16
 651 01fa DFED458A 		vldr.32	s17, .L52+72
ARM GAS  C:\Users\Nathan\AppData\Local\Temp\ccoifGuu.s 			page 14


 652 01fe 20EE280A 		vmul.f32	s0, s0, s17
 653 0202 4448     		ldr	r0, .L52+76
 654 0204 FFF7FEFF 		bl	Kalman_Init
 655 0208 8BEE080A 		vdiv.f32	s0, s22, s16
 656 020c 20EE280A 		vmul.f32	s0, s0, s17
 657 0210 4148     		ldr	r0, .L52+80
 658 0212 FFF7FEFF 		bl	Kalman_Init
 659 0216 CAEE887A 		vdiv.f32	s15, s21, s16
 660 021a 404B     		ldr	r3, .L52+84
 661 021c C3ED007A 		vstr.32	s15, [r3]
 662 0220 CAEE087A 		vdiv.f32	s15, s20, s16
 663 0224 3E4B     		ldr	r3, .L52+88
 664 0226 C3ED007A 		vstr.32	s15, [r3]
 665 022a C9EE887A 		vdiv.f32	s15, s19, s16
 666 022e 3D4B     		ldr	r3, .L52+92
 667 0230 C3ED007A 		vstr.32	s15, [r3]
 668              	.L38:
 669 0234 3C48     		ldr	r0, .L52+96
 670 0236 FFF7FEFF 		bl	dbg_print
 671 023a 3C48     		ldr	r0, .L52+100
 672 023c FFF7FEFF 		bl	dbg_print
 673 0240 FFF7FEFF 		bl	BMP580_Setup
 674 0244 0546     		mov	r5, r0
 675 0246 C8B3     		cbz	r0, .L39
 676              	.L42:
 677 0248 224C     		ldr	r4, .L52+12
 678 024a 2B46     		mov	r3, r5
 679 024c 384A     		ldr	r2, .L52+104
 680 024e 4FF48071 		mov	r1, #256
 681 0252 2046     		mov	r0, r4
 682 0254 FFF7FEFF 		bl	snprintf
 683 0258 81B2     		uxth	r1, r0
 684 025a 2046     		mov	r0, r4
 685 025c FFF7FEFF 		bl	CDC_Transmit_FS
 686 0260 0A20     		movs	r0, #10
 687 0262 FFF7FEFF 		bl	HAL_Delay
 688 0266 0024     		movs	r4, #0
 689              	.L40:
 690 0268 6B42     		rsbs	r3, r5, #0
 691 026a A342     		cmp	r3, r4
 692 026c 11DC     		bgt	.L41
 693 026e 40F2DC50 		movw	r0, #1500
 694 0272 FFF7FEFF 		bl	HAL_Delay
 695 0276 E7E7     		b	.L42
 696              	.L37:
 697 0278 9FED228A 		vldr.32	s16, .L52+60
 698 027c B0EE480A 		vmov.f32	s0, s16
 699 0280 2448     		ldr	r0, .L52+76
 700 0282 FFF7FEFF 		bl	Kalman_Init
 701 0286 B0EE480A 		vmov.f32	s0, s16
 702 028a 2348     		ldr	r0, .L52+80
 703 028c FFF7FEFF 		bl	Kalman_Init
 704 0290 D0E7     		b	.L38
 705              	.L41:
 706 0292 284E     		ldr	r6, .L52+108
 707 0294 0022     		movs	r2, #0
 708 0296 4FF40051 		mov	r1, #8192
ARM GAS  C:\Users\Nathan\AppData\Local\Temp\ccoifGuu.s 			page 15


 709 029a 3046     		mov	r0, r6
 710 029c FFF7FEFF 		bl	HAL_GPIO_WritePin
 711 02a0 6420     		movs	r0, #100
 712 02a2 FFF7FEFF 		bl	HAL_Delay
 713 02a6 0122     		movs	r2, #1
 714 02a8 4FF40051 		mov	r1, #8192
 715 02ac 3046     		mov	r0, r6
 716 02ae FFF7FEFF 		bl	HAL_GPIO_WritePin
 717 02b2 6420     		movs	r0, #100
 718 02b4 FFF7FEFF 		bl	HAL_Delay
 719 02b8 0134     		adds	r4, r4, #1
 720 02ba D5E7     		b	.L40
 721              	.L39:
 722 02bc FFF7FEFF 		bl	MX_APPE_Init
 723 02c0 1D48     		ldr	r0, .L52+112
 724 02c2 FFF7FEFF 		bl	dbg_print
 725 02c6 F4E0     		b	.L46
 726              	.L53:
 727              		.align	2
 728              	.L52:
 729 02c8 00000000 		.word	.LC11
 730 02cc 20000000 		.word	.LC12
 731 02d0 54000000 		.word	.LC13
 732 02d4 00000000 		.word	serial_buf
 733 02d8 6C000000 		.word	.LC14
 734 02dc 00000000 		.word	hi2c1
 735 02e0 78000000 		.word	.LC15
 736 02e4 A0000000 		.word	.LC17
 737 02e8 BC000000 		.word	.LC18
 738 02ec 00000000 		.word	icm
 739 02f0 00000000 		.word	hspi1
 740 02f4 000C0048 		.word	1207962624
 741 02f8 DC000000 		.word	.LC19
 742 02fc 0C010000 		.word	.LC20
 743 0300 28010000 		.word	.LC21
 744 0304 00000000 		.word	0
 745 0308 88000000 		.word	.LC16
 746 030c 00000000 		.word	imu_data
 747 0310 E02E6542 		.word	1113927392
 748 0314 00000000 		.word	kf_pitch
 749 0318 00000000 		.word	kf_roll
 750 031c 00000000 		.word	gyro_bias_x
 751 0320 00000000 		.word	gyro_bias_y
 752 0324 00000000 		.word	gyro_bias_z
 753 0328 4C010000 		.word	.LC22
 754 032c 70010000 		.word	.LC23
 755 0330 88010000 		.word	.LC24
 756 0334 00080048 		.word	1207961600
 757 0338 A0010000 		.word	.LC25
 758              	.L51:
 759 033c 844C     		ldr	r4, .L54
 760 033e 94ED008A 		vldr.32	s16, [r4]
 761 0342 D4ED019A 		vldr.32	s19, [r4, #4]
 762 0346 29EEA90A 		vmul.f32	s0, s19, s19
 763 034a D4ED028A 		vldr.32	s17, [r4, #8]
 764 034e 68EEA88A 		vmul.f32	s17, s17, s17
 765 0352 30EE280A 		vadd.f32	s0, s0, s17
ARM GAS  C:\Users\Nathan\AppData\Local\Temp\ccoifGuu.s 			page 16


 766 0356 FFF7FEFF 		bl	sqrtf
 767 035a F0EE400A 		vmov.f32	s1, s0
 768 035e B1EE480A 		vneg.f32	s0, s16
 769 0362 FFF7FEFF 		bl	atan2f
 770 0366 9FED7BAA 		vldr.32	s20, .L54+4
 771 036a 20EE0A9A 		vmul.f32	s18, s0, s20
 772 036e 28EE088A 		vmul.f32	s16, s16, s16
 773 0372 38EE880A 		vadd.f32	s0, s17, s16
 774 0376 FFF7FEFF 		bl	sqrtf
 775 037a F0EE400A 		vmov.f32	s1, s0
 776 037e B0EE690A 		vmov.f32	s0, s19
 777 0382 FFF7FEFF 		bl	atan2f
 778 0386 20EE0AAA 		vmul.f32	s20, s0, s20
 779 038a 94ED040A 		vldr.32	s0, [r4, #16]
 780 038e DFED728A 		vldr.32	s17, .L54+8
 781 0392 724E     		ldr	r6, .L54+12
 782 0394 D6ED007A 		vldr.32	s15, [r6]
 783 0398 B0EE681A 		vmov.f32	s2, s17
 784 039c F0EE490A 		vmov.f32	s1, s18
 785 03a0 30EE670A 		vsub.f32	s0, s0, s15
 786 03a4 6E48     		ldr	r0, .L54+16
 787 03a6 FFF7FEFF 		bl	Kalman_Update
 788 03aa 10EE105A 		vmov	r5, s0
 789 03ae 94ED030A 		vldr.32	s0, [r4, #12]
 790 03b2 6C4F     		ldr	r7, .L54+20
 791 03b4 D7ED007A 		vldr.32	s15, [r7]
 792 03b8 B0EE681A 		vmov.f32	s2, s17
 793 03bc F0EE4A0A 		vmov.f32	s1, s20
 794 03c0 30EE670A 		vsub.f32	s0, s0, s15
 795 03c4 6848     		ldr	r0, .L54+24
 796 03c6 FFF7FEFF 		bl	Kalman_Update
 797 03ca 10EE100A 		vmov	r0, s0
 798 03ce 94ED038A 		vldr.32	s16, [r4, #12]
 799 03d2 D7ED007A 		vldr.32	s15, [r7]
 800 03d6 38EE678A 		vsub.f32	s16, s16, s15
 801 03da D4ED048A 		vldr.32	s17, [r4, #16]
 802 03de D6ED007A 		vldr.32	s15, [r6]
 803 03e2 78EEE78A 		vsub.f32	s17, s17, s15
 804 03e6 94ED059A 		vldr.32	s18, [r4, #20]
 805 03ea 604B     		ldr	r3, .L54+28
 806 03ec D3ED007A 		vldr.32	s15, [r3]
 807 03f0 39EE679A 		vsub.f32	s18, s18, s15
 808 03f4 2668     		ldr	r6, [r4]	@ float
 809 03f6 6768     		ldr	r7, [r4, #4]	@ float
 810 03f8 D4F80880 		ldr	r8, [r4, #8]	@ float
 811 03fc D4F81890 		ldr	r9, [r4, #24]	@ float
 812 0400 5B4C     		ldr	r4, .L54+32
 813 0402 FFF7FEFF 		bl	__aeabi_f2d
 814 0406 CDE91001 		strd	r0, [sp, #64]
 815 040a 2846     		mov	r0, r5	@ float
 816 040c FFF7FEFF 		bl	__aeabi_f2d
 817 0410 CDE90E01 		strd	r0, [sp, #56]
 818 0414 4846     		mov	r0, r9	@ float
 819 0416 FFF7FEFF 		bl	__aeabi_f2d
 820 041a CDE90C01 		strd	r0, [sp, #48]
 821 041e 19EE100A 		vmov	r0, s18
 822 0422 FFF7FEFF 		bl	__aeabi_f2d
ARM GAS  C:\Users\Nathan\AppData\Local\Temp\ccoifGuu.s 			page 17


 823 0426 CDE90A01 		strd	r0, [sp, #40]
 824 042a 18EE900A 		vmov	r0, s17
 825 042e FFF7FEFF 		bl	__aeabi_f2d
 826 0432 CDE90801 		strd	r0, [sp, #32]
 827 0436 18EE100A 		vmov	r0, s16
 828 043a FFF7FEFF 		bl	__aeabi_f2d
 829 043e CDE90601 		strd	r0, [sp, #24]
 830 0442 4046     		mov	r0, r8	@ float
 831 0444 FFF7FEFF 		bl	__aeabi_f2d
 832 0448 CDE90401 		strd	r0, [sp, #16]
 833 044c 3846     		mov	r0, r7	@ float
 834 044e FFF7FEFF 		bl	__aeabi_f2d
 835 0452 CDE90201 		strd	r0, [sp, #8]
 836 0456 3046     		mov	r0, r6	@ float
 837 0458 FFF7FEFF 		bl	__aeabi_f2d
 838 045c CDE90001 		strd	r0, [sp]
 839 0460 444A     		ldr	r2, .L54+36
 840 0462 4FF48071 		mov	r1, #256
 841 0466 2046     		mov	r0, r4
 842 0468 FFF7FEFF 		bl	snprintf
 843 046c 81B2     		uxth	r1, r0
 844 046e 2046     		mov	r0, r4
 845 0470 FFF7FEFF 		bl	CDC_Transmit_FS
 846 0474 404B     		ldr	r3, .L54+40
 847 0476 1B78     		ldrb	r3, [r3]	@ zero_extendqisi2
 848 0478 002B     		cmp	r3, #0
 849 047a 2CD0     		beq	.L44
 850 047c 344B     		ldr	r3, .L54
 851 047e 1A68     		ldr	r2, [r3]	@ float
 852 0480 1392     		str	r2, [sp, #76]	@ float
 853 0482 5A68     		ldr	r2, [r3, #4]	@ float
 854 0484 1492     		str	r2, [sp, #80]	@ float
 855 0486 9A68     		ldr	r2, [r3, #8]	@ float
 856 0488 1592     		str	r2, [sp, #84]	@ float
 857 048a DA68     		ldr	r2, [r3, #12]	@ float
 858 048c 1692     		str	r2, [sp, #88]	@ float
 859 048e 1A69     		ldr	r2, [r3, #16]	@ float
 860 0490 1792     		str	r2, [sp, #92]	@ float
 861 0492 5A69     		ldr	r2, [r3, #20]	@ float
 862 0494 1892     		str	r2, [sp, #96]	@ float
 863 0496 9B69     		ldr	r3, [r3, #24]	@ float
 864 0498 1993     		str	r3, [sp, #100]	@ float
 865 049a 13A9     		add	r1, sp, #76
 866 049c 0020     		movs	r0, #0
 867 049e FFF7FEFF 		bl	Custom_STM_App_Update_Char
 868 04a2 18E0     		b	.L44
 869              	.L45:
 870 04a4 4FF40051 		mov	r1, #8192
 871 04a8 3448     		ldr	r0, .L54+44
 872 04aa FFF7FEFF 		bl	HAL_GPIO_TogglePin
 873              	.L43:
 874 04ae FFF7FEFF 		bl	MX_APPE_Process
 875              	.L46:
 876 04b2 FFF7FEFF 		bl	HAL_GetTick
 877 04b6 324B     		ldr	r3, .L54+48
 878 04b8 1B68     		ldr	r3, [r3]
 879 04ba C01A     		subs	r0, r0, r3
ARM GAS  C:\Users\Nathan\AppData\Local\Temp\ccoifGuu.s 			page 18


 880 04bc 3128     		cmp	r0, #49
 881 04be F6D9     		bls	.L43
 882 04c0 FFF7FEFF 		bl	HAL_GetTick
 883 04c4 2E4B     		ldr	r3, .L54+48
 884 04c6 1860     		str	r0, [r3]
 885 04c8 2149     		ldr	r1, .L54
 886 04ca 2E48     		ldr	r0, .L54+52
 887 04cc FFF7FEFF 		bl	ICM42688_ReadOnce
 888 04d0 0028     		cmp	r0, #0
 889 04d2 3FF433AF 		beq	.L51
 890              	.L44:
 891 04d6 0023     		movs	r3, #0
 892 04d8 8DF84B30 		strb	r3, [sp, #75]
 893 04dc 2A49     		ldr	r1, .L54+56
 894 04de 0DF14B00 		add	r0, sp, #75
 895 04e2 FFF7FEFF 		bl	bmp5_get_interrupt_status
 896 04e6 0028     		cmp	r0, #0
 897 04e8 DCD1     		bne	.L45
 898 04ea 9DF84B30 		ldrb	r3, [sp, #75]	@ zero_extendqisi2
 899 04ee 13F0010F 		tst	r3, #1
 900 04f2 D7D0     		beq	.L45
 901 04f4 244A     		ldr	r2, .L54+56
 902 04f6 2549     		ldr	r1, .L54+60
 903 04f8 2548     		ldr	r0, .L54+64
 904 04fa FFF7FEFF 		bl	bmp5_get_sensor_data
 905 04fe 0028     		cmp	r0, #0
 906 0500 D0D1     		bne	.L45
 907 0502 234B     		ldr	r3, .L54+64
 908 0504 1D68     		ldr	r5, [r3]	@ float
 909 0506 1A4C     		ldr	r4, .L54+32
 910 0508 5868     		ldr	r0, [r3, #4]	@ float
 911 050a FFF7FEFF 		bl	__aeabi_f2d
 912 050e CDE90201 		strd	r0, [sp, #8]
 913 0512 2846     		mov	r0, r5	@ float
 914 0514 FFF7FEFF 		bl	__aeabi_f2d
 915 0518 CDE90001 		strd	r0, [sp]
 916 051c 1D4A     		ldr	r2, .L54+68
 917 051e 4FF48071 		mov	r1, #256
 918 0522 2046     		mov	r0, r4
 919 0524 FFF7FEFF 		bl	snprintf
 920 0528 81B2     		uxth	r1, r0
 921 052a 2046     		mov	r0, r4
 922 052c FFF7FEFF 		bl	CDC_Transmit_FS
 923 0530 114B     		ldr	r3, .L54+40
 924 0532 1B78     		ldrb	r3, [r3]	@ zero_extendqisi2
 925 0534 002B     		cmp	r3, #0
 926 0536 B5D0     		beq	.L45
 927 0538 154B     		ldr	r3, .L54+64
 928 053a 1A68     		ldr	r2, [r3]	@ float
 929 053c 1392     		str	r2, [sp, #76]	@ float
 930 053e 5B68     		ldr	r3, [r3, #4]	@ float
 931 0540 1493     		str	r3, [sp, #80]	@ float
 932 0542 0023     		movs	r3, #0
 933 0544 1593     		str	r3, [sp, #84]	@ float
 934 0546 13A9     		add	r1, sp, #76
 935 0548 0120     		movs	r0, #1
 936 054a FFF7FEFF 		bl	Custom_STM_App_Update_Char
ARM GAS  C:\Users\Nathan\AppData\Local\Temp\ccoifGuu.s 			page 19


 937 054e A9E7     		b	.L45
 938              	.L55:
 939              		.align	2
 940              	.L54:
 941 0550 00000000 		.word	imu_data
 942 0554 E02E6542 		.word	1113927392
 943 0558 CDCC4C3D 		.word	1028443341
 944 055c 00000000 		.word	gyro_bias_y
 945 0560 00000000 		.word	kf_pitch
 946 0564 00000000 		.word	gyro_bias_x
 947 0568 00000000 		.word	kf_roll
 948 056c 00000000 		.word	gyro_bias_z
 949 0570 00000000 		.word	serial_buf
 950 0574 BC010000 		.word	.LC26
 951 0578 00000000 		.word	ble_ready
 952 057c 00080048 		.word	1207961600
 953 0580 00000000 		.word	last_sensor_poll
 954 0584 00000000 		.word	icm
 955 0588 00000000 		.word	bmp5
 956 058c 00000000 		.word	bmp5_osr_cfg
 957 0590 00000000 		.word	bmp5_data
 958 0594 F8010000 		.word	.LC27
 960              		.section	.bss.last_sensor_poll,"aw",%nobits
 961              		.align	2
 964              	last_sensor_poll:
 965 0000 00000000 		.space	4
 966              		.global	ble_ready
 967              		.section	.bss.ble_ready,"aw",%nobits
 970              	ble_ready:
 971 0000 00       		.space	1
 972              		.global	serial_buf
 973              		.section	.bss.serial_buf,"aw",%nobits
 974              		.align	2
 977              	serial_buf:
 978 0000 00000000 		.space	256
 978      00000000 
 978      00000000 
 978      00000000 
 978      00000000 
 979              		.global	gyro_bias_z
 980              		.section	.bss.gyro_bias_z,"aw",%nobits
 981              		.align	2
 984              	gyro_bias_z:
 985 0000 00000000 		.space	4
 986              		.global	gyro_bias_y
 987              		.section	.bss.gyro_bias_y,"aw",%nobits
 988              		.align	2
 991              	gyro_bias_y:
 992 0000 00000000 		.space	4
 993              		.global	gyro_bias_x
 994              		.section	.bss.gyro_bias_x,"aw",%nobits
 995              		.align	2
 998              	gyro_bias_x:
 999 0000 00000000 		.space	4
 1000              		.global	kf_roll
 1001              		.section	.bss.kf_roll,"aw",%nobits
 1002              		.align	2
ARM GAS  C:\Users\Nathan\AppData\Local\Temp\ccoifGuu.s 			page 20


 1005              	kf_roll:
 1006 0000 00000000 		.space	36
 1006      00000000 
 1006      00000000 
 1006      00000000 
 1006      00000000 
 1007              		.global	kf_pitch
 1008              		.section	.bss.kf_pitch,"aw",%nobits
 1009              		.align	2
 1012              	kf_pitch:
 1013 0000 00000000 		.space	36
 1013      00000000 
 1013      00000000 
 1013      00000000 
 1013      00000000 
 1014              		.global	bmp5_data
 1015              		.section	.bss.bmp5_data,"aw",%nobits
 1016              		.align	2
 1019              	bmp5_data:
 1020 0000 00000000 		.space	8
 1020      00000000 
 1021              		.global	bmp5_osr_cfg
 1022              		.section	.bss.bmp5_osr_cfg,"aw",%nobits
 1023              		.align	2
 1026              	bmp5_osr_cfg:
 1027 0000 00000000 		.space	4
 1028              		.global	bmp5
 1029              		.section	.bss.bmp5,"aw",%nobits
 1030              		.align	2
 1033              	bmp5:
 1034 0000 00000000 		.space	24
 1034      00000000 
 1034      00000000 
 1034      00000000 
 1034      00000000 
 1035              		.global	imu_data
 1036              		.section	.bss.imu_data,"aw",%nobits
 1037              		.align	2
 1040              	imu_data:
 1041 0000 00000000 		.space	28
 1041      00000000 
 1041      00000000 
 1041      00000000 
 1041      00000000 
 1042              		.global	icm
 1043              		.section	.bss.icm,"aw",%nobits
 1044              		.align	2
 1047              	icm:
 1048 0000 00000000 		.space	20
 1048      00000000 
 1048      00000000 
 1048      00000000 
 1048      00000000 
 1049              		.global	__aeabi_f2d
 1050              		.ident	"GCC: (xPack GNU Arm Embedded GCC x86_64) 15.2.1 20251203"
ARM GAS  C:\Users\Nathan\AppData\Local\Temp\ccoifGuu.s 			page 21


DEFINED SYMBOLS
                            *ABS*:00000000 main.c
C:\Users\Nathan\AppData\Local\Temp\ccoifGuu.s:18     .rodata.bmp_log.str1.4:00000000 $d
C:\Users\Nathan\AppData\Local\Temp\ccoifGuu.s:22     .text.bmp_log:00000000 $t
C:\Users\Nathan\AppData\Local\Temp\ccoifGuu.s:27     .text.bmp_log:00000000 bmp_log
C:\Users\Nathan\AppData\Local\Temp\ccoifGuu.s:50     .text.bmp_log:00000028 $d
C:\Users\Nathan\AppData\Local\Temp\ccoifGuu.s:977    .bss.serial_buf:00000000 serial_buf
C:\Users\Nathan\AppData\Local\Temp\ccoifGuu.s:54     .rodata.BMP580_Setup.str1.4:00000000 $d
C:\Users\Nathan\AppData\Local\Temp\ccoifGuu.s:85     .text.BMP580_Setup:00000000 $t
C:\Users\Nathan\AppData\Local\Temp\ccoifGuu.s:90     .text.BMP580_Setup:00000000 BMP580_Setup
C:\Users\Nathan\AppData\Local\Temp\ccoifGuu.s:227    .text.BMP580_Setup:00000138 $d
C:\Users\Nathan\AppData\Local\Temp\ccoifGuu.s:1033   .bss.bmp5:00000000 bmp5
C:\Users\Nathan\AppData\Local\Temp\ccoifGuu.s:1026   .bss.bmp5_osr_cfg:00000000 bmp5_osr_cfg
C:\Users\Nathan\AppData\Local\Temp\ccoifGuu.s:242    .text.dbg_print:00000000 $t
C:\Users\Nathan\AppData\Local\Temp\ccoifGuu.s:247    .text.dbg_print:00000000 dbg_print
C:\Users\Nathan\AppData\Local\Temp\ccoifGuu.s:261    .text.Error_Handler:00000000 $t
C:\Users\Nathan\AppData\Local\Temp\ccoifGuu.s:267    .text.Error_Handler:00000000 Error_Handler
C:\Users\Nathan\AppData\Local\Temp\ccoifGuu.s:282    .text.SystemClock_Config:00000000 $t
C:\Users\Nathan\AppData\Local\Temp\ccoifGuu.s:288    .text.SystemClock_Config:00000000 SystemClock_Config
C:\Users\Nathan\AppData\Local\Temp\ccoifGuu.s:375    .text.PeriphCommonClock_Config:00000000 $t
C:\Users\Nathan\AppData\Local\Temp\ccoifGuu.s:381    .text.PeriphCommonClock_Config:00000000 PeriphCommonClock_Config
C:\Users\Nathan\AppData\Local\Temp\ccoifGuu.s:406    .rodata.main.str1.4:00000000 $d
C:\Users\Nathan\AppData\Local\Temp\ccoifGuu.s:461    .text.main:00000000 $t
C:\Users\Nathan\AppData\Local\Temp\ccoifGuu.s:467    .text.main:00000000 main
C:\Users\Nathan\AppData\Local\Temp\ccoifGuu.s:729    .text.main:000002c8 $d
C:\Users\Nathan\AppData\Local\Temp\ccoifGuu.s:1047   .bss.icm:00000000 icm
C:\Users\Nathan\AppData\Local\Temp\ccoifGuu.s:1040   .bss.imu_data:00000000 imu_data
C:\Users\Nathan\AppData\Local\Temp\ccoifGuu.s:1012   .bss.kf_pitch:00000000 kf_pitch
C:\Users\Nathan\AppData\Local\Temp\ccoifGuu.s:1005   .bss.kf_roll:00000000 kf_roll
C:\Users\Nathan\AppData\Local\Temp\ccoifGuu.s:998    .bss.gyro_bias_x:00000000 gyro_bias_x
C:\Users\Nathan\AppData\Local\Temp\ccoifGuu.s:991    .bss.gyro_bias_y:00000000 gyro_bias_y
C:\Users\Nathan\AppData\Local\Temp\ccoifGuu.s:984    .bss.gyro_bias_z:00000000 gyro_bias_z
C:\Users\Nathan\AppData\Local\Temp\ccoifGuu.s:759    .text.main:0000033c $t
C:\Users\Nathan\AppData\Local\Temp\ccoifGuu.s:941    .text.main:00000550 $d
C:\Users\Nathan\AppData\Local\Temp\ccoifGuu.s:970    .bss.ble_ready:00000000 ble_ready
C:\Users\Nathan\AppData\Local\Temp\ccoifGuu.s:964    .bss.last_sensor_poll:00000000 last_sensor_poll
C:\Users\Nathan\AppData\Local\Temp\ccoifGuu.s:1019   .bss.bmp5_data:00000000 bmp5_data
C:\Users\Nathan\AppData\Local\Temp\ccoifGuu.s:961    .bss.last_sensor_poll:00000000 $d
C:\Users\Nathan\AppData\Local\Temp\ccoifGuu.s:971    .bss.ble_ready:00000000 $d
C:\Users\Nathan\AppData\Local\Temp\ccoifGuu.s:974    .bss.serial_buf:00000000 $d
C:\Users\Nathan\AppData\Local\Temp\ccoifGuu.s:981    .bss.gyro_bias_z:00000000 $d
C:\Users\Nathan\AppData\Local\Temp\ccoifGuu.s:988    .bss.gyro_bias_y:00000000 $d
C:\Users\Nathan\AppData\Local\Temp\ccoifGuu.s:995    .bss.gyro_bias_x:00000000 $d
C:\Users\Nathan\AppData\Local\Temp\ccoifGuu.s:1002   .bss.kf_roll:00000000 $d
C:\Users\Nathan\AppData\Local\Temp\ccoifGuu.s:1009   .bss.kf_pitch:00000000 $d
C:\Users\Nathan\AppData\Local\Temp\ccoifGuu.s:1016   .bss.bmp5_data:00000000 $d
C:\Users\Nathan\AppData\Local\Temp\ccoifGuu.s:1023   .bss.bmp5_osr_cfg:00000000 $d
C:\Users\Nathan\AppData\Local\Temp\ccoifGuu.s:1030   .bss.bmp5:00000000 $d
C:\Users\Nathan\AppData\Local\Temp\ccoifGuu.s:1037   .bss.imu_data:00000000 $d
C:\Users\Nathan\AppData\Local\Temp\ccoifGuu.s:1044   .bss.icm:00000000 $d

UNDEFINED SYMBOLS
snprintf
CDC_Transmit_FS
HAL_Delay
bmp5_interface_init
bmp5_set_regs
ARM GAS  C:\Users\Nathan\AppData\Local\Temp\ccoifGuu.s 			page 22


bmp5_init
bmp5_set_power_mode
bmp5_get_osr_odr_press_config
bmp5_set_osr_odr_press_config
bmp5_set_iir_config
bmp5_configure_interrupt
bmp5_int_source_select
hi2c1
strlen
memset
HAL_PWR_EnableBkUpAccess
HAL_RCC_OscConfig
HAL_RCC_ClockConfig
HAL_RCCEx_EnableMSIPLLMode
HAL_RCCEx_PeriphCLKConfig
HAL_Init
MX_APPE_Config
MX_IPCC_Init
MX_GPIO_Init
MX_I2C1_Init
MX_SPI1_Init
MX_USB_Device_Init
MX_RTC_Init
MX_RF_Init
HAL_I2C_IsDeviceReady
ICM42688_WhoAmI
ICM42688_Init
ICM42688_ReadOnce
sqrtf
atan2f
Kalman_Init
HAL_GPIO_WritePin
MX_APPE_Init
hspi1
Kalman_Update
__aeabi_f2d
Custom_STM_App_Update_Char
HAL_GPIO_TogglePin
MX_APPE_Process
HAL_GetTick
bmp5_get_interrupt_status
bmp5_get_sensor_data
