Archive member included to satisfy reference by file (symbol)

c:/Users/Nathan/AppData/Roaming/Code/User/globalStorage/bmd.stm32-for-vscode/@xpack-dev-tools/arm-none-eabi-gcc/15.2.1-1.1.1/.content/bin/../lib/gcc/arm-none-eabi/15.2.1/../../../../arm-none-eabi/lib/thumb/v7e-m+fp/hard\libc_nano.a(libc_a-atexit.o)
                              c:/Users/Nathan/AppData/Roaming/Code/User/globalStorage/bmd.stm32-for-vscode/@xpack-dev-tools/arm-none-eabi-gcc/15.2.1-1.1.1/.content/bin/../lib/gcc/arm-none-eabi/15.2.1/../../../../arm-none-eabi/lib/thumb/v7e-m+fp/hard/crt0.o (atexit)
c:/Users/Nathan/AppData/Roaming/Code/User/globalStorage/bmd.stm32-for-vscode/@xpack-dev-tools/arm-none-eabi-gcc/15.2.1-1.1.1/.content/bin/../lib/gcc/arm-none-eabi/15.2.1/../../../../arm-none-eabi/lib/thumb/v7e-m+fp/hard\libc_nano.a(libc_a-exit.o)
                              c:/Users/Nathan/AppData/Roaming/Code/User/globalStorage/bmd.stm32-for-vscode/@xpack-dev-tools/arm-none-eabi-gcc/15.2.1-1.1.1/.content/bin/../lib/gcc/arm-none-eabi/15.2.1/../../../../arm-none-eabi/lib/thumb/v7e-m+fp/hard/crt0.o (exit)
c:/Users/Nathan/AppData/Roaming/Code/User/globalStorage/bmd.stm32-for-vscode/@xpack-dev-tools/arm-none-eabi-gcc/15.2.1-1.1.1/.content/bin/../lib/gcc/arm-none-eabi/15.2.1/../../../../arm-none-eabi/lib/thumb/v7e-m+fp/hard\libc_nano.a(libc_a-nano-vfprintf_float.o)
                              (_printf_float)
c:/Users/Nathan/AppData/Roaming/Code/User/globalStorage/bmd.stm32-for-vscode/@xpack-dev-tools/arm-none-eabi-gcc/15.2.1-1.1.1/.content/bin/../lib/gcc/arm-none-eabi/15.2.1/../../../../arm-none-eabi/lib/thumb/v7e-m+fp/hard\libc_nano.a(libc_a-nano-vfprintf_i.o)
                              c:/Users/Nathan/AppData/Roaming/Code/User/globalStorage/bmd.stm32-for-vscode/@xpack-dev-tools/arm-none-eabi-gcc/15.2.1-1.1.1/.content/bin/../lib/gcc/arm-none-eabi/15.2.1/../../../../arm-none-eabi/lib/thumb/v7e-m+fp/hard\libc_nano.a(libc_a-nano-vfprintf_float.o) (_printf_common)
c:/Users/Nathan/AppData/Roaming/Code/User/globalStorage/bmd.stm32-for-vscode/@xpack-dev-tools/arm-none-eabi-gcc/15.2.1-1.1.1/.content/bin/../lib/gcc/arm-none-eabi/15.2.1/../../../../arm-none-eabi/lib/thumb/v7e-m+fp/hard\libc_nano.a(libc_a-findfp.o)
                              c:/Users/Nathan/AppData/Roaming/Code/User/globalStorage/bmd.stm32-for-vscode/@xpack-dev-tools/arm-none-eabi-gcc/15.2.1-1.1.1/.content/bin/../lib/gcc/arm-none-eabi/15.2.1/../../../../arm-none-eabi/lib/thumb/v7e-m+fp/hard\libc_nano.a(libc_a-exit.o) (__stdio_exit_handler)
c:/Users/Nathan/AppData/Roaming/Code/User/globalStorage/bmd.stm32-for-vscode/@xpack-dev-tools/arm-none-eabi-gcc/15.2.1-1.1.1/.content/bin/../lib/gcc/arm-none-eabi/15.2.1/../../../../arm-none-eabi/lib/thumb/v7e-m+fp/hard\libc_nano.a(libc_a-fwalk.o)
                              c:/Users/Nathan/AppData/Roaming/Code/User/globalStorage/bmd.stm32-for-vscode/@xpack-dev-tools/arm-none-eabi-gcc/15.2.1-1.1.1/.content/bin/../lib/gcc/arm-none-eabi/15.2.1/../../../../arm-none-eabi/lib/thumb/v7e-m+fp/hard\libc_nano.a(libc_a-findfp.o) (_fwalk_sglue)
c:/Users/Nathan/AppData/Roaming/Code/User/globalStorage/bmd.stm32-for-vscode/@xpack-dev-tools/arm-none-eabi-gcc/15.2.1-1.1.1/.content/bin/../lib/gcc/arm-none-eabi/15.2.1/../../../../arm-none-eabi/lib/thumb/v7e-m+fp/hard\libc_nano.a(libc_a-printf.o)
                              build/release/common.o (printf)
c:/Users/Nathan/AppData/Roaming/Code/User/globalStorage/bmd.stm32-for-vscode/@xpack-dev-tools/arm-none-eabi-gcc/15.2.1-1.1.1/.content/bin/../lib/gcc/arm-none-eabi/15.2.1/../../../../arm-none-eabi/lib/thumb/v7e-m+fp/hard\libc_nano.a(libc_a-snprintf.o)
                              build/release/main.o (snprintf)
c:/Users/Nathan/AppData/Roaming/Code/User/globalStorage/bmd.stm32-for-vscode/@xpack-dev-tools/arm-none-eabi-gcc/15.2.1-1.1.1/.content/bin/../lib/gcc/arm-none-eabi/15.2.1/../../../../arm-none-eabi/lib/thumb/v7e-m+fp/hard\libc_nano.a(libc_a-stdio.o)
                              c:/Users/Nathan/AppData/Roaming/Code/User/globalStorage/bmd.stm32-for-vscode/@xpack-dev-tools/arm-none-eabi-gcc/15.2.1-1.1.1/.content/bin/../lib/gcc/arm-none-eabi/15.2.1/../../../../arm-none-eabi/lib/thumb/v7e-m+fp/hard\libc_nano.a(libc_a-findfp.o) (__sread)
c:/Users/Nathan/AppData/Roaming/Code/User/globalStorage/bmd.stm32-for-vscode/@xpack-dev-tools/arm-none-eabi-gcc/15.2.1-1.1.1/.content/bin/../lib/gcc/arm-none-eabi/15.2.1/../../../../arm-none-eabi/lib/thumb/v7e-m+fp/hard\libc_nano.a(libc_a-memset.o)
                              c:/Users/Nathan/AppData/Roaming/Code/User/globalStorage/bmd.stm32-for-vscode/@xpack-dev-tools/arm-none-eabi-gcc/15.2.1-1.1.1/.content/bin/../lib/gcc/arm-none-eabi/15.2.1/../../../../arm-none-eabi/lib/thumb/v7e-m+fp/hard/crt0.o (memset)
c:/Users/Nathan/AppData/Roaming/Code/User/globalStorage/bmd.stm32-for-vscode/@xpack-dev-tools/arm-none-eabi-gcc/15.2.1-1.1.1/.content/bin/../lib/gcc/arm-none-eabi/15.2.1/../../../../arm-none-eabi/lib/thumb/v7e-m+fp/hard\libc_nano.a(libc_a-localeconv.o)
[...]
Memory Configuration

Name             Origin             Length             Attributes
FLASH            0x08000000         0x00080000         xr
RAM1             0x20000008         0x0002fff8         xrw
RAM_SHARED       0x20030000         0x00002800         xrw
*default*        0x00000000         0xffffffff

Linker script and memory map

LOAD c:/Users/Nathan/AppData/Roaming/Code/User/globalStorage/bmd.stm32-for-vscode/@xpack-dev-tools/arm-none-eabi-gcc/15.2.1-1.1.1/.content/bin/../lib/gcc/arm-none-eabi/15.2.1/thumb/v7e-m+fp/hard/crti.o
LOAD c:/Users/Nathan/AppData/Roaming/Code/User/globalStorage/bmd.stm32-for-vscode/@xpack-dev-tools/arm-none-eabi-gcc/15.2.1-1.1.1/.content/bin/../lib/gcc/arm-none-eabi/15.2.1/thumb/v7e-m+fp/hard/crtbegin.o
LOAD c:/Users/Nathan/AppData/Roaming/Code/User/globalStorage/bmd.stm32-for-vscode/@xpack-dev-tools/arm-none-eabi-gcc/15.2.1-1.1.1/.content/bin/../lib/gcc/arm-none-eabi/15.2.1/../../../../arm-none-eabi/lib/thumb/v7e-m+fp/hard/crt0.o
LOAD build/release/ICM42688.o
LOAD build/release/bmp5.o
LOAD build/release/common.o
LOAD build/release/main.o
LOAD build/release/stm32wbxx_hal.o
LOAD build/release/stm32wbxx_hal_cortex.o
LOAD build/release/stm32wbxx_hal_dma.o
LOAD build/release/stm32wbxx_hal_dma_ex.o
LOAD build/release/stm32wbxx_hal_exti.o
LOAD build/release/stm32wbxx_hal_flash.o
LOAD build/release/stm32wbxx_hal_flash_ex.o
LOAD build/release/stm32wbxx_hal_gpio.o
LOAD build/release/stm32wbxx_hal_hsem.o
LOAD build/release/stm32wbxx_hal_i2c.o
LOAD build/release/stm32wbxx_hal_i2c_ex.o
LOAD build/release/stm32wbxx_hal_msp.o
LOAD build/release/stm32wbxx_hal_pcd.o
LOAD build/release/stm32wbxx_hal_pcd_ex.o
LOAD build/release/stm32wbxx_hal_pwr.o
LOAD build/release/stm32wbxx_hal_pwr_ex.o
LOAD build/release/stm32wbxx_hal_rcc.o
LOAD build/release/stm32wbxx_hal_rcc_ex.o
LOAD build/release/stm32wbxx_hal_spi.o
LOAD build/release/stm32wbxx_hal_spi_ex.o
LOAD build/release/stm32wbxx_hal_tim.o
LOAD build/release/stm32wbxx_hal_tim_ex.o
LOAD build/release/stm32wbxx_hal_uart.o
LOAD build/release/stm32wbxx_hal_uart_ex.o
LOAD build/release/stm32wbxx_it.o
LOAD build/release/stm32wbxx_ll_rcc.o
LOAD build/release/stm32wbxx_ll_usb.o
LOAD build/release/syscalls.o
LOAD build/release/sysmem.o
LOAD build/release/system_stm32wbxx.o
LOAD build/release/usb_device.o
LOAD build/release/usbd_cdc.o
LOAD build/release/usbd_cdc_if.o
LOAD build/release/usbd_conf.o
LOAD build/release/usbd_core.o
LOAD build/release/usbd_ctlreq.o
LOAD build/release/usbd_desc.o
LOAD build/release/usbd_ioreq.o
LOAD build/release/startup_stm32wb55xx_cm4.o
LOAD c:/Users/Nathan/AppData/Roaming/Code/User/globalStorage/bmd.stm32-for-vscode/@xpack-dev-tools/arm-none-eabi-gcc/15.2.1-1.1.1/.content/bin/../lib/gcc/arm-none-eabi/15.2.1/../../../../arm-none-eabi/lib/thumb/v7e-m+fp/hard\libc_nano.a
LOAD c:/Users/Nathan/AppData/Roaming/Code/User/globalStorage/bmd.stm32-for-vscode/@xpack-dev-tools/arm-none-eabi-gcc/15.2.1-1.1.1/.content/bin/../lib/gcc/arm-none-eabi/15.2.1/../../../../arm-none-eabi/lib/thumb/v7e-m+fp/hard\libm.a
LOAD c:/Users/Nathan/AppData/Roaming/Code/User/globalStorage/bmd.stm32-for-vscode/@xpack-dev-tools/arm-none-eabi-gcc/15.2.1-1.1.1/.content/bin/../lib/gcc/arm-none-eabi/15.2.1/../../../../arm-none-eabi/lib/thumb/v7e-m+fp/hard\libnosys.a
START GROUP
LOAD c:/Users/Nathan/AppData/Roaming/Code/User/globalStorage/bmd.stm32-for-vscode/@xpack-dev-tools/arm-none-eabi-gcc/15.2.1-1.1.1/.content/bin/../lib/gcc/arm-none-eabi/15.2.1/thumb/v7e-m+fp/hard\libgcc.a
LOAD c:/Users/Nathan/AppData/Roaming/Code/User/globalStorage/bmd.stm32-for-vscode/@xpack-dev-tools/arm-none-eabi-gcc/15.2.1-1.1.1/.content/bin/../lib/gcc/arm-none-eabi/15.2.1/../../../../arm-none-eabi/lib/thumb/v7e-m+fp/hard\libc_nano.a
END GROUP
START GROUP
LOAD c:/Users/Nathan/AppData/Roaming/Code/User/globalStorage/bmd.stm32-for-vscode/@xpack-dev-tools/arm-none-eabi-gcc/15.2.1-1.1.1/.content/bin/../lib/gcc/arm-none-eabi/15.2.1/thumb/v7e-m+fp/hard\libgcc.a
LOAD c:/Users/Nathan/AppData/Roaming/Code/User/globalStorage/bmd.stm32-for-vscode/@xpack-dev-tools/arm-none-eabi-gcc/15.2.1-1.1.1/.content/bin/../lib/gcc/arm-none-eabi/15.2.1/../../../../arm-none-eabi/lib/thumb/v7e-m+fp/hard\libc_nano.a
END GROUP
LOAD c:/Users/Nathan/AppData/Roaming/Code/User/globalStorage/bmd.stm32-for-vscode/@xpack-dev-tools/arm-none-eabi-gcc/15.2.1-1.1.1/.content/bin/../lib/gcc/arm-none-eabi/15.2.1/thumb/v7e-m+fp/hard/crtend.o
LOAD c:/Users/Nathan/AppData/Roaming/Code/User/globalStorage/bmd.stm32-for-vscode/@xpack-dev-tools/arm-none-eabi-gcc/15.2.1-1.1.1/.content/bin/../lib/gcc/arm-none-eabi/15.2.1/thumb/v7e-m+fp/hard/crtn.o
                0x20030000                        _estack = 0x20030000
                0x00000800                        _Min_Heap_Size = 0x800
                0x00000c00                        _Min_Stack_Size = 0xc00

.isr_vector     0x08000000      0x13c
                0x08000000                        . = ALIGN (0x4)
 *(.isr_vector)
 .isr_vector    0x08000000      0x13c build/release/startup_stm32wb55xx_cm4.o
                0x08000000                g_pfnVectors
                0x0800013c                        . = ALIGN (0x4)

.text           0x08000140     0x9c54
                0x08000140                        . = ALIGN (0x4)
 *(.text)
 .text          0x08000140       0xa0 c:/Users/Nathan/AppData/Roaming/Code/User/globalStorage/bmd.stm32-for-vscode/@xpack-dev-tools/arm-none-eabi-gcc/15.2.1-1.1.1/.content/bin/../lib/gcc/arm-none-eabi/15.2.1/../../../../arm-none-eabi/lib/thumb/v7e-m+fp/hard\libc_nano.a(libc_a-memchr.o)
                0x08000140                memchr
 .text          0x080001e0       0x10 c:/Users/Nathan/AppData/Roaming/Code/User/globalStorage/bmd.stm32-for-vscode/@xpack-dev-tools/arm-none-eabi-gcc/15.2.1-1.1.1/.content/bin/../lib/gcc/arm-none-eabi/15.2.1/../../../../arm-none-eabi/lib/thumb/v7e-m+fp/hard\libc_nano.a(libc_a-strlen.o)
                0x080001e0                strlen
 .text          0x080001f0      0x378 c:/Users/Nathan/AppData/Roaming/Code/User/globalStorage/bmd.stm32-for-vscode/@xpack-dev-tools/arm-none-eabi-gcc/15.2.1-1.1.1/.content/bin/../lib/gcc/arm-none-eabi/15.2.1/thumb/v7e-m+fp/hard\libgcc.a(_arm_addsubdf3.o)
                0x080001f0                __aeabi_drsub
                0x080001f8                __aeabi_dsub
                0x080001f8                __subdf3
                0x080001fc                __aeabi_dadd
                0x080001fc                __adddf3
                0x08000474                __floatunsidf
                0x08000474                __aeabi_ui2d
                0x08000494                __floatsidf
                0x08000494                __aeabi_i2d
                0x080004b8                __aeabi_f2d
                0x080004b8                __extendsfdf2
                0x080004fc                __floatundidf
                0x080004fc                __aeabi_ul2d
                0x0800050c                __floatdidf
                0x0800050c                __aeabi_l2d
 .text          0x08000568      0x424 c:/Users/Nathan/AppData/Roaming/Code/User/globalStorage/bmd.stm32-for-vscode/@xpack-dev-tools/arm-none-eabi-gcc/15.2.1-1.1.1/.content/bin/../lib/gcc/arm-none-eabi/15.2.1/thumb/v7e-m+fp/hard\libgcc.a(_arm_muldivdf3.o)
                0x08000568                __aeabi_dmul
                0x08000568                __muldf3
                0x080007bc                __divdf3
                0x080007bc                __aeabi_ddiv
 .text          0x0800098c      0x110 c:/Users/Nathan/AppData/Roaming/Code/User/globalStorage/bmd.stm32-for-vscode/@xpack-dev-tools/arm-none-eabi-gcc/15.2.1-1.1.1/.content/bin/../lib/gcc/arm-none-eabi/15.2.1/thumb/v7e-m+fp/hard\libgcc.a(_arm_cmpdf2.o)
                0x0800098c                __gtdf2
                0x0800098c                __gedf2
                0x08000994                __ltdf2
                0x08000994                __ledf2
                0x0800099c                __nedf2
                0x0800099c                __eqdf2
                0x0800099c                __cmpdf2
                0x08000a18                __aeabi_cdrcmple
                0x08000a28                __aeabi_cdcmpeq
                0x08000a28                __aeabi_cdcmple
                0x08000a38                __aeabi_dcmpeq
                0x08000a4c                __aeabi_dcmplt
                0x08000a60                __aeabi_dcmple
                0x08000a74                __aeabi_dcmpge
                0x08000a88                __aeabi_dcmpgt
 .text          0x08000a9c       0x2c c:/Users/Nathan/AppData/Roaming/Code/User/globalStorage/bmd.stm32-for-vscode/@xpack-dev-tools/arm-none-eabi-gcc/15.2.1-1.1.1/.content/bin/../lib/gcc/arm-none-eabi/15.2.1/thumb/v7e-m+fp/hard\libgcc.a(_arm_unorddf2.o)
                0x08000a9c                __unorddf2
                0x08000a9c                __aeabi_dcmpun
 .text          0x08000ac8       0x50 c:/Users/Nathan/AppData/Roaming/Code/User/globalStorage/bmd.stm32-for-vscode/@xpack-dev-tools/arm-none-eabi-gcc/15.2.1-1.1.1/.content/bin/../lib/gcc/arm-none-eabi/15.2.1/thumb/v7e-m+fp/hard\libgcc.a(_arm_fixdfsi.o)
                0x08000ac8                __aeabi_d2iz
                0x08000ac8                __fixdfsi
 .text          0x08000b18       0xa0 c:/Users/Nathan/AppData/Roaming/Code/User/globalStorage/bmd.stm32-for-vscode/@xpack-dev-tools/arm-none-eabi-gcc/15.2.1-1.1.1/.content/bin/../lib/gcc/arm-none-eabi/15.2.1/thumb/v7e-m+fp/hard\libgcc.a(_arm_truncdfsf2.o)
                0x08000b18                __truncdfsf2
                0x08000b18                __aeabi_d2f
 *(.text*)
 .text.__do_global_dtors_aux
                0x08000bb8       0x28 c:/Users/Nathan/AppData/Roaming/Code/User/globalStorage/bmd.stm32-for-vscode/@xpack-dev-tools/arm-none-eabi-gcc/15.2.1-1.1.1/.content/bin/../lib/gcc/arm-none-eabi/15.2.1/thumb/v7e-m+fp/hard/crtbegin.o
 .text.frame_dummy
                0x08000be0       0x1c c:/Users/Nathan/AppData/Roaming/Code/User/globalStorage/bmd.stm32-for-vscode/@xpack-dev-tools/arm-none-eabi-gcc/15.2.1-1.1.1/.content/bin/../lib/gcc/arm-none-eabi/15.2.1/thumb/v7e-m+fp/hard/crtbegin.o
 .text.null_ptr_check
                0x08000bfc       0x2a build/release/bmp5.o
 .text.validate_chip_id
                0x08000c26       0x16 build/release/bmp5.o
 .text.bmp5_get_regs
                0x08000c3c       0x50 build/release/bmp5.o
                0x08000c3c                bmp5_get_regs
 .text.get_nvm_status
                0x08000c8c       0x18 build/release/bmp5.o
 .text.bmp5_set_regs
                0x08000ca4       0x78 build/release/bmp5.o
                0x08000ca4                bmp5_set_regs
 .text.set_deep_standby_mode
                0x08000d1c       0xa2 build/release/bmp5.o
 .text.set_power_mode
                0x08000dbe       0x4a build/release/bmp5.o
 .text.set_iir_config
                0x08000e08       0x7a build/release/bmp5.o
 .text.bmp5_get_interrupt_status
                0x08000e82       0x18 build/release/bmp5.o
                0x08000e82                bmp5_get_interrupt_status
 .text.power_up_check
                0x08000e9a       0x4e build/release/bmp5.o
 .text.bmp5_init
                0x08000ee8       0x68 build/release/bmp5.o
                0x08000ee8                bmp5_init
 .text.bmp5_get_sensor_data
                0x08000f50       0x8c build/release/bmp5.o
                0x08000f50                bmp5_get_sensor_data
 .text.bmp5_int_source_select
                0x08000fdc       0x80 build/release/bmp5.o
                0x08000fdc                bmp5_int_source_select
 .text.bmp5_configure_interrupt
                0x0800105c       0xa6 build/release/bmp5.o
                0x0800105c                bmp5_configure_interrupt
 .text.bmp5_get_osr_odr_press_config
                0x08001102       0x40 build/release/bmp5.o
                0x08001102                bmp5_get_osr_odr_press_config
 .text.bmp5_get_iir_config
                0x08001142       0x44 build/release/bmp5.o
                0x08001142                bmp5_get_iir_config
 .text.check_deepstandby_mode
                0x08001186       0x66 build/release/bmp5.o
 .text.bmp5_get_power_mode
                0x080011ec       0x6c build/release/bmp5.o
                0x080011ec                bmp5_get_power_mode
 .text.bmp5_set_power_mode
                0x08001258       0x6e build/release/bmp5.o
                0x08001258                bmp5_set_power_mode
 .text.set_standby_mode
                0x080012c6       0x28 build/release/bmp5.o
 .text.bmp5_set_osr_odr_press_config
                0x080012ee       0x9c build/release/bmp5.o
                0x080012ee                bmp5_set_osr_odr_press_config
 .text.bmp5_set_iir_config
                0x0800138a       0x6e build/release/bmp5.o
                0x0800138a                bmp5_set_iir_config
 .text.bmp5_delay_us
                0x080013f8       0x20 build/release/common.o
 .text.bmp5_i2c_write
                0x08001418       0x3c build/release/common.o
 .text.bmp5_i2c_read
                0x08001454       0x3c build/release/common.o
 .text.bmp5_interface_init
                0x08001490       0x44 build/release/common.o
                0x08001490                bmp5_interface_init
 .text.bmp_log  0x080014d4       0x30 build/release/main.o
 .text.MX_GPIO_Init
                0x08001504       0xdc build/release/main.o
 .text.BMP580_Setup
                0x080015e0      0x16c build/release/main.o
 .text.Error_Handler
                0x0800174c        0x4 build/release/main.o
                0x0800174c                Error_Handler
 .text.MX_I2C1_Init
                0x08001750       0x54 build/release/main.o
 .text.MX_SPI1_Init
                0x080017a4       0x4c build/release/main.o
 .text.SystemClock_Config
                0x080017f0       0xc4 build/release/main.o
                0x080017f0                SystemClock_Config
 .text.PeriphCommonClock_Config
                0x080018b4       0x28 build/release/main.o
                0x080018b4                PeriphCommonClock_Config
 .text.main     0x080018dc      0x1c8 build/release/main.o
                0x080018dc                main
 .text.HAL_InitTick
                0x08001aa4       0x50 build/release/stm32wbxx_hal.o
                0x08001aa4                HAL_InitTick
 .text.HAL_Init
                0x08001af4       0x30 build/release/stm32wbxx_hal.o
                0x08001af4                HAL_Init
 .text.HAL_IncTick
                0x08001b24       0x18 build/release/stm32wbxx_hal.o
                0x08001b24                HAL_IncTick
 .text.HAL_GetTick
                0x08001b3c        0xc build/release/stm32wbxx_hal.o
                0x08001b3c                HAL_GetTick
 .text.HAL_GetTickPrio
                0x08001b48        0xc build/release/stm32wbxx_hal.o
                0x08001b48                HAL_GetTickPrio
 .text.HAL_Delay
                0x08001b54       0x28 build/release/stm32wbxx_hal.o
                0x08001b54                HAL_Delay
 .text.__NVIC_EnableIRQ
                0x08001b7c       0x1c build/release/stm32wbxx_hal_cortex.o
 .text.__NVIC_SetPriority
                0x08001b98       0x28 build/release/stm32wbxx_hal_cortex.o
 .text.NVIC_EncodePriority
                0x08001bc0       0x46 build/release/stm32wbxx_hal_cortex.o
 *fill*         0x08001c06        0x2 
 .text.HAL_NVIC_SetPriorityGrouping
                0x08001c08       0x24 build/release/stm32wbxx_hal_cortex.o
                0x08001c08                HAL_NVIC_SetPriorityGrouping
 .text.HAL_NVIC_SetPriority
                0x08001c2c       0x20 build/release/stm32wbxx_hal_cortex.o
                0x08001c2c                HAL_NVIC_SetPriority
 .text.HAL_NVIC_EnableIRQ
                0x08001c4c        0x8 build/release/stm32wbxx_hal_cortex.o
                0x08001c4c                HAL_NVIC_EnableIRQ
 .text.HAL_SYSTICK_Config
                0x08001c54       0x28 build/release/stm32wbxx_hal_cortex.o
                0x08001c54                HAL_SYSTICK_Config
 .text.HAL_GPIO_Init
                0x08001c7c      0x1b4 build/release/stm32wbxx_hal_gpio.o
                0x08001c7c                HAL_GPIO_Init
 .text.HAL_GPIO_WritePin
                0x08001e30        0xa build/release/stm32wbxx_hal_gpio.o
                0x08001e30                HAL_GPIO_WritePin
 .text.HAL_GPIO_TogglePin
                0x08001e3a       0x12 build/release/stm32wbxx_hal_gpio.o
                0x08001e3a                HAL_GPIO_TogglePin
 .text.I2C_Flush_TXDR
                0x08001e4c       0x22 build/release/stm32wbxx_hal_i2c.o
 .text.I2C_TransferConfig
                0x08001e6e       0x3c build/release/stm32wbxx_hal_i2c.o
 .text.I2C_IsErrorOccurred
                0x08001eaa      0x114 build/release/stm32wbxx_hal_i2c.o
 .text.I2C_WaitOnTXISFlagUntilTimeout
                0x08001fbe       0x60 build/release/stm32wbxx_hal_i2c.o
 .text.I2C_WaitOnFlagUntilTimeout
                0x0800201e       0x7c build/release/stm32wbxx_hal_i2c.o
 *fill*         0x0800209a        0x2 
 .text.I2C_RequestMemoryWrite
                0x0800209c       0x70 build/release/stm32wbxx_hal_i2c.o
 .text.I2C_RequestMemoryRead
                0x0800210c       0x6c build/release/stm32wbxx_hal_i2c.o
 .text.I2C_WaitOnSTOPFlagUntilTimeout
                0x08002178       0x5e build/release/stm32wbxx_hal_i2c.o
 .text.HAL_I2C_Init
                0x080021d6       0xc8 build/release/stm32wbxx_hal_i2c.o
                0x080021d6                HAL_I2C_Init
 .text.HAL_I2C_Mem_Write
                0x0800229e      0x19e build/release/stm32wbxx_hal_i2c.o
                0x0800229e                HAL_I2C_Mem_Write
 .text.HAL_I2C_Mem_Read
                0x0800243c      0x1a8 build/release/stm32wbxx_hal_i2c.o
                0x0800243c                HAL_I2C_Mem_Read
 .text.HAL_I2C_IsDeviceReady
                0x080025e4      0x168 build/release/stm32wbxx_hal_i2c.o
                0x080025e4                HAL_I2C_IsDeviceReady
 .text.HAL_I2CEx_ConfigAnalogFilter
                0x0800274c       0x5a build/release/stm32wbxx_hal_i2c_ex.o
                0x0800274c                HAL_I2CEx_ConfigAnalogFilter
 .text.HAL_I2CEx_ConfigDigitalFilter
                0x080027a6       0x56 build/release/stm32wbxx_hal_i2c_ex.o
                0x080027a6                HAL_I2CEx_ConfigDigitalFilter
 .text.HAL_MspInit
                0x080027fc        0x8 build/release/stm32wbxx_hal_msp.o
                0x080027fc                HAL_MspInit
 .text.HAL_I2C_MspInit
                0x08002804       0x8c build/release/stm32wbxx_hal_msp.o
                0x08002804                HAL_I2C_MspInit
 .text.HAL_SPI_MspInit
                0x08002890       0x68 build/release/stm32wbxx_hal_msp.o
                0x08002890                HAL_SPI_MspInit
 .text.HAL_PCD_EP_DB_Receive
                0x080028f8      0x11e build/release/stm32wbxx_hal_pcd.o
 .text.HAL_PCD_Init
                0x08002a16       0xb6 build/release/stm32wbxx_hal_pcd.o
                0x08002a16                HAL_PCD_Init
 .text.HAL_PCD_Start
                0x08002acc       0x2a build/release/stm32wbxx_hal_pcd.o
                0x08002acc                HAL_PCD_Start
 .text.HAL_PCD_EP_DB_Transmit
                0x08002af6      0x46e build/release/stm32wbxx_hal_pcd.o
 .text.PCD_EP_ISR_Handler
                0x08002f64      0x502 build/release/stm32wbxx_hal_pcd.o
 .text.HAL_PCD_SetAddress
                0x08003466       0x26 build/release/stm32wbxx_hal_pcd.o
                0x08003466                HAL_PCD_SetAddress
 .text.HAL_PCD_IRQHandler
                0x0800348c      0x1b2 build/release/stm32wbxx_hal_pcd.o
                0x0800348c                HAL_PCD_IRQHandler
 .text.HAL_PCD_EP_Open
                0x0800363e       0x86 build/release/stm32wbxx_hal_pcd.o
                0x0800363e                HAL_PCD_EP_Open
 .text.HAL_PCD_EP_Close
                0x080036c4       0x6c build/release/stm32wbxx_hal_pcd.o
                0x080036c4                HAL_PCD_EP_Close
 .text.HAL_PCD_EP_Receive
                0x08003730       0x3a build/release/stm32wbxx_hal_pcd.o
                0x08003730                HAL_PCD_EP_Receive
 .text.HAL_PCD_EP_GetRxCount
                0x0800376a       0x12 build/release/stm32wbxx_hal_pcd.o
                0x0800376a                HAL_PCD_EP_GetRxCount
 .text.HAL_PCD_EP_Transmit
                0x0800377c       0x4c build/release/stm32wbxx_hal_pcd.o
                0x0800377c                HAL_PCD_EP_Transmit
 .text.HAL_PCD_EP_SetStall
                0x080037c8       0x72 build/release/stm32wbxx_hal_pcd.o
                0x080037c8                HAL_PCD_EP_SetStall
 .text.HAL_PCD_EP_ClrStall
                0x0800383a       0x7e build/release/stm32wbxx_hal_pcd.o
                0x0800383a                HAL_PCD_EP_ClrStall
 .text.HAL_PCDEx_PMAConfig
                0x080038b8       0x38 build/release/stm32wbxx_hal_pcd_ex.o
                0x080038b8                HAL_PCDEx_PMAConfig
 .text.HAL_PCDEx_ActivateLPM
                0x080038f0       0x2c build/release/stm32wbxx_hal_pcd_ex.o
                0x080038f0                HAL_PCDEx_ActivateLPM
 .text.HAL_PWR_EnableBkUpAccess
                0x0800391c       0x10 build/release/stm32wbxx_hal_pwr.o
                0x0800391c                HAL_PWR_EnableBkUpAccess
 .text.HAL_PWREx_GetVoltageRange
                0x0800392c       0x10 build/release/stm32wbxx_hal_pwr_ex.o
                0x0800392c                HAL_PWREx_GetVoltageRange
 .text.HAL_PWREx_EnableVddUSB
                0x0800393c       0x10 build/release/stm32wbxx_hal_pwr_ex.o
                0x0800393c                HAL_PWREx_EnableVddUSB
 .text.RCC_SetFlashLatency
                0x0800394c       0xc0 build/release/stm32wbxx_hal_rcc.o
 .text.RCC_SetFlashLatencyFromMSIRange
                0x08003a0c       0x50 build/release/stm32wbxx_hal_rcc.o
 .text.HAL_RCC_GetSysClockFreq
                0x08003a5c       0xc0 build/release/stm32wbxx_hal_rcc.o
                0x08003a5c                HAL_RCC_GetSysClockFreq
 .text.HAL_RCC_GetHCLKFreq
                0x08003b1c       0x20 build/release/stm32wbxx_hal_rcc.o
                0x08003b1c                HAL_RCC_GetHCLKFreq
 .text.HAL_RCC_OscConfig
                0x08003b3c      0x71c build/release/stm32wbxx_hal_rcc.o
                0x08003b3c                HAL_RCC_OscConfig
 .text.HAL_RCC_ClockConfig
                0x08004258      0x264 build/release/stm32wbxx_hal_rcc.o
                0x08004258                HAL_RCC_ClockConfig
 .text.LL_RCC_SetI2CClockSource
                0x080044bc       0x20 build/release/stm32wbxx_hal_rcc_ex.o
 .text.RCCEx_PLLSAI1_ConfigNP
                0x080044dc       0x8e build/release/stm32wbxx_hal_rcc_ex.o
 .text.RCCEx_PLLSAI1_ConfigNQ
                0x0800456a       0x8e build/release/stm32wbxx_hal_rcc_ex.o
 .text.RCCEx_PLLSAI1_ConfigNR
                0x080045f8       0x8e build/release/stm32wbxx_hal_rcc_ex.o
 .text.HAL_RCCEx_PeriphCLKConfig
                0x08004686      0x304 build/release/stm32wbxx_hal_rcc_ex.o
                0x08004686                HAL_RCCEx_PeriphCLKConfig
 .text.HAL_RCCEx_EnableMSIPLLMode
                0x0800498a        0xe build/release/stm32wbxx_hal_rcc_ex.o
                0x0800498a                HAL_RCCEx_EnableMSIPLLMode
 .text.HAL_SPI_Init
                0x08004998       0xde build/release/stm32wbxx_hal_spi.o
                0x08004998                HAL_SPI_Init
 .text.NMI_Handler
                0x08004a76        0x2 build/release/stm32wbxx_it.o
                0x08004a76                NMI_Handler
 .text.HardFault_Handler
                0x08004a78        0x2 build/release/stm32wbxx_it.o
                0x08004a78                HardFault_Handler
 .text.MemManage_Handler
                0x08004a7a        0x2 build/release/stm32wbxx_it.o
                0x08004a7a                MemManage_Handler
 .text.BusFault_Handler
                0x08004a7c        0x2 build/release/stm32wbxx_it.o
                0x08004a7c                BusFault_Handler
 .text.UsageFault_Handler
                0x08004a7e        0x2 build/release/stm32wbxx_it.o
                0x08004a7e                UsageFault_Handler
 .text.SVC_Handler
                0x08004a80        0x2 build/release/stm32wbxx_it.o
                0x08004a80                SVC_Handler
 .text.DebugMon_Handler
                0x08004a82        0x2 build/release/stm32wbxx_it.o
                0x08004a82                DebugMon_Handler
 .text.PendSV_Handler
                0x08004a84        0x2 build/release/stm32wbxx_it.o
                0x08004a84                PendSV_Handler
 .text.SysTick_Handler
                0x08004a86        0x8 build/release/stm32wbxx_it.o
                0x08004a86                SysTick_Handler
 *fill*         0x08004a8e        0x2 
 .text.USB_LP_IRQHandler
                0x08004a90       0x10 build/release/stm32wbxx_it.o
                0x08004a90                USB_LP_IRQHandler
 .text.USB_EnableGlobalInt
                0x08004aa0       0x12 build/release/stm32wbxx_ll_usb.o
                0x08004aa0                USB_EnableGlobalInt
 .text.USB_DisableGlobalInt
                0x08004ab2       0x16 build/release/stm32wbxx_ll_usb.o
                0x08004ab2                USB_DisableGlobalInt
 .text.USB_DevInit
                0x08004ac8       0x22 build/release/stm32wbxx_ll_usb.o
                0x08004ac8                USB_DevInit
 .text.USB_ActivateEndpoint
                0x08004aea      0x572 build/release/stm32wbxx_ll_usb.o
                0x08004aea                USB_ActivateEndpoint
 .text.USB_DeactivateEndpoint
                0x0800505c      0x1d6 build/release/stm32wbxx_ll_usb.o
                0x0800505c                USB_DeactivateEndpoint
 .text.USB_EPSetStall
                0x08005232       0x4a build/release/stm32wbxx_ll_usb.o
                0x08005232                USB_EPSetStall
 .text.USB_EPClearStall
                0x0800527c       0x9c build/release/stm32wbxx_ll_usb.o
                0x0800527c                USB_EPClearStall
 .text.USB_SetDevAddress
                0x08005318        0xc build/release/stm32wbxx_ll_usb.o
                0x08005318                USB_SetDevAddress
 .text.USB_DevConnect
                0x08005324       0x16 build/release/stm32wbxx_ll_usb.o
                0x08005324                USB_DevConnect
 .text.USB_ReadInterrupts
                0x0800533a        0x8 build/release/stm32wbxx_ll_usb.o
                0x0800533a                USB_ReadInterrupts
 .text.USB_WritePMA
                0x08005342       0x24 build/release/stm32wbxx_ll_usb.o
                0x08005342                USB_WritePMA
 .text.USB_EPStartXfer
                0x08005366      0x58e build/release/stm32wbxx_ll_usb.o
                0x08005366                USB_EPStartXfer
 .text.USB_ReadPMA
                0x080058f4       0x2c build/release/stm32wbxx_ll_usb.o
                0x080058f4                USB_ReadPMA
 .text._getpid  0x08005920        0x4 build/release/syscalls.o
                0x08005920                _getpid
 .text._kill    0x08005924       0x10 build/release/syscalls.o
                0x08005924                _kill
 .text._exit    0x08005934        0xc build/release/syscalls.o
                0x08005934                _exit
 .text._read    0x08005940       0x20 build/release/syscalls.o
                0x08005940                _read
 .text._write   0x08005960       0x1c build/release/syscalls.o
                0x08005960                _write
 .text._close   0x0800597c        0x6 build/release/syscalls.o
                0x0800597c                _close
 .text._fstat   0x08005982        0xa build/release/syscalls.o
                0x08005982                _fstat
 .text._isatty  0x0800598c        0x4 build/release/syscalls.o
                0x0800598c                _isatty
 .text._lseek   0x08005990        0x4 build/release/syscalls.o
                0x08005990                _lseek
 .text._sbrk    0x08005994       0x4c build/release/sysmem.o
                0x08005994                _sbrk
 .text.SystemInit
                0x080059e0       0x64 build/release/system_stm32wbxx.o
                0x080059e0                SystemInit
 .text.MX_USB_Device_Init
                0x08005a44       0x54 build/release/usb_device.o
                0x08005a44                MX_USB_Device_Init
 .text.USBD_CDC_EP0_RxReady
                0x08005a98       0x40 build/release/usbd_cdc.o
 .text.USBD_CDC_GetDeviceQualifierDescriptor
                0x08005ad8        0xc build/release/usbd_cdc.o
                0x08005ad8                USBD_CDC_GetDeviceQualifierDescriptor
 .text.USBD_CDC_GetOtherSpeedCfgDesc
                0x08005ae4       0x48 build/release/usbd_cdc.o
 .text.USBD_CDC_GetFSCfgDesc
                0x08005b2c       0x48 build/release/usbd_cdc.o
 .text.USBD_CDC_GetHSCfgDesc
                0x08005b74       0x48 build/release/usbd_cdc.o
 .text.USBD_CDC_DataOut
                0x08005bbc       0x38 build/release/usbd_cdc.o
 .text.USBD_CDC_DataIn
                0x08005bf4       0x7e build/release/usbd_cdc.o
 .text.USBD_CDC_Setup
                0x08005c72      0x110 build/release/usbd_cdc.o
 .text.USBD_CDC_DeInit
                0x08005d82       0x64 build/release/usbd_cdc.o
 .text.USBD_CDC_Init
                0x08005de6       0xec build/release/usbd_cdc.o
 .text.USBD_CDC_RegisterInterface
                0x08005ed2       0x16 build/release/usbd_cdc.o
                0x08005ed2                USBD_CDC_RegisterInterface
 .text.USBD_CDC_SetTxBuffer
                0x08005ee8       0x1c build/release/usbd_cdc.o
                0x08005ee8                USBD_CDC_SetTxBuffer
 .text.USBD_CDC_SetRxBuffer
                0x08005f04       0x18 build/release/usbd_cdc.o
                0x08005f04                USBD_CDC_SetRxBuffer
 .text.USBD_CDC_TransmitPacket
                0x08005f1c       0x36 build/release/usbd_cdc.o
                0x08005f1c                USBD_CDC_TransmitPacket
 .text.USBD_CDC_ReceivePacket
                0x08005f52       0x38 build/release/usbd_cdc.o
                0x08005f52                USBD_CDC_ReceivePacket
 .text.CDC_DeInit_FS
                0x08005f8a        0x4 build/release/usbd_cdc_if.o
 .text.CDC_Control_FS
                0x08005f8e        0x4 build/release/usbd_cdc_if.o
 .text.CDC_TransmitCplt_FS
                0x08005f92        0x4 build/release/usbd_cdc_if.o
 *fill*         0x08005f96        0x2 
 .text.CDC_Receive_FS
                0x08005f98       0x1c build/release/usbd_cdc_if.o
 .text.CDC_Init_FS
                0x08005fb4       0x28 build/release/usbd_cdc_if.o
 .text.CDC_Transmit_FS
                0x08005fdc       0x28 build/release/usbd_cdc_if.o
                0x08005fdc                CDC_Transmit_FS
 .text.USBD_Get_USB_Status
                0x08006004       0x16 build/release/usbd_conf.o
 .text.SystemClockConfig_Resume
                0x0800601a        0x8 build/release/usbd_conf.o
 *fill*         0x08006022        0x2 
 .text.HAL_PCD_MspInit
                0x08006024       0xb8 build/release/usbd_conf.o
                0x08006024                HAL_PCD_MspInit
 .text.HAL_PCD_SetupStageCallback
                0x080060dc       0x10 build/release/usbd_conf.o
                0x080060dc                HAL_PCD_SetupStageCallback
 .text.HAL_PCD_DataOutStageCallback
                0x080060ec       0x18 build/release/usbd_conf.o
                0x080060ec                HAL_PCD_DataOutStageCallback
 .text.HAL_PCD_DataInStageCallback
                0x08006104       0x16 build/release/usbd_conf.o
                0x08006104                HAL_PCD_DataInStageCallback
 .text.HAL_PCD_SOFCallback
                0x0800611a        0xc build/release/usbd_conf.o
                0x0800611a                HAL_PCD_SOFCallback
 .text.HAL_PCD_ResetCallback
                0x08006126       0x24 build/release/usbd_conf.o
                0x08006126                HAL_PCD_ResetCallback
 *fill*         0x0800614a        0x2 
 .text.HAL_PCD_SuspendCallback
                0x0800614c       0x20 build/release/usbd_conf.o
                0x0800614c                HAL_PCD_SuspendCallback
 .text.HAL_PCD_ResumeCallback
                0x0800616c       0x28 build/release/usbd_conf.o
                0x0800616c                HAL_PCD_ResumeCallback
 .text.USBD_LL_Init
                0x08006194       0x90 build/release/usbd_conf.o
                0x08006194                USBD_LL_Init
 .text.USBD_LL_Start
                0x08006224       0x10 build/release/usbd_conf.o
                0x08006224                USBD_LL_Start
 .text.USBD_LL_OpenEP
                0x08006234       0x16 build/release/usbd_conf.o
                0x08006234                USBD_LL_OpenEP
 .text.USBD_LL_CloseEP
                0x0800624a       0x10 build/release/usbd_conf.o
                0x0800624a                USBD_LL_CloseEP
 .text.USBD_LL_StallEP
                0x0800625a       0x10 build/release/usbd_conf.o
                0x0800625a                USBD_LL_StallEP
 .text.USBD_LL_ClearStallEP
                0x0800626a       0x10 build/release/usbd_conf.o
                0x0800626a                USBD_LL_ClearStallEP
 .text.USBD_LL_IsStallEP
                0x0800627a       0x2c build/release/usbd_conf.o
                0x0800627a                USBD_LL_IsStallEP
 .text.USBD_LL_SetUSBAddress
                0x080062a6       0x10 build/release/usbd_conf.o
                0x080062a6                USBD_LL_SetUSBAddress
 .text.USBD_LL_Transmit
                0x080062b6       0x10 build/release/usbd_conf.o
                0x080062b6                USBD_LL_Transmit
 .text.USBD_LL_PrepareReceive
                0x080062c6       0x10 build/release/usbd_conf.o
                0x080062c6                USBD_LL_PrepareReceive
 .text.USBD_LL_GetRxDataSize
                0x080062d6        0xc build/release/usbd_conf.o
                0x080062d6                USBD_LL_GetRxDataSize
 *fill*         0x080062e2        0x2 
 .text.HAL_PCDEx_LPM_Callback
                0x080062e4       0x44 build/release/usbd_conf.o
                0x080062e4                HAL_PCDEx_LPM_Callback
 .text.USBD_static_malloc
                0x08006328        0x8 build/release/usbd_conf.o
                0x08006328                USBD_static_malloc
 .text.USBD_static_free
                0x08006330        0x2 build/release/usbd_conf.o
                0x08006330                USBD_static_free
 .text.USBD_Init
                0x08006332       0x2e build/release/usbd_core.o
                0x08006332                USBD_Init
 .text.USBD_RegisterClass
                0x08006360       0x40 build/release/usbd_core.o
                0x08006360                USBD_RegisterClass
 .text.USBD_Start
                0x080063a0        0x8 build/release/usbd_core.o
                0x080063a0                USBD_Start
 .text.USBD_SetClassConfig
                0x080063a8       0x12 build/release/usbd_core.o
                0x080063a8                USBD_SetClassConfig
 .text.USBD_ClrClassConfig
                0x080063ba       0x12 build/release/usbd_core.o
                0x080063ba                USBD_ClrClassConfig
 .text.USBD_LL_SetupStage
                0x080063cc       0x58 build/release/usbd_core.o
                0x080063cc                USBD_LL_SetupStage
 .text.USBD_LL_Reset
                0x08006424       0x68 build/release/usbd_core.o
                0x08006424                USBD_LL_Reset
 .text.USBD_LL_SetSpeed
                0x0800648c        0x6 build/release/usbd_core.o
                0x0800648c                USBD_LL_SetSpeed
 .text.USBD_LL_Suspend
                0x08006492       0x1c build/release/usbd_core.o
                0x08006492                USBD_LL_Suspend
 .text.USBD_LL_Resume
                0x080064ae       0x18 build/release/usbd_core.o
                0x080064ae                USBD_LL_Resume
 .text.USBD_LL_SOF
                0x080064c6       0x20 build/release/usbd_core.o
                0x080064c6                USBD_LL_SOF
 .text.USBD_CoreFindIF
                0x080064e6        0x4 build/release/usbd_core.o
                0x080064e6                USBD_CoreFindIF
 .text.USBD_CoreFindEP
                0x080064ea        0x4 build/release/usbd_core.o
                0x080064ea                USBD_CoreFindEP
 .text.USBD_LL_DataOutStage
                0x080064ee       0xc6 build/release/usbd_core.o
                0x080064ee                USBD_LL_DataOutStage
 .text.USBD_LL_DataInStage
                0x080065b4       0xd4 build/release/usbd_core.o
                0x080065b4                USBD_LL_DataInStage
 .text.USBD_GetNextDesc
                0x08006688        0xe build/release/usbd_core.o
                0x08006688                USBD_GetNextDesc
 .text.USBD_GetEpDesc
                0x08006696       0x3e build/release/usbd_core.o
                0x08006696                USBD_GetEpDesc
 .text.USBD_GetLen
                0x080066d4       0x14 build/release/usbd_ctlreq.o
 .text.USBD_ParseSetupRequest
                0x080066e8       0x28 build/release/usbd_ctlreq.o
                0x080066e8                USBD_ParseSetupRequest
 .text.USBD_CtlError
                0x08006710       0x14 build/release/usbd_ctlreq.o
                0x08006710                USBD_CtlError
 .text.USBD_GetDescriptor
                0x08006724      0x1b2 build/release/usbd_ctlreq.o
 .text.USBD_SetAddress
                0x080068d6       0x52 build/release/usbd_ctlreq.o
 .text.USBD_SetConfig
                0x08006928       0xd8 build/release/usbd_ctlreq.o
 .text.USBD_GetConfig
                0x08006a00       0x40 build/release/usbd_ctlreq.o
 .text.USBD_GetStatus
                0x08006a40       0x38 build/release/usbd_ctlreq.o
 .text.USBD_SetFeature
                0x08006a78       0x2a build/release/usbd_ctlreq.o
 .text.USBD_ClrFeature
                0x08006aa2       0x26 build/release/usbd_ctlreq.o
 .text.USBD_StdDevReq
                0x08006ac8       0x82 build/release/usbd_ctlreq.o
                0x08006ac8                USBD_StdDevReq
 .text.USBD_StdItfReq
                0x08006b4a       0x90 build/release/usbd_ctlreq.o
                0x08006b4a                USBD_StdItfReq
 .text.USBD_StdEPReq
                0x08006bda      0x238 build/release/usbd_ctlreq.o
                0x08006bda                USBD_StdEPReq
 .text.USBD_GetString
                0x08006e12       0x46 build/release/usbd_ctlreq.o
                0x08006e12                USBD_GetString
 .text.USBD_CDC_DeviceDescriptor
                0x08006e58        0xc build/release/usbd_desc.o
                0x08006e58                USBD_CDC_DeviceDescriptor
 .text.USBD_CDC_LangIDStrDescriptor
                0x08006e64        0xc build/release/usbd_desc.o
                0x08006e64                USBD_CDC_LangIDStrDescriptor
 .text.IntToUnicode
                0x08006e70       0x44 build/release/usbd_desc.o
 .text.Get_SerialNum
                0x08006eb4       0x38 build/release/usbd_desc.o
 .text.USBD_CDC_SerialStrDescriptor
                0x08006eec       0x14 build/release/usbd_desc.o
                0x08006eec                USBD_CDC_SerialStrDescriptor
 .text.USBD_CDC_ProductStrDescriptor
                0x08006f00       0x24 build/release/usbd_desc.o
                0x08006f00                USBD_CDC_ProductStrDescriptor
 .text.USBD_CDC_ManufacturerStrDescriptor
                0x08006f24       0x1c build/release/usbd_desc.o
                0x08006f24                USBD_CDC_ManufacturerStrDescriptor
 .text.USBD_CDC_ConfigStrDescriptor
                0x08006f40       0x24 build/release/usbd_desc.o
                0x08006f40                USBD_CDC_ConfigStrDescriptor
 .text.USBD_CDC_InterfaceStrDescriptor
                0x08006f64       0x24 build/release/usbd_desc.o
                0x08006f64                USBD_CDC_InterfaceStrDescriptor
 .text.USBD_CtlSendData
                0x08006f88       0x1c build/release/usbd_ioreq.o
                0x08006f88                USBD_CtlSendData
 .text.USBD_CtlContinueSendData
                0x08006fa4       0x10 build/release/usbd_ioreq.o
                0x08006fa4                USBD_CtlContinueSendData
 .text.USBD_CtlPrepareRx
                0x08006fb4       0x22 build/release/usbd_ioreq.o
                0x08006fb4                USBD_CtlPrepareRx
 .text.USBD_CtlContinueRx
                0x08006fd6       0x10 build/release/usbd_ioreq.o
                0x08006fd6                USBD_CtlContinueRx
 .text.USBD_CtlSendStatus
                0x08006fe6       0x16 build/release/usbd_ioreq.o
                0x08006fe6                USBD_CtlSendStatus
 .text.USBD_CtlReceiveStatus
                0x08006ffc       0x16 build/release/usbd_ioreq.o
                0x08006ffc                USBD_CtlReceiveStatus
 .text.data_initializers
                0x08007012       0x18 build/release/startup_stm32wb55xx_cm4.o
 *fill*         0x0800702a        0x2 
 .text.Reset_Handler
                0x0800702c       0x58 build/release/startup_stm32wb55xx_cm4.o
                0x0800702c                Reset_Handler
 .text.Default_Handler
                0x08007084        0x2 build/release/startup_stm32wb55xx_cm4.o
                0x08007084                RTC_Alarm_IRQHandler
                0x08007084                EXTI2_IRQHandler
                0x08007084                TIM1_CC_IRQHandler
                0x08007084                TSC_IRQHandler
                0x08007084                USB_HP_IRQHandler
                0x08007084                EXTI3_IRQHandler
                0x08007084                LPTIM2_IRQHandler
                0x08007084                I2C3_ER_IRQHandler
                0x08007084                EXTI0_IRQHandler
                0x08007084                FPU_IRQHandler
                0x08007084                TIM1_UP_TIM16_IRQHandler
                0x08007084                AES1_IRQHandler
                0x08007084                SPI1_IRQHandler
                0x08007084                PWR_SOTF_BLEACT_802ACT_RFPHASE_IRQHandler
                0x08007084                DMA2_Channel2_IRQHandler
                0x08007084                DMA1_Channel4_IRQHandler
                0x08007084                ADC1_IRQHandler
                0x08007084                PKA_IRQHandler
                0x08007084                DMA1_Channel7_IRQHandler
                0x08007084                LCD_IRQHandler
                0x08007084                IPCC_C1_TX_IRQHandler
                0x08007084                DMA2_Channel1_IRQHandler
                0x08007084                QUADSPI_IRQHandler
                0x08007084                I2C1_EV_IRQHandler
                0x08007084                DMAMUX1_OVR_IRQHandler
                0x08007084                DMA1_Channel6_IRQHandler
                0x08007084                DMA2_Channel4_IRQHandler
                0x08007084                RCC_IRQHandler
                0x08007084                DMA1_Channel1_IRQHandler
                0x08007084                Default_Handler
                0x08007084                DMA2_Channel7_IRQHandler
                0x08007084                EXTI15_10_IRQHandler
                0x08007084                IPCC_C1_RX_IRQHandler
                0x08007084                C2SEV_PWR_C2H_IRQHandler
                0x08007084                AES2_IRQHandler
                0x08007084                I2C3_EV_IRQHandler
                0x08007084                EXTI9_5_IRQHandler
                0x08007084                RTC_WKUP_IRQHandler
                0x08007084                PVD_PVM_IRQHandler
                0x08007084                SPI2_IRQHandler
                0x08007084                DMA2_Channel5_IRQHandler
                0x08007084                CRS_IRQHandler
                0x08007084                DMA1_Channel5_IRQHandler
                0x08007084                EXTI4_IRQHandler
                0x08007084                RNG_IRQHandler
                0x08007084                TIM1_TRG_COM_TIM17_IRQHandler
                0x08007084                TAMP_STAMP_LSECSS_IRQHandler
                0x08007084                DMA1_Channel3_IRQHandler
                0x08007084                COMP_IRQHandler
                0x08007084                HSEM_IRQHandler
                0x08007084                WWDG_IRQHandler
                0x08007084                LPUART1_IRQHandler
                0x08007084                DMA2_Channel6_IRQHandler
                0x08007084                TIM2_IRQHandler
                0x08007084                TIM1_BRK_IRQHandler
                0x08007084                EXTI1_IRQHandler
                0x08007084                DMA1_Channel2_IRQHandler
                0x08007084                FLASH_IRQHandler
                0x08007084                USART1_IRQHandler
                0x08007084                I2C1_ER_IRQHandler
                0x08007084                LPTIM1_IRQHandler
                0x08007084                SAI1_IRQHandler
                0x08007084                DMA2_Channel3_IRQHandler
 .text.__cvt    0x08007086       0xbe c:/Users/Nathan/AppData/Roaming/Code/User/globalStorage/bmd.stm32-for-vscode/@xpack-dev-tools/arm-none-eabi-gcc/15.2.1-1.1.1/.content/bin/../lib/gcc/arm-none-eabi/15.2.1/../../../../arm-none-eabi/lib/thumb/v7e-m+fp/hard\libc_nano.a(libc_a-nano-vfprintf_float.o)
                0x08007086                __cvt
 .text.__exponent
                0x08007144       0x76 c:/Users/Nathan/AppData/Roaming/Code/User/globalStorage/bmd.stm32-for-vscode/@xpack-dev-tools/arm-none-eabi-gcc/15.2.1-1.1.1/.content/bin/../lib/gcc/arm-none-eabi/15.2.1/../../../../arm-none-eabi/lib/thumb/v7e-m+fp/hard\libc_nano.a(libc_a-nano-vfprintf_float.o)
                0x08007144                __exponent
 *fill*         0x080071ba        0x2 
 .text._printf_float
                0x080071bc      0x448 c:/Users/Nathan/AppData/Roaming/Code/User/globalStorage/bmd.stm32-for-vscode/@xpack-dev-tools/arm-none-eabi-gcc/15.2.1-1.1.1/.content/bin/../lib/gcc/arm-none-eabi/15.2.1/../../../../arm-none-eabi/lib/thumb/v7e-m+fp/hard\libc_nano.a(libc_a-nano-vfprintf_float.o)
                0x080071bc                _printf_float
 .text._printf_common
                0x08007604       0xea c:/Users/Nathan/AppData/Roaming/Code/User/globalStorage/bmd.stm32-for-vscode/@xpack-dev-tools/arm-none-eabi-gcc/15.2.1-1.1.1/.content/bin/../lib/gcc/arm-none-eabi/15.2.1/../../../../arm-none-eabi/lib/thumb/v7e-m+fp/hard\libc_nano.a(libc_a-nano-vfprintf_i.o)
                0x08007604                _printf_common
 *fill*         0x080076ee        0x2 
 .text._printf_i
                0x080076f0      0x254 c:/Users/Nathan/AppData/Roaming/Code/User/globalStorage/bmd.stm32-for-vscode/@xpack-dev-tools/arm-none-eabi-gcc/15.2.1-1.1.1/.content/bin/../lib/gcc/arm-none-eabi/15.2.1/../../../../arm-none-eabi/lib/thumb/v7e-m+fp/hard\libc_nano.a(libc_a-nano-vfprintf_i.o)
                0x080076f0                _printf_i
 .text.std      0x08007944       0x6c c:/Users/Nathan/AppData/Roaming/Code/User/globalStorage/bmd.stm32-for-vscode/@xpack-dev-tools/arm-none-eabi-gcc/15.2.1-1.1.1/.content/bin/../lib/gcc/arm-none-eabi/15.2.1/../../../../arm-none-eabi/lib/thumb/v7e-m+fp/hard\libc_nano.a(libc_a-findfp.o)
 .text.stdio_exit_handler
                0x080079b0       0x18 c:/Users/Nathan/AppData/Roaming/Code/User/globalStorage/bmd.stm32-for-vscode/@xpack-dev-tools/arm-none-eabi-gcc/15.2.1-1.1.1/.content/bin/../lib/gcc/arm-none-eabi/15.2.1/../../../../arm-none-eabi/lib/thumb/v7e-m+fp/hard\libc_nano.a(libc_a-findfp.o)
 .text.cleanup_stdio
                0x080079c8       0x40 c:/Users/Nathan/AppData/Roaming/Code/User/globalStorage/bmd.stm32-for-vscode/@xpack-dev-tools/arm-none-eabi-gcc/15.2.1-1.1.1/.content/bin/../lib/gcc/arm-none-eabi/15.2.1/../../../../arm-none-eabi/lib/thumb/v7e-m+fp/hard\libc_nano.a(libc_a-findfp.o)
 .text.global_stdio_init.part.0
                0x08007a08       0x40 c:/Users/Nathan/AppData/Roaming/Code/User/globalStorage/bmd.stm32-for-vscode/@xpack-dev-tools/arm-none-eabi-gcc/15.2.1-1.1.1/.content/bin/../lib/gcc/arm-none-eabi/15.2.1/../../../../arm-none-eabi/lib/thumb/v7e-m+fp/hard\libc_nano.a(libc_a-findfp.o)
 .text.__sfp_lock_acquire
                0x08007a48        0xc c:/Users/Nathan/AppData/Roaming/Code/User/globalStorage/bmd.stm32-for-vscode/@xpack-dev-tools/arm-none-eabi-gcc/15.2.1-1.1.1/.content/bin/../lib/gcc/arm-none-eabi/15.2.1/../../../../arm-none-eabi/lib/thumb/v7e-m+fp/hard\libc_nano.a(libc_a-findfp.o)
                0x08007a48                __sfp_lock_acquire
 .text.__sfp_lock_release
                0x08007a54        0xc c:/Users/Nathan/AppData/Roaming/Code/User/globalStorage/bmd.stm32-for-vscode/@xpack-dev-tools/arm-none-eabi-gcc/15.2.1-1.1.1/.content/bin/../lib/gcc/arm-none-eabi/15.2.1/../../../../arm-none-eabi/lib/thumb/v7e-m+fp/hard\libc_nano.a(libc_a-findfp.o)
                0x08007a54                __sfp_lock_release
 .text.__sinit  0x08007a60       0x30 c:/Users/Nathan/AppData/Roaming/Code/User/globalStorage/bmd.stm32-for-vscode/@xpack-dev-tools/arm-none-eabi-gcc/15.2.1-1.1.1/.content/bin/../lib/gcc/arm-none-eabi/15.2.1/../../../../arm-none-eabi/lib/thumb/v7e-m+fp/hard\libc_nano.a(libc_a-findfp.o)
                0x08007a60                __sinit
 .text._fwalk_sglue
                0x08007a90       0x3a c:/Users/Nathan/AppData/Roaming/Code/User/globalStorage/bmd.stm32-for-vscode/@xpack-dev-tools/arm-none-eabi-gcc/15.2.1-1.1.1/.content/bin/../lib/gcc/arm-none-eabi/15.2.1/../../../../arm-none-eabi/lib/thumb/v7e-m+fp/hard\libc_nano.a(libc_a-fwalk.o)
                0x08007a90                _fwalk_sglue
 *fill*         0x08007aca        0x2 
 .text.snprintf
                0x08007acc       0x64 c:/Users/Nathan/AppData/Roaming/Code/User/globalStorage/bmd.stm32-for-vscode/@xpack-dev-tools/arm-none-eabi-gcc/15.2.1-1.1.1/.content/bin/../lib/gcc/arm-none-eabi/15.2.1/../../../../arm-none-eabi/lib/thumb/v7e-m+fp/hard\libc_nano.a(libc_a-snprintf.o)
                0x08007acc                sniprintf
                0x08007acc                snprintf
 .text.__sread  0x08007b30       0x22 c:/Users/Nathan/AppData/Roaming/Code/User/globalStorage/bmd.stm32-for-vscode/@xpack-dev-tools/arm-none-eabi-gcc/15.2.1-1.1.1/.content/bin/../lib/gcc/arm-none-eabi/15.2.1/../../../../arm-none-eabi/lib/thumb/v7e-m+fp/hard\libc_nano.a(libc_a-stdio.o)
                0x08007b30                __sread
 .text.__swrite
                0x08007b52       0x38 c:/Users/Nathan/AppData/Roaming/Code/User/globalStorage/bmd.stm32-for-vscode/@xpack-dev-tools/arm-none-eabi-gcc/15.2.1-1.1.1/.content/bin/../lib/gcc/arm-none-eabi/15.2.1/../../../../arm-none-eabi/lib/thumb/v7e-m+fp/hard\libc_nano.a(libc_a-stdio.o)
                0x08007b52                __swrite
 .text.__sseek  0x08007b8a       0x26 c:/Users/Nathan/AppData/Roaming/Code/User/globalStorage/bmd.stm32-for-vscode/@xpack-dev-tools/arm-none-eabi-gcc/15.2.1-1.1.1/.content/bin/../lib/gcc/arm-none-eabi/15.2.1/../../../../arm-none-eabi/lib/thumb/v7e-m+fp/hard\libc_nano.a(libc_a-stdio.o)
                0x08007b8a                __sseek
 .text.__sclose
                0x08007bb0        0x8 c:/Users/Nathan/AppData/Roaming/Code/User/globalStorage/bmd.stm32-for-vscode/@xpack-dev-tools/arm-none-eabi-gcc/15.2.1-1.1.1/.content/bin/../lib/gcc/arm-none-eabi/15.2.1/../../../../arm-none-eabi/lib/thumb/v7e-m+fp/hard\libc_nano.a(libc_a-stdio.o)
                0x08007bb0                __sclose
 .text.memset   0x08007bb8       0x10 c:/Users/Nathan/AppData/Roaming/Code/User/globalStorage/bmd.stm32-for-vscode/@xpack-dev-tools/arm-none-eabi-gcc/15.2.1-1.1.1/.content/bin/../lib/gcc/arm-none-eabi/15.2.1/../../../../arm-none-eabi/lib/thumb/v7e-m+fp/hard\libc_nano.a(libc_a-memset.o)
                0x08007bb8                memset
 .text._localeconv_r
                0x08007bc8        0x8 c:/Users/Nathan/AppData/Roaming/Code/User/globalStorage/bmd.stm32-for-vscode/@xpack-dev-tools/arm-none-eabi-gcc/15.2.1-1.1.1/.content/bin/../lib/gcc/arm-none-eabi/15.2.1/../../../../arm-none-eabi/lib/thumb/v7e-m+fp/hard\libc_nano.a(libc_a-localeconv.o)
                0x08007bc8                _localeconv_r
 .text._close_r
                0x08007bd0       0x20 c:/Users/Nathan/AppData/Roaming/Code/User/globalStorage/bmd.stm32-for-vscode/@xpack-dev-tools/arm-none-eabi-gcc/15.2.1-1.1.1/.content/bin/../lib/gcc/arm-none-eabi/15.2.1/../../../../arm-none-eabi/lib/thumb/v7e-m+fp/hard\libc_nano.a(libc_a-closer.o)
                0x08007bd0                _close_r
 .text._lseek_r
                0x08007bf0       0x24 c:/Users/Nathan/AppData/Roaming/Code/User/globalStorage/bmd.stm32-for-vscode/@xpack-dev-tools/arm-none-eabi-gcc/15.2.1-1.1.1/.content/bin/../lib/gcc/arm-none-eabi/15.2.1/../../../../arm-none-eabi/lib/thumb/v7e-m+fp/hard\libc_nano.a(libc_a-lseekr.o)
                0x08007bf0                _lseek_r
 .text._read_r  0x08007c14       0x24 c:/Users/Nathan/AppData/Roaming/Code/User/globalStorage/bmd.stm32-for-vscode/@xpack-dev-tools/arm-none-eabi-gcc/15.2.1-1.1.1/.content/bin/../lib/gcc/arm-none-eabi/15.2.1/../../../../arm-none-eabi/lib/thumb/v7e-m+fp/hard\libc_nano.a(libc_a-readr.o)
                0x08007c14                _read_r
 .text._write_r
                0x08007c38       0x24 c:/Users/Nathan/AppData/Roaming/Code/User/globalStorage/bmd.stm32-for-vscode/@xpack-dev-tools/arm-none-eabi-gcc/15.2.1-1.1.1/.content/bin/../lib/gcc/arm-none-eabi/15.2.1/../../../../arm-none-eabi/lib/thumb/v7e-m+fp/hard\libc_nano.a(libc_a-writer.o)
                0x08007c38                _write_r
 .text.__errno  0x08007c5c        0xc c:/Users/Nathan/AppData/Roaming/Code/User/globalStorage/bmd.stm32-for-vscode/@xpack-dev-tools/arm-none-eabi-gcc/15.2.1-1.1.1/.content/bin/../lib/gcc/arm-none-eabi/15.2.1/../../../../arm-none-eabi/lib/thumb/v7e-m+fp/hard\libc_nano.a(libc_a-errno.o)
                0x08007c5c                __errno
 .text.__libc_init_array
                0x08007c68       0x48 c:/Users/Nathan/AppData/Roaming/Code/User/globalStorage/bmd.stm32-for-vscode/@xpack-dev-tools/arm-none-eabi-gcc/15.2.1-1.1.1/.content/bin/../lib/gcc/arm-none-eabi/15.2.1/../../../../arm-none-eabi/lib/thumb/v7e-m+fp/hard\libc_nano.a(libc_a-init.o)
                0x08007c68                __libc_init_array
 .text.__retarget_lock_init_recursive
                0x08007cb0        0x2 c:/Users/Nathan/AppData/Roaming/Code/User/globalStorage/bmd.stm32-for-vscode/@xpack-dev-tools/arm-none-eabi-gcc/15.2.1-1.1.1/.content/bin/../lib/gcc/arm-none-eabi/15.2.1/../../../../arm-none-eabi/lib/thumb/v7e-m+fp/hard\libc_nano.a(libc_a-lock.o)
                0x08007cb0                __retarget_lock_init_recursive
 .text.__retarget_lock_acquire_recursive
                0x08007cb2        0x2 c:/Users/Nathan/AppData/Roaming/Code/User/globalStorage/bmd.stm32-for-vscode/@xpack-dev-tools/arm-none-eabi-gcc/15.2.1-1.1.1/.content/bin/../lib/gcc/arm-none-eabi/15.2.1/../../../../arm-none-eabi/lib/thumb/v7e-m+fp/hard\libc_nano.a(libc_a-lock.o)
                0x08007cb2                __retarget_lock_acquire_recursive
 .text.__retarget_lock_release_recursive
                0x08007cb4        0x2 c:/Users/Nathan/AppData/Roaming/Code/User/globalStorage/bmd.stm32-for-vscode/@xpack-dev-tools/arm-none-eabi-gcc/15.2.1-1.1.1/.content/bin/../lib/gcc/arm-none-eabi/15.2.1/../../../../arm-none-eabi/lib/thumb/v7e-m+fp/hard\libc_nano.a(libc_a-lock.o)
                0x08007cb4                __retarget_lock_release_recursive
 .text.memcpy   0x08007cb6       0x1c c:/Users/Nathan/AppData/Roaming/Code/User/globalStorage/bmd.stm32-for-vscode/@xpack-dev-tools/arm-none-eabi-gcc/15.2.1-1.1.1/.content/bin/../lib/gcc/arm-none-eabi/15.2.1/../../../../arm-none-eabi/lib/thumb/v7e-m+fp/hard\libc_nano.a(libc_a-memcpy-stub.o)
                0x08007cb6                memcpy
 .text.quorem   0x08007cd2      0x110 c:/Users/Nathan/AppData/Roaming/Code/User/globalStorage/bmd.stm32-for-vscode/@xpack-dev-tools/arm-none-eabi-gcc/15.2.1-1.1.1/.content/bin/../lib/gcc/arm-none-eabi/15.2.1/../../../../arm-none-eabi/lib/thumb/v7e-m+fp/hard\libc_nano.a(libc_a-dtoa.o)
 *fill*         0x08007de2        0x6 
 .text._dtoa_r  0x08007de8      0xbac c:/Users/Nathan/AppData/Roaming/Code/User/globalStorage/bmd.stm32-for-vscode/@xpack-dev-tools/arm-none-eabi-gcc/15.2.1-1.1.1/.content/bin/../lib/gcc/arm-none-eabi/15.2.1/../../../../arm-none-eabi/lib/thumb/v7e-m+fp/hard\libc_nano.a(libc_a-dtoa.o)
                0x08007de8                _dtoa_r
 .text._free_r  0x08008994       0x98 c:/Users/Nathan/AppData/Roaming/Code/User/globalStorage/bmd.stm32-for-vscode/@xpack-dev-tools/arm-none-eabi-gcc/15.2.1-1.1.1/.content/bin/../lib/gcc/arm-none-eabi/15.2.1/../../../../arm-none-eabi/lib/thumb/v7e-m+fp/hard\libc_nano.a(libc_a-freer.o)
                0x08008994                _free_r
 .text.malloc   0x08008a2c       0x10 c:/Users/Nathan/AppData/Roaming/Code/User/globalStorage/bmd.stm32-for-vscode/@xpack-dev-tools/arm-none-eabi-gcc/15.2.1-1.1.1/.content/bin/../lib/gcc/arm-none-eabi/15.2.1/../../../../arm-none-eabi/lib/thumb/v7e-m+fp/hard\libc_nano.a(libc_a-malloc.o)
                0x08008a2c                malloc
 .text.sbrk_aligned
                0x08008a3c       0x44 c:/Users/Nathan/AppData/Roaming/Code/User/globalStorage/bmd.stm32-for-vscode/@xpack-dev-tools/arm-none-eabi-gcc/15.2.1-1.1.1/.content/bin/../lib/gcc/arm-none-eabi/15.2.1/../../../../arm-none-eabi/lib/thumb/v7e-m+fp/hard\libc_nano.a(libc_a-mallocr.o)
 .text._malloc_r
                0x08008a80       0xf8 c:/Users/Nathan/AppData/Roaming/Code/User/globalStorage/bmd.stm32-for-vscode/@xpack-dev-tools/arm-none-eabi-gcc/15.2.1-1.1.1/.content/bin/../lib/gcc/arm-none-eabi/15.2.1/../../../../arm-none-eabi/lib/thumb/v7e-m+fp/hard\libc_nano.a(libc_a-mallocr.o)
                0x08008a80                _malloc_r
 .text.__malloc_lock
                0x08008b78        0xc c:/Users/Nathan/AppData/Roaming/Code/User/globalStorage/bmd.stm32-for-vscode/@xpack-dev-tools/arm-none-eabi-gcc/15.2.1-1.1.1/.content/bin/../lib/gcc/arm-none-eabi/15.2.1/../../../../arm-none-eabi/lib/thumb/v7e-m+fp/hard\libc_nano.a(libc_a-mlock.o)
                0x08008b78                __malloc_lock
 .text.__malloc_unlock
                0x08008b84        0xc c:/Users/Nathan/AppData/Roaming/Code/User/globalStorage/bmd.stm32-for-vscode/@xpack-dev-tools/arm-none-eabi-gcc/15.2.1-1.1.1/.content/bin/../lib/gcc/arm-none-eabi/15.2.1/../../../../arm-none-eabi/lib/thumb/v7e-m+fp/hard\libc_nano.a(libc_a-mlock.o)
                0x08008b84                __malloc_unlock
 .text._Balloc  0x08008b90       0x7c c:/Users/Nathan/AppData/Roaming/Code/User/globalStorage/bmd.stm32-for-vscode/@xpack-dev-tools/arm-none-eabi-gcc/15.2.1-1.1.1/.content/bin/../lib/gcc/arm-none-eabi/15.2.1/../../../../arm-none-eabi/lib/thumb/v7e-m+fp/hard\libc_nano.a(libc_a-mprec.o)
                0x08008b90                _Balloc
 .text._Bfree   0x08008c0c       0x44 c:/Users/Nathan/AppData/Roaming/Code/User/globalStorage/bmd.stm32-for-vscode/@xpack-dev-tools/arm-none-eabi-gcc/15.2.1-1.1.1/.content/bin/../lib/gcc/arm-none-eabi/15.2.1/../../../../arm-none-eabi/lib/thumb/v7e-m+fp/hard\libc_nano.a(libc_a-mprec.o)
                0x08008c0c                _Bfree
 .text.__multadd
                0x08008c50       0x8c c:/Users/Nathan/AppData/Roaming/Code/User/globalStorage/bmd.stm32-for-vscode/@xpack-dev-tools/arm-none-eabi-gcc/15.2.1-1.1.1/.content/bin/../lib/gcc/arm-none-eabi/15.2.1/../../../../arm-none-eabi/lib/thumb/v7e-m+fp/hard\libc_nano.a(libc_a-mprec.o)
                0x08008c50                __multadd
 .text.__hi0bits
                0x08008cdc       0x3c c:/Users/Nathan/AppData/Roaming/Code/User/globalStorage/bmd.stm32-for-vscode/@xpack-dev-tools/arm-none-eabi-gcc/15.2.1-1.1.1/.content/bin/../lib/gcc/arm-none-eabi/15.2.1/../../../../arm-none-eabi/lib/thumb/v7e-m+fp/hard\libc_nano.a(libc_a-mprec.o)
                0x08008cdc                __hi0bits
 .text.__lo0bits
                0x08008d18       0x5c c:/Users/Nathan/AppData/Roaming/Code/User/globalStorage/bmd.stm32-for-vscode/@xpack-dev-tools/arm-none-eabi-gcc/15.2.1-1.1.1/.content/bin/../lib/gcc/arm-none-eabi/15.2.1/../../../../arm-none-eabi/lib/thumb/v7e-m+fp/hard\libc_nano.a(libc_a-mprec.o)
                0x08008d18                __lo0bits
 .text.__i2b    0x08008d74       0x2c c:/Users/Nathan/AppData/Roaming/Code/User/globalStorage/bmd.stm32-for-vscode/@xpack-dev-tools/arm-none-eabi-gcc/15.2.1-1.1.1/.content/bin/../lib/gcc/arm-none-eabi/15.2.1/../../../../arm-none-eabi/lib/thumb/v7e-m+fp/hard\libc_nano.a(libc_a-mprec.o)
                0x08008d74                __i2b
 .text.__multiply
                0x08008da0      0x16c c:/Users/Nathan/AppData/Roaming/Code/User/globalStorage/bmd.stm32-for-vscode/@xpack-dev-tools/arm-none-eabi-gcc/15.2.1-1.1.1/.content/bin/../lib/gcc/arm-none-eabi/15.2.1/../../../../arm-none-eabi/lib/thumb/v7e-m+fp/hard\libc_nano.a(libc_a-mprec.o)
                0x08008da0                __multiply
 .text.__pow5mult
                0x08008f0c       0xb8 c:/Users/Nathan/AppData/Roaming/Code/User/globalStorage/bmd.stm32-for-vscode/@xpack-dev-tools/arm-none-eabi-gcc/15.2.1-1.1.1/.content/bin/../lib/gcc/arm-none-eabi/15.2.1/../../../../arm-none-eabi/lib/thumb/v7e-m+fp/hard\libc_nano.a(libc_a-mprec.o)
                0x08008f0c                __pow5mult
 .text.__lshift
                0x08008fc4       0xe4 c:/Users/Nathan/AppData/Roaming/Code/User/globalStorage/bmd.stm32-for-vscode/@xpack-dev-tools/arm-none-eabi-gcc/15.2.1-1.1.1/.content/bin/../lib/gcc/arm-none-eabi/15.2.1/../../../../arm-none-eabi/lib/thumb/v7e-m+fp/hard\libc_nano.a(libc_a-mprec.o)
                0x08008fc4                __lshift
 .text.__mcmp   0x080090a8       0x36 c:/Users/Nathan/AppData/Roaming/Code/User/globalStorage/bmd.stm32-for-vscode/@xpack-dev-tools/arm-none-eabi-gcc/15.2.1-1.1.1/.content/bin/../lib/gcc/arm-none-eabi/15.2.1/../../../../arm-none-eabi/lib/thumb/v7e-m+fp/hard\libc_nano.a(libc_a-mprec.o)
                0x080090a8                __mcmp
 *fill*         0x080090de        0x2 
 .text.__mdiff  0x080090e0      0x130 c:/Users/Nathan/AppData/Roaming/Code/User/globalStorage/bmd.stm32-for-vscode/@xpack-dev-tools/arm-none-eabi-gcc/15.2.1-1.1.1/.content/bin/../lib/gcc/arm-none-eabi/15.2.1/../../../../arm-none-eabi/lib/thumb/v7e-m+fp/hard\libc_nano.a(libc_a-mprec.o)
                0x080090e0                __mdiff
 .text.__d2b    0x08009210       0xb0 c:/Users/Nathan/AppData/Roaming/Code/User/globalStorage/bmd.stm32-for-vscode/@xpack-dev-tools/arm-none-eabi-gcc/15.2.1-1.1.1/.content/bin/../lib/gcc/arm-none-eabi/15.2.1/../../../../arm-none-eabi/lib/thumb/v7e-m+fp/hard\libc_nano.a(libc_a-mprec.o)
                0x08009210                __d2b
 .text.__ssputs_r
                0x080092c0       0xc0 c:/Users/Nathan/AppData/Roaming/Code/User/globalStorage/bmd.stm32-for-vscode/@xpack-dev-tools/arm-none-eabi-gcc/15.2.1-1.1.1/.content/bin/../lib/gcc/arm-none-eabi/15.2.1/../../../../arm-none-eabi/lib/thumb/v7e-m+fp/hard\libc_nano.a(libc_a-nano-svfprintf.o)
                0x080092c0                __ssputs_r
 .text._svfprintf_r
                0x08009380      0x1f0 c:/Users/Nathan/AppData/Roaming/Code/User/globalStorage/bmd.stm32-for-vscode/@xpack-dev-tools/arm-none-eabi-gcc/15.2.1-1.1.1/.content/bin/../lib/gcc/arm-none-eabi/15.2.1/../../../../arm-none-eabi/lib/thumb/v7e-m+fp/hard\libc_nano.a(libc_a-nano-svfprintf.o)
                0x08009380                _svfiprintf_r
                0x08009380                _svfprintf_r
 .text.__sfputc_r
                0x08009570       0x2a c:/Users/Nathan/AppData/Roaming/Code/User/globalStorage/bmd.stm32-for-vscode/@xpack-dev-tools/arm-none-eabi-gcc/15.2.1-1.1.1/.content/bin/../lib/gcc/arm-none-eabi/15.2.1/../../../../arm-none-eabi/lib/thumb/v7e-m+fp/hard\libc_nano.a(libc_a-nano-vfprintf.o)
 .text.__sfputs_r
                0x0800959a       0x24 c:/Users/Nathan/AppData/Roaming/Code/User/globalStorage/bmd.stm32-for-vscode/@xpack-dev-tools/arm-none-eabi-gcc/15.2.1-1.1.1/.content/bin/../lib/gcc/arm-none-eabi/15.2.1/../../../../arm-none-eabi/lib/thumb/v7e-m+fp/hard\libc_nano.a(libc_a-nano-vfprintf.o)
                0x0800959a                __sfputs_r
 *fill*         0x080095be        0x2 
 .text._vfprintf_r
                0x080095c0      0x228 c:/Users/Nathan/AppData/Roaming/Code/User/globalStorage/bmd.stm32-for-vscode/@xpack-dev-tools/arm-none-eabi-gcc/15.2.1-1.1.1/.content/bin/../lib/gcc/arm-none-eabi/15.2.1/../../../../arm-none-eabi/lib/thumb/v7e-m+fp/hard\libc_nano.a(libc_a-nano-vfprintf.o)
                0x080095c0                _vfprintf_r
                0x080095c0                _vfiprintf_r
 .text.__sflush_r
                0x080097e8      0x100 c:/Users/Nathan/AppData/Roaming/Code/User/globalStorage/bmd.stm32-for-vscode/@xpack-dev-tools/arm-none-eabi-gcc/15.2.1-1.1.1/.content/bin/../lib/gcc/arm-none-eabi/15.2.1/../../../../arm-none-eabi/lib/thumb/v7e-m+fp/hard\libc_nano.a(libc_a-fflush.o)
                0x080097e8                __sflush_r
 .text._fflush_r
                0x080098e8       0x50 c:/Users/Nathan/AppData/Roaming/Code/User/globalStorage/bmd.stm32-for-vscode/@xpack-dev-tools/arm-none-eabi-gcc/15.2.1-1.1.1/.content/bin/../lib/gcc/arm-none-eabi/15.2.1/../../../../arm-none-eabi/lib/thumb/v7e-m+fp/hard\libc_nano.a(libc_a-fflush.o)
                0x080098e8                _fflush_r
 .text.__swbuf_r
                0x08009938       0x7a c:/Users/Nathan/AppData/Roaming/Code/User/globalStorage/bmd.stm32-for-vscode/@xpack-dev-tools/arm-none-eabi-gcc/15.2.1-1.1.1/.content/bin/../lib/gcc/arm-none-eabi/15.2.1/../../../../arm-none-eabi/lib/thumb/v7e-m+fp/hard\libc_nano.a(libc_a-wbuf.o)
                0x08009938                __swbuf_r
 *fill*         0x080099b2        0x2 
 .text.__swsetup_r
                0x080099b4       0xa8 c:/Users/Nathan/AppData/Roaming/Code/User/globalStorage/bmd.stm32-for-vscode/@xpack-dev-tools/arm-none-eabi-gcc/15.2.1-1.1.1/.content/bin/../lib/gcc/arm-none-eabi/15.2.1/../../../../arm-none-eabi/lib/thumb/v7e-m+fp/hard\libc_nano.a(libc_a-wsetup.o)
                0x080099b4                __swsetup_r
 .text.memmove  0x08009a5c       0x32 c:/Users/Nathan/AppData/Roaming/Code/User/globalStorage/bmd.stm32-for-vscode/@xpack-dev-tools/arm-none-eabi-gcc/15.2.1-1.1.1/.content/bin/../lib/gcc/arm-none-eabi/15.2.1/../../../../arm-none-eabi/lib/thumb/v7e-m+fp/hard\libc_nano.a(libc_a-memmove.o)
                0x08009a5c                memmove
 *fill*         0x08009a8e        0x2 
 .text._sbrk_r  0x08009a90       0x20 c:/Users/Nathan/AppData/Roaming/Code/User/globalStorage/bmd.stm32-for-vscode/@xpack-dev-tools/arm-none-eabi-gcc/15.2.1-1.1.1/.content/bin/../lib/gcc/arm-none-eabi/15.2.1/../../../../arm-none-eabi/lib/thumb/v7e-m+fp/hard\libc_nano.a(libc_a-sbrkr.o)
                0x08009a90                _sbrk_r
 .text.__assert_func
                0x08009ab0       0x3c c:/Users/Nathan/AppData/Roaming/Code/User/globalStorage/bmd.stm32-for-vscode/@xpack-dev-tools/arm-none-eabi-gcc/15.2.1-1.1.1/.content/bin/../lib/gcc/arm-none-eabi/15.2.1/../../../../arm-none-eabi/lib/thumb/v7e-m+fp/hard\libc_nano.a(libc_a-assert.o)
                0x08009ab0                __assert_func
 .text._calloc_r
                0x08009aec       0x28 c:/Users/Nathan/AppData/Roaming/Code/User/globalStorage/bmd.stm32-for-vscode/@xpack-dev-tools/arm-none-eabi-gcc/15.2.1-1.1.1/.content/bin/../lib/gcc/arm-none-eabi/15.2.1/../../../../arm-none-eabi/lib/thumb/v7e-m+fp/hard\libc_nano.a(libc_a-callocr.o)
                0x08009aec                _calloc_r
 .text.__ascii_mbtowc
                0x08009b14       0x24 c:/Users/Nathan/AppData/Roaming/Code/User/globalStorage/bmd.stm32-for-vscode/@xpack-dev-tools/arm-none-eabi-gcc/15.2.1-1.1.1/.content/bin/../lib/gcc/arm-none-eabi/15.2.1/../../../../arm-none-eabi/lib/thumb/v7e-m+fp/hard\libc_nano.a(libc_a-mbtowc_r.o)
                0x08009b14                __ascii_mbtowc
 .text._realloc_r
                0x08009b38       0x5c c:/Users/Nathan/AppData/Roaming/Code/User/globalStorage/bmd.stm32-for-vscode/@xpack-dev-tools/arm-none-eabi-gcc/15.2.1-1.1.1/.content/bin/../lib/gcc/arm-none-eabi/15.2.1/../../../../arm-none-eabi/lib/thumb/v7e-m+fp/hard\libc_nano.a(libc_a-reallocr.o)
                0x08009b38                _realloc_r
 .text.__ascii_wctomb
                0x08009b94       0x1a c:/Users/Nathan/AppData/Roaming/Code/User/globalStorage/bmd.stm32-for-vscode/@xpack-dev-tools/arm-none-eabi-gcc/15.2.1-1.1.1/.content/bin/../lib/gcc/arm-none-eabi/15.2.1/../../../../arm-none-eabi/lib/thumb/v7e-m+fp/hard\libc_nano.a(libc_a-wctomb_r.o)
                0x08009b94                __ascii_wctomb
 *fill*         0x08009bae        0x2 
 .text.fprintf  0x08009bb0       0x24 c:/Users/Nathan/AppData/Roaming/Code/User/globalStorage/bmd.stm32-for-vscode/@xpack-dev-tools/arm-none-eabi-gcc/15.2.1-1.1.1/.content/bin/../lib/gcc/arm-none-eabi/15.2.1/../../../../arm-none-eabi/lib/thumb/v7e-m+fp/hard\libc_nano.a(libc_a-fprintf.o)
                0x08009bb0                fiprintf
                0x08009bb0                fprintf
 .text.__swhatbuf_r
                0x08009bd4       0x48 c:/Users/Nathan/AppData/Roaming/Code/User/globalStorage/bmd.stm32-for-vscode/@xpack-dev-tools/arm-none-eabi-gcc/15.2.1-1.1.1/.content/bin/../lib/gcc/arm-none-eabi/15.2.1/../../../../arm-none-eabi/lib/thumb/v7e-m+fp/hard\libc_nano.a(libc_a-makebuf.o)
                0x08009bd4                __swhatbuf_r
 .text.__smakebuf_r
                0x08009c1c       0x72 c:/Users/Nathan/AppData/Roaming/Code/User/globalStorage/bmd.stm32-for-vscode/@xpack-dev-tools/arm-none-eabi-gcc/15.2.1-1.1.1/.content/bin/../lib/gcc/arm-none-eabi/15.2.1/../../../../arm-none-eabi/lib/thumb/v7e-m+fp/hard\libc_nano.a(libc_a-makebuf.o)
                0x08009c1c                __smakebuf_r
 *fill*         0x08009c8e        0x2 
 .text._fstat_r
                0x08009c90       0x24 c:/Users/Nathan/AppData/Roaming/Code/User/globalStorage/bmd.stm32-for-vscode/@xpack-dev-tools/arm-none-eabi-gcc/15.2.1-1.1.1/.content/bin/../lib/gcc/arm-none-eabi/15.2.1/../../../../arm-none-eabi/lib/thumb/v7e-m+fp/hard\libc_nano.a(libc_a-fstatr.o)
                0x08009c90                _fstat_r
 .text._isatty_r
                0x08009cb4       0x20 c:/Users/Nathan/AppData/Roaming/Code/User/globalStorage/bmd.stm32-for-vscode/@xpack-dev-tools/arm-none-eabi-gcc/15.2.1-1.1.1/.content/bin/../lib/gcc/arm-none-eabi/15.2.1/../../../../arm-none-eabi/lib/thumb/v7e-m+fp/hard\libc_nano.a(libc_a-isattyr.o)
                0x08009cb4                _isatty_r
 .text.abort    0x08009cd4        0xe c:/Users/Nathan/AppData/Roaming/Code/User/globalStorage/bmd.stm32-for-vscode/@xpack-dev-tools/arm-none-eabi-gcc/15.2.1-1.1.1/.content/bin/../lib/gcc/arm-none-eabi/15.2.1/../../../../arm-none-eabi/lib/thumb/v7e-m+fp/hard\libc_nano.a(libc_a-abort.o)
                0x08009cd4                abort
 .text._malloc_usable_size_r
                0x08009ce2       0x10 c:/Users/Nathan/AppData/Roaming/Code/User/globalStorage/bmd.stm32-for-vscode/@xpack-dev-tools/arm-none-eabi-gcc/15.2.1-1.1.1/.content/bin/../lib/gcc/arm-none-eabi/15.2.1/../../../../arm-none-eabi/lib/thumb/v7e-m+fp/hard\libc_nano.a(libc_a-msizer.o)
                0x08009ce2                _malloc_usable_size_r
 .text._raise_r
                0x08009cf2       0x50 c:/Users/Nathan/AppData/Roaming/Code/User/globalStorage/bmd.stm32-for-vscode/@xpack-dev-tools/arm-none-eabi-gcc/15.2.1-1.1.1/.content/bin/../lib/gcc/arm-none-eabi/15.2.1/../../../../arm-none-eabi/lib/thumb/v7e-m+fp/hard\libc_nano.a(libc_a-signal.o)
                0x08009cf2                _raise_r
 *fill*         0x08009d42        0x2 
 .text.raise    0x08009d44       0x10 c:/Users/Nathan/AppData/Roaming/Code/User/globalStorage/bmd.stm32-for-vscode/@xpack-dev-tools/arm-none-eabi-gcc/15.2.1-1.1.1/.content/bin/../lib/gcc/arm-none-eabi/15.2.1/../../../../arm-none-eabi/lib/thumb/v7e-m+fp/hard\libc_nano.a(libc_a-signal.o)
                0x08009d44                raise
 .text._kill_r  0x08009d54       0x24 c:/Users/Nathan/AppData/Roaming/Code/User/globalStorage/bmd.stm32-for-vscode/@xpack-dev-tools/arm-none-eabi-gcc/15.2.1-1.1.1/.content/bin/../lib/gcc/arm-none-eabi/15.2.1/../../../../arm-none-eabi/lib/thumb/v7e-m+fp/hard\libc_nano.a(libc_a-signalr.o)
                0x08009d54                _kill_r
 .text._getpid_r
                0x08009d78        0x4 c:/Users/Nathan/AppData/Roaming/Code/User/globalStorage/bmd.stm32-for-vscode/@xpack-dev-tools/arm-none-eabi-gcc/15.2.1-1.1.1/.content/bin/../lib/gcc/arm-none-eabi/15.2.1/../../../../arm-none-eabi/lib/thumb/v7e-m+fp/hard\libc_nano.a(libc_a-signalr.o)
                0x08009d78                _getpid_r
 *(.glue_7)
 .glue_7        0x08009d7c        0x0 linker stubs
 *(.glue_7t)
 .glue_7t       0x08009d7c        0x0 linker stubs
 *(.eh_frame)
 .eh_frame      0x08009d7c        0x0 c:/Users/Nathan/AppData/Roaming/Code/User/globalStorage/bmd.stm32-for-vscode/@xpack-dev-tools/arm-none-eabi-gcc/15.2.1-1.1.1/.content/bin/../lib/gcc/arm-none-eabi/15.2.1/thumb/v7e-m+fp/hard/crtbegin.o
 *(.init)
 .init          0x08009d7c        0x4 c:/Users/Nathan/AppData/Roaming/Code/User/globalStorage/bmd.stm32-for-vscode/@xpack-dev-tools/arm-none-eabi-gcc/15.2.1-1.1.1/.content/bin/../lib/gcc/arm-none-eabi/15.2.1/thumb/v7e-m+fp/hard/crti.o
                0x08009d7c                _init
 .init          0x08009d80        0x8 c:/Users/Nathan/AppData/Roaming/Code/User/globalStorage/bmd.stm32-for-vscode/@xpack-dev-tools/arm-none-eabi-gcc/15.2.1-1.1.1/.content/bin/../lib/gcc/arm-none-eabi/15.2.1/thumb/v7e-m+fp/hard/crtn.o
 *(.fini)
 .fini          0x08009d88        0x4 c:/Users/Nathan/AppData/Roaming/Code/User/globalStorage/bmd.stm32-for-vscode/@xpack-dev-tools/arm-none-eabi-gcc/15.2.1-1.1.1/.content/bin/../lib/gcc/arm-none-eabi/15.2.1/thumb/v7e-m+fp/hard/crti.o
                0x08009d88                _fini
 .fini          0x08009d8c        0x8 c:/Users/Nathan/AppData/Roaming/Code/User/globalStorage/bmd.stm32-for-vscode/@xpack-dev-tools/arm-none-eabi-gcc/15.2.1-1.1.1/.content/bin/../lib/gcc/arm-none-eabi/15.2.1/thumb/v7e-m+fp/hard/crtn.o
                0x08009d94                        . = ALIGN (0x4)
                0x08009d94                        _etext = .

.vfp11_veneer   0x08009d94        0x0
 .vfp11_veneer  0x08009d94        0x0 linker stubs

.v4_bx          0x08009d94        0x0
 .v4_bx         0x08009d94        0x0 linker stubs

.iplt           0x08009d94        0x0
 .iplt          0x08009d94        0x0 c:/Users/Nathan/AppData/Roaming/Code/User/globalStorage/bmd.stm32-for-vscode/@xpack-dev-tools/arm-none-eabi-gcc/15.2.1-1.1.1/.content/bin/../lib/gcc/arm-none-eabi/15.2.1/thumb/v7e-m+fp/hard/crtbegin.o

.rodata         0x08009d98      0x65c
                0x08009d98                        . = ALIGN (0x4)
 *(.rodata)
 .rodata        0x08009d98       0x2c build/release/stm32wbxx_hal_rcc.o
 *(.rodata*)
 .rodata.bmp_log.str1.4
                0x08009dc4      0x18a build/release/main.o
                                 0x10 (size before relaxing)
 .rodata.BMP580_Setup.str1.4
                0x08009f4e        0x0 build/release/main.o
                                 0xad (size before relaxing)
 .rodata.main.str1.4
                0x08009f4e        0x0 build/release/main.o
                                 0x7e (size before relaxing)
 *fill*         0x08009f4e        0x2 
 .rodata.MSIRangeTable
                0x08009f50       0x40 build/release/system_stm32wbxx.o
                0x08009f50                MSIRangeTable
 .rodata.AHBPrescTable
                0x08009f90       0x40 build/release/system_stm32wbxx.o
                0x08009f90                AHBPrescTable
 .rodata.USBD_CDC_ProductStrDescriptor.str1.4
                0x08009fd0        0x0 build/release/usbd_desc.o
                                 0x16 (size before relaxing)
 .rodata.USBD_CDC_ManufacturerStrDescriptor.str1.4
                0x08009fd0        0x0 build/release/usbd_desc.o
                                 0x13 (size before relaxing)
 .rodata.USBD_CDC_ConfigStrDescriptor.str1.4
                0x08009fd0        0x0 build/release/usbd_desc.o
                                  0xb (size before relaxing)
 .rodata.USBD_CDC_InterfaceStrDescriptor.str1.4
                0x08009fd0        0x0 build/release/usbd_desc.o
                                  0xe (size before relaxing)
 .rodata._printf_float.str1.1
                0x08009fd0      0x21f c:/Users/Nathan/AppData/Roaming/Code/User/globalStorage/bmd.stm32-for-vscode/@xpack-dev-tools/arm-none-eabi-gcc/15.2.1-1.1.1/.content/bin/../lib/gcc/arm-none-eabi/15.2.1/../../../../arm-none-eabi/lib/thumb/v7e-m+fp/hard\libc_nano.a(libc_a-nano-vfprintf_float.o)
                                 0x12 (size before relaxing)
 .rodata._printf_i.str1.1
                0x0800a1ef        0x0 c:/Users/Nathan/AppData/Roaming/Code/User/globalStorage/bmd.stm32-for-vscode/@xpack-dev-tools/arm-none-eabi-gcc/15.2.1-1.1.1/.content/bin/../lib/gcc/arm-none-eabi/15.2.1/../../../../arm-none-eabi/lib/thumb/v7e-m+fp/hard\libc_nano.a(libc_a-nano-vfprintf_i.o)
                                 0x22 (size before relaxing)
 .rodata._dtoa_r.str1.1
                0x0800a1ef        0x0 c:/Users/Nathan/AppData/Roaming/Code/User/globalStorage/bmd.stm32-for-vscode/@xpack-dev-tools/arm-none-eabi-gcc/15.2.1-1.1.1/.content/bin/../lib/gcc/arm-none-eabi/15.2.1/../../../../arm-none-eabi/lib/thumb/v7e-m+fp/hard\libc_nano.a(libc_a-dtoa.o)
                                 0xe6 (size before relaxing)
 .rodata._Balloc.str1.1
                0x0800a1ef        0x0 c:/Users/Nathan/AppData/Roaming/Code/User/globalStorage/bmd.stm32-for-vscode/@xpack-dev-tools/arm-none-eabi-gcc/15.2.1-1.1.1/.content/bin/../lib/gcc/arm-none-eabi/15.2.1/../../../../arm-none-eabi/lib/thumb/v7e-m+fp/hard\libc_nano.a(libc_a-mprec.o)
                                 0xc7 (size before relaxing)
 .rodata.__multadd.str1.1
                0x0800a1ef        0x0 c:/Users/Nathan/AppData/Roaming/Code/User/globalStorage/bmd.stm32-for-vscode/@xpack-dev-tools/arm-none-eabi-gcc/15.2.1-1.1.1/.content/bin/../lib/gcc/arm-none-eabi/15.2.1/../../../../arm-none-eabi/lib/thumb/v7e-m+fp/hard\libc_nano.a(libc_a-mprec.o)
                                 0x11 (size before relaxing)
 *fill*         0x0800a1ef        0x1 
 .rodata.p05.0  0x0800a1f0        0xc c:/Users/Nathan/AppData/Roaming/Code/User/globalStorage/bmd.stm32-for-vscode/@xpack-dev-tools/arm-none-eabi-gcc/15.2.1-1.1.1/.content/bin/../lib/gcc/arm-none-eabi/15.2.1/../../../../arm-none-eabi/lib/thumb/v7e-m+fp/hard\libc_nano.a(libc_a-mprec.o)
 *fill*         0x0800a1fc        0x4 
 .rodata.__mprec_bigtens
                0x0800a200       0x28 c:/Users/Nathan/AppData/Roaming/Code/User/globalStorage/bmd.stm32-for-vscode/@xpack-dev-tools/arm-none-eabi-gcc/15.2.1-1.1.1/.content/bin/../lib/gcc/arm-none-eabi/15.2.1/../../../../arm-none-eabi/lib/thumb/v7e-m+fp/hard\libc_nano.a(libc_a-mprec.o)
                0x0800a200                __mprec_bigtens
 .rodata.__mprec_tens
                0x0800a228       0xc8 c:/Users/Nathan/AppData/Roaming/Code/User/globalStorage/bmd.stm32-for-vscode/@xpack-dev-tools/arm-none-eabi-gcc/15.2.1-1.1.1/.content/bin/../lib/gcc/arm-none-eabi/15.2.1/../../../../arm-none-eabi/lib/thumb/v7e-m+fp/hard\libc_nano.a(libc_a-mprec.o)
                0x0800a228                __mprec_tens
 .rodata._svfprintf_r.str1.1
                0x0800a2f0        0x0 c:/Users/Nathan/AppData/Roaming/Code/User/globalStorage/bmd.stm32-for-vscode/@xpack-dev-tools/arm-none-eabi-gcc/15.2.1-1.1.1/.content/bin/../lib/gcc/arm-none-eabi/15.2.1/../../../../arm-none-eabi/lib/thumb/v7e-m+fp/hard\libc_nano.a(libc_a-nano-svfprintf.o)
                                 0x11 (size before relaxing)
 .rodata._vfprintf_r.str1.1
                0x0800a2f0        0x0 c:/Users/Nathan/AppData/Roaming/Code/User/globalStorage/bmd.stm32-for-vscode/@xpack-dev-tools/arm-none-eabi-gcc/15.2.1-1.1.1/.content/bin/../lib/gcc/arm-none-eabi/15.2.1/../../../../arm-none-eabi/lib/thumb/v7e-m+fp/hard\libc_nano.a(libc_a-nano-vfprintf.o)
                                 0x11 (size before relaxing)
 .rodata._setlocale_r.str1.1
                0x0800a2f0        0x0 c:/Users/Nathan/AppData/Roaming/Code/User/globalStorage/bmd.stm32-for-vscode/@xpack-dev-tools/arm-none-eabi-gcc/15.2.1-1.1.1/.content/bin/../lib/gcc/arm-none-eabi/15.2.1/../../../../arm-none-eabi/lib/thumb/v7e-m+fp/hard\libc_nano.a(libc_a-locale.o)
                                  0x9 (size before relaxing)
 .rodata.str1.1
                0x0800a2f0        0x0 c:/Users/Nathan/AppData/Roaming/Code/User/globalStorage/bmd.stm32-for-vscode/@xpack-dev-tools/arm-none-eabi-gcc/15.2.1-1.1.1/.content/bin/../lib/gcc/arm-none-eabi/15.2.1/../../../../arm-none-eabi/lib/thumb/v7e-m+fp/hard\libc_nano.a(libc_a-locale.o)
                                  0x2 (size before relaxing)
 .rodata.__assert_func.str1.1
                0x0800a2f0        0x0 c:/Users/Nathan/AppData/Roaming/Code/User/globalStorage/bmd.stm32-for-vscode/@xpack-dev-tools/arm-none-eabi-gcc/15.2.1-1.1.1/.content/bin/../lib/gcc/arm-none-eabi/15.2.1/../../../../arm-none-eabi/lib/thumb/v7e-m+fp/hard\libc_nano.a(libc_a-assert.o)
                                 0x3d (size before relaxing)
 .rodata._ctype_
                0x0800a2f0      0x101 c:/Users/Nathan/AppData/Roaming/Code/User/globalStorage/bmd.stm32-for-vscode/@xpack-dev-tools/arm-none-eabi-gcc/15.2.1-1.1.1/.content/bin/../lib/gcc/arm-none-eabi/15.2.1/../../../../arm-none-eabi/lib/thumb/v7e-m+fp/hard\libc_nano.a(libc_a-ctype_.o)
                0x0800a2f0                _ctype_
                0x0800a3f4                        . = ALIGN (0x4)
 *fill*         0x0800a3f1        0x3 

.ARM.extab
 *(.ARM.extab* .gnu.linkonce.armextab.*)

.ARM            0x0800a3f4        0x8
                0x0800a3f4                        __exidx_start = .
 *(.ARM.exidx*)
 .ARM.exidx     0x0800a3f4        0x8 c:/Users/Nathan/AppData/Roaming/Code/User/globalStorage/bmd.stm32-for-vscode/@xpack-dev-tools/arm-none-eabi-gcc/15.2.1-1.1.1/.content/bin/../lib/gcc/arm-none-eabi/15.2.1/../../../../arm-none-eabi/lib/thumb/v7e-m+fp/hard\libc_nano.a(libc_a-memchr.o)
 .ARM.exidx     0x0800a3fc        0x0 c:/Users/Nathan/AppData/Roaming/Code/User/globalStorage/bmd.stm32-for-vscode/@xpack-dev-tools/arm-none-eabi-gcc/15.2.1-1.1.1/.content/bin/../lib/gcc/arm-none-eabi/15.2.1/../../../../arm-none-eabi/lib/thumb/v7e-m+fp/hard\libc_nano.a(libc_a-strlen.o)
                                  0x8 (size before relaxing)
                0x0800a3fc                        __exidx_end = .

.preinit_array  0x0800a3fc        0x0
                0x0800a3fc                        PROVIDE (__preinit_array_start = .)
 *(.preinit_array*)
                0x0800a3fc                        PROVIDE (__preinit_array_end = .)

.init_array     0x0800a3fc        0x4
                0x0800a3fc                        PROVIDE (__init_array_start = .)
 *(SORT_BY_NAME(.init_array.*))
 *(.init_array*)
 .init_array    0x0800a3fc        0x4 c:/Users/Nathan/AppData/Roaming/Code/User/globalStorage/bmd.stm32-for-vscode/@xpack-dev-tools/arm-none-eabi-gcc/15.2.1-1.1.1/.content/bin/../lib/gcc/arm-none-eabi/15.2.1/thumb/v7e-m+fp/hard/crtbegin.o
                0x0800a400                        PROVIDE (__init_array_end = .)

.fini_array     0x0800a400        0x4
                0x0800a400                        PROVIDE (__fini_array_start = .)
 *(SORT_BY_NAME(.fini_array.*))
 *(.fini_array*)
 .fini_array    0x0800a400        0x4 c:/Users/Nathan/AppData/Roaming/Code/User/globalStorage/bmd.stm32-for-vscode/@xpack-dev-tools/arm-none-eabi-gcc/15.2.1-1.1.1/.content/bin/../lib/gcc/arm-none-eabi/15.2.1/thumb/v7e-m+fp/hard/crtbegin.o
                0x0800a404                        PROVIDE (__fini_array_end = .)
                0x0800a404                        _sidata = LOADADDR (.data)

.rel.dyn        0x0800a404        0x0
 .rel.iplt      0x0800a404        0x0 c:/Users/Nathan/AppData/Roaming/Code/User/globalStorage/bmd.stm32-for-vscode/@xpack-dev-tools/arm-none-eabi-gcc/15.2.1-1.1.1/.content/bin/../lib/gcc/arm-none-eabi/15.2.1/thumb/v7e-m+fp/hard/crtbegin.o

.data           0x20000008      0x2c4 load address 0x0800a404
                0x20000008                        . = ALIGN (0x4)
                0x20000008                        _sdata = .
 *(.data)
 *(.data*)
 .data.uwTickFreq
                0x20000008        0x1 build/release/stm32wbxx_hal.o
                0x20000008                uwTickFreq
 *fill*         0x20000009        0x3 
 .data.uwTickPrio
                0x2000000c        0x4 build/release/stm32wbxx_hal.o
                0x2000000c                uwTickPrio
 .data.SystemCoreClock
                0x20000010        0x4 build/release/system_stm32wbxx.o
                0x20000010                SystemCoreClock
 .data.USBD_CDC_CfgDesc
                0x20000014       0x43 build/release/usbd_cdc.o
 *fill*         0x20000057        0x1 
 .data.USBD_CDC
                0x20000058       0x38 build/release/usbd_cdc.o
                0x20000058                USBD_CDC
 .data.USBD_CDC_DeviceQualifierDesc
                0x20000090        0xa build/release/usbd_cdc.o
 *fill*         0x2000009a        0x2 
 .data.USBD_Interface_fops_FS
                0x2000009c       0x14 build/release/usbd_cdc_if.o
                0x2000009c                USBD_Interface_fops_FS
 .data.USBD_StringSerial
                0x200000b0       0x1a build/release/usbd_desc.o
                0x200000b0                USBD_StringSerial
 *fill*         0x200000ca        0x2 
 .data.USBD_LangIDDesc
                0x200000cc        0x4 build/release/usbd_desc.o
                0x200000cc                USBD_LangIDDesc
 .data.USBD_CDC_DeviceDesc
                0x200000d0       0x12 build/release/usbd_desc.o
                0x200000d0                USBD_CDC_DeviceDesc
 *fill*         0x200000e2        0x2 
 .data.CDC_Desc
                0x200000e4       0x20 build/release/usbd_desc.o
                0x200000e4                CDC_Desc
 .data.__sglue  0x20000104        0xc c:/Users/Nathan/AppData/Roaming/Code/User/globalStorage/bmd.stm32-for-vscode/@xpack-dev-tools/arm-none-eabi-gcc/15.2.1-1.1.1/.content/bin/../lib/gcc/arm-none-eabi/15.2.1/../../../../arm-none-eabi/lib/thumb/v7e-m+fp/hard\libc_nano.a(libc_a-findfp.o)
                0x20000104                __sglue
 .data._impure_ptr
                0x20000110        0x4 c:/Users/Nathan/AppData/Roaming/Code/User/globalStorage/bmd.stm32-for-vscode/@xpack-dev-tools/arm-none-eabi-gcc/15.2.1-1.1.1/.content/bin/../lib/gcc/arm-none-eabi/15.2.1/../../../../arm-none-eabi/lib/thumb/v7e-m+fp/hard\libc_nano.a(libc_a-impure.o)
                0x20000110                _impure_ptr
 .data._impure_data
                0x20000114       0x4c c:/Users/Nathan/AppData/Roaming/Code/User/globalStorage/bmd.stm32-for-vscode/@xpack-dev-tools/arm-none-eabi-gcc/15.2.1-1.1.1/.content/bin/../lib/gcc/arm-none-eabi/15.2.1/../../../../arm-none-eabi/lib/thumb/v7e-m+fp/hard\libc_nano.a(libc_a-impure.o)
                0x20000114                _impure_data
 .data.__global_locale
                0x20000160      0x16c c:/Users/Nathan/AppData/Roaming/Code/User/globalStorage/bmd.stm32-for-vscode/@xpack-dev-tools/arm-none-eabi-gcc/15.2.1-1.1.1/.content/bin/../lib/gcc/arm-none-eabi/15.2.1/../../../../arm-none-eabi/lib/thumb/v7e-m+fp/hard\libc_nano.a(libc_a-locale.o)
                0x20000160                __global_locale
                0x200002cc                        . = ALIGN (0x4)

.igot.plt       0x200002cc        0x0 load address 0x0800a6c8
 .igot.plt      0x200002cc        0x0 c:/Users/Nathan/AppData/Roaming/Code/User/globalStorage/bmd.stm32-for-vscode/@xpack-dev-tools/arm-none-eabi-gcc/15.2.1-1.1.1/.content/bin/../lib/gcc/arm-none-eabi/15.2.1/thumb/v7e-m+fp/hard/crtbegin.o

.tdata          0x200002cc        0x0 load address 0x0800a6c8
 *(.tdata .tdata.* .gnu.linkonce.td.*)
                0x200002cc                        . = ALIGN (0x4)
                0x200002cc                        _edata = .
                [!provide]                        PROVIDE (__data_end = .)
                [!provide]                        PROVIDE (__tdata_end = .)
                [!provide]                        PROVIDE (__tdata_start = ADDR (.tdata))
                [!provide]                        PROVIDE (__tdata_size = (__tdata_end - __tdata_start))
                [!provide]                        PROVIDE (__data_start = ADDR (.data))
                [!provide]                        PROVIDE (__data_size = (__data_end - __data_start))
                [!provide]                        PROVIDE (__tdata_source = LOADADDR (.tdata))
                [!provide]                        PROVIDE (__tdata_source_end = (LOADADDR (.tdata) + SIZEOF (.tdata)))
                [!provide]                        PROVIDE (__tdata_source_size = (__tdata_source_end - __tdata_source))
                [!provide]                        PROVIDE (__data_source = LOADADDR (.data))
                [!provide]                        PROVIDE (__data_source_end = __tdata_source_end)
                [!provide]                        PROVIDE (__data_source_size = (__data_source_end - __data_source))

.tbss           0x200002cc        0x0 load address 0x0800a6c8
                0x200002cc                        _sbss = .
                0x200002cc                        __bss_start__ = _sbss
 *(.tbss .tbss.*)
                0x200002cc                        . = ALIGN (0x4)
                [!provide]                        PROVIDE (__tbss_end = .)
                [!provide]                        PROVIDE (__tbss_start = ADDR (.tbss))
                [!provide]                        PROVIDE (__tbss_size = (__tbss_end - __tbss_start))
                [!provide]                        PROVIDE (__tbss_offset = (ADDR (.tbss) - ADDR (.tdata)))
                [!provide]                        PROVIDE (__tls_base = __tdata_start)
                [!provide]                        PROVIDE (__tls_end = __tbss_end)
                [!provide]                        PROVIDE (__tls_size = (__tls_end - __tls_base))
                [!provide]                        PROVIDE (__tls_align = MAX (ALIGNOF (.tdata), ALIGNOF (.tbss)))
                [!provide]                        PROVIDE (__tls_size_align = (((__tls_size + __tls_align) - 0x1) & ~ ((__tls_align - 0x1))))
                [!provide]                        PROVIDE (__arm32_tls_tcb_offset = MAX (0x8, __tls_align))
                [!provide]                        PROVIDE (__arm64_tls_tcb_offset = MAX (0x10, __tls_align))

.bss            0x200002cc     0x1d30 load address 0x0800a6c8
 *(.bss)
 *(.bss*)
 .bss.completed.1
                0x200002cc        0x1 c:/Users/Nathan/AppData/Roaming/Code/User/globalStorage/bmd.stm32-for-vscode/@xpack-dev-tools/arm-none-eabi-gcc/15.2.1-1.1.1/.content/bin/../lib/gcc/arm-none-eabi/15.2.1/thumb/v7e-m+fp/hard/crtbegin.o
 *fill*         0x200002cd        0x3 
 .bss.object.0  0x200002d0       0x18 c:/Users/Nathan/AppData/Roaming/Code/User/globalStorage/bmd.stm32-for-vscode/@xpack-dev-tools/arm-none-eabi-gcc/15.2.1-1.1.1/.content/bin/../lib/gcc/arm-none-eabi/15.2.1/thumb/v7e-m+fp/hard/crtbegin.o
 .bss.bmp5_i2c_addr
                0x200002e8        0x1 build/release/common.o
 *fill*         0x200002e9        0x3 
 .bss.bmp5_hi2c
                0x200002ec        0x4 build/release/common.o
 .bss.serial_buf
                0x200002f0      0x100 build/release/main.o
                0x200002f0                serial_buf
 .bss.bmp5_data
                0x200003f0        0x8 build/release/main.o
                0x200003f0                bmp5_data
 .bss.bmp5_osr_cfg
                0x200003f8        0x4 build/release/main.o
                0x200003f8                bmp5_osr_cfg
 .bss.bmp5      0x200003fc       0x18 build/release/main.o
                0x200003fc                bmp5
 .bss.hspi1     0x20000414       0x64 build/release/main.o
                0x20000414                hspi1
 .bss.hi2c1     0x20000478       0x54 build/release/main.o
                0x20000478                hi2c1
 .bss.uwTick    0x200004cc        0x4 build/release/stm32wbxx_hal.o
                0x200004cc                uwTick
 .bss.__sbrk_heap_end
                0x200004d0        0x4 build/release/sysmem.o
 .bss.hUsbDeviceFS
                0x200004d4      0x2dc build/release/usb_device.o
                0x200004d4                hUsbDeviceFS
 .bss.UserTxBufferFS
                0x200007b0      0x800 build/release/usbd_cdc_if.o
                0x200007b0                UserTxBufferFS
 .bss.UserRxBufferFS
                0x20000fb0      0x800 build/release/usbd_cdc_if.o
                0x20000fb0                UserRxBufferFS
 .bss.mem.0     0x200017b0      0x220 build/release/usbd_conf.o
 .bss.hpcd_USB_FS
                0x200019d0      0x2dc build/release/usbd_conf.o
                0x200019d0                hpcd_USB_FS
 .bss.cfgidx.0  0x20001cac        0x1 build/release/usbd_ctlreq.o
 *fill*         0x20001cad        0x3 
 .bss.USBD_StrDesc
                0x20001cb0      0x200 build/release/usbd_desc.o
                0x20001cb0                USBD_StrDesc
 .bss.__sf      0x20001eb0      0x138 c:/Users/Nathan/AppData/Roaming/Code/User/globalStorage/bmd.stm32-for-vscode/@xpack-dev-tools/arm-none-eabi-gcc/15.2.1-1.1.1/.content/bin/../lib/gcc/arm-none-eabi/15.2.1/../../../../arm-none-eabi/lib/thumb/v7e-m+fp/hard\libc_nano.a(libc_a-findfp.o)
                0x20001eb0                __sf
 .bss.__stdio_exit_handler
                0x20001fe8        0x4 c:/Users/Nathan/AppData/Roaming/Code/User/globalStorage/bmd.stm32-for-vscode/@xpack-dev-tools/arm-none-eabi-gcc/15.2.1-1.1.1/.content/bin/../lib/gcc/arm-none-eabi/15.2.1/../../../../arm-none-eabi/lib/thumb/v7e-m+fp/hard\libc_nano.a(libc_a-findfp.o)
                0x20001fe8                __stdio_exit_handler
 .bss.errno     0x20001fec        0x4 c:/Users/Nathan/AppData/Roaming/Code/User/globalStorage/bmd.stm32-for-vscode/@xpack-dev-tools/arm-none-eabi-gcc/15.2.1-1.1.1/.content/bin/../lib/gcc/arm-none-eabi/15.2.1/../../../../arm-none-eabi/lib/thumb/v7e-m+fp/hard\libc_nano.a(libc_a-reent.o)
                0x20001fec                errno
 .bss.__lock___malloc_recursive_mutex
                0x20001ff0        0x1 c:/Users/Nathan/AppData/Roaming/Code/User/globalStorage/bmd.stm32-for-vscode/@xpack-dev-tools/arm-none-eabi-gcc/15.2.1-1.1.1/.content/bin/../lib/gcc/arm-none-eabi/15.2.1/../../../../arm-none-eabi/lib/thumb/v7e-m+fp/hard\libc_nano.a(libc_a-lock.o)
                0x20001ff0                __lock___malloc_recursive_mutex
 .bss.__lock___sfp_recursive_mutex