Archive member included to satisfy reference by file (symbol)

c:/Users/Nathan/AppData/Roaming/Code/User/globalStorage/bmd.stm32-for-vscode/@xpack-dev-tools/arm-none-eabi-gcc/15.2.1-1.1.1/.content/bin/../lib/gcc/arm-none-eabi/15.2.1/../../../../arm-none-eabi/lib/thumb/v7e-m+fp/hard\libc_nano.a(libc_a-atexit.o)
                              c:/Users/Nathan/AppData/Roaming/Code/User/globalStorage/bmd.stm32-for-vscode/@xpack-dev-tools/arm-none-eabi-gcc/15.2.1-1.1.1/.content/bin/../lib/gcc/arm-none-eabi/15.2.1/../../../../arm-none-eabi/lib/thumb/v7e-m+fp/hard/crt0.o (atexit)
c:/Users/Nathan/AppData/Roaming/Code/User/globalStorage/bmd.stm32-for-vscode/@xpack-dev-tools/arm-none-eabi-gcc/15.2.1-1.1.1/.content/bin/../lib/gcc/arm-none-eabi/15.2.1/../../../../arm-none-eabi/lib/thumb/v7e-m+fp/hard\libc_nano.a(libc_a-exit.o)
                              c:/Users/Nathan/AppData/Roaming/Code/User/globalStorage/bmd.stm32-for-vscode/@xpack-dev-tools/arm-none-eabi-gcc/15.2.1-1.1.1/.content/bin/../lib/gcc/arm-none-eabi/15.2.1/../../../../arm-none-eabi/lib/thumb/v7e-m+fp/hard/crt0.o (exit)
c:/Users/Nathan/AppData/Roaming/Code/User/globalStorage/bmd.stm32-for-vscode/@xpack-dev-tools/arm-none-eabi-gcc/15.2.1-1.1.1/.content/bin/../lib/gcc/arm-none-eabi/15.2.1/../../../../arm-none-eabi/lib/thumb/v7e-m+fp/hard\libc_nano.a(libc_a-nano-vfprintf_float.o)
                              (_printf_float)
c:/Users/Nathan/AppData/Roaming/Code/User/globalStorage/bmd.stm32-for-vscode/@xpack-dev-tools/arm-none-eabi-gcc/15.2.1-1.1.1/.content/bin/../lib/gcc/arm-none-eabi/15.2.1/../../../../arm-none-eabi/lib/thumb/v7e-m+fp/hard\libc_nano.a(libc_a-nano-vfprintf_i.o)
                              c:/Users/Nathan/AppData/Roaming/Code/User/globalStorage/bmd.stm32-for-vscode/@xpack-dev-tools/arm-none-eabi-gcc/15.2.1-1.1.1/.content/bin/../lib/gcc/arm-none-eabi/15.2.1/../../../../arm-none-eabi/lib/thumb/v7e-m+fp/hard\libc_nano.a(libc_a-nano-vfprintf_float.o) (_printf_common)
c:/Users/Nathan/AppData/Roaming/Code/User/globalStorage/bmd.stm32-for-vscode/@xpack-dev-tools/arm-none-eabi-gcc/15.2.1-1.1.1/.content/bin/../lib/gcc/arm-none-eabi/15.2.1/../../../../arm-none-eabi/lib/thumb/v7e-m+fp/hard\libc_nano.a(libc_a-findfp.o)
                              c:/Users/Nathan/AppData/Roaming/Code/User/globalStorage/bmd.stm32-for-vscode/@xpack-dev-tools/arm-none-eabi-gcc/15.2.1-1.1.1/.content/bin/../lib/gcc/arm-none-eabi/15.2.1/../../../../arm-none-eabi/lib/thumb/v7e-m+fp/hard\libc_nano.a(libc_a-exit.o) (__stdio_exit_handler)
c:/Users/Nathan/AppData/Roaming/Code/User/globalStorage/bmd.stm32-for-vscode/@xpack-dev-tools/arm-none-eabi-gcc/15.2.1-1.1.1/.content/bin/../lib/gcc/arm-none-eabi/15.2.1/../../../../arm-none-eabi/lib/thumb/v7e-m+fp/hard\libc_nano.a(libc_a-fwalk.o)
                              c:/Users/Nathan/AppData/Roaming/Code/User/globalStorage/bmd.stm32-for-vscode/@xpack-dev-tools/arm-none-eabi-gcc/15.2.1-1.1.1/.content/bin/../lib/gcc/arm-none-eabi/15.2.1/../../../../arm-none-eabi/lib/thumb/v7e-m+fp/hard\libc_nano.a(libc_a-findfp.o) (_fwalk_sglue)
c:/Users/Nathan/AppData/Roaming/Code/User/globalStorage/bmd.stm32-for-vscode/@xpack-dev-tools/arm-none-eabi-gcc/15.2.1-1.1.1/.content/bin/../lib/gcc/arm-none-eabi/15.2.1/../../../../arm-none-eabi/lib/thumb/v7e-m+fp/hard\libc_nano.a(libc_a-printf.o)
                              build/release/common.o (printf)
c:/Users/Nathan/AppData/Roaming/Code/User/globalStorage/bmd.stm32-for-vscode/@xpack-dev-tools/arm-none-eabi-gcc/15.2.1-1.1.1/.content/bin/../lib/gcc/arm-none-eabi/15.2.1/../../../../arm-none-eabi/lib/thumb/v7e-m+fp/hard\libc_nano.a(libc_a-snprintf.o)
                              build/release/main.o (snprintf)
c:/Users/Nathan/AppData/Roaming/Code/User/globalStorage/bmd.stm32-for-vscode/@xpack-dev-tools/arm-none-eabi-gcc/15.2.1-1.1.1/.content/bin/../lib/gcc/arm-none-eabi/15.2.1/../../../../arm-none-eabi/lib/thumb/v7e-m+fp/hard\libc_nano.a(libc_a-stdio.o)
                              c:/Users/Nathan/AppData/Roaming/Code/User/globalStorage/bmd.stm32-for-vscode/@xpack-dev-tools/arm-none-eabi-gcc/15.2.1-1.1.1/.content/bin/../lib/gcc/arm-none-eabi/15.2.1/../../../../arm-none-eabi/lib/thumb/v7e-m+fp/hard\libc_nano.a(libc_a-findfp.o) (__sread)
c:/Users/Nathan/AppData/Roaming/Code/User/globalStorage/bmd.stm32-for-vscode/@xpack-dev-tools/arm-none-eabi-gcc/15.2.1-1.1.1/.content/bin/../lib/gcc/arm-none-eabi/15.2.1/../../../../arm-none-eabi/lib/thumb/v7e-m+fp/hard\libc_nano.a(libc_a-vprintf.o)
                              build/release/dbg_trace.o (vprintf)
c:/Users/Nathan/AppData/Roaming/Code/User/globalStorage/bmd.stm32-for-vscode/@xpack-dev-tools/arm-none-eabi-gcc/15.2.1-1.1.1/.content/bin/../lib/gcc/arm-none-eabi/15.2.1/../../../../arm-none-eabi/lib/thumb/v7e-m+fp/hard\libc_nano.a(libc_a-memcmp.o)
                              build/release/osal.o (memcmp)
[...]
Memory Configuration

Name             Origin             Length             Attributes
FLASH            0x08000000         0x00080000         xr
RAM1             0x20000008         0x0002fff8         xrw
RAM_SHARED       0x20030000         0x00002800         xrw
*default*        0x00000000         0xffffffff

Linker script and memory map

LOAD c:/Users/Nathan/AppData/Roaming/Code/User/globalStorage/bmd.stm32-for-vscode/@xpack-dev-tools/arm-none-eabi-gcc/15.2.1-1.1.1/.content/bin/../lib/gcc/arm-none-eabi/15.2.1/thumb/v7e-m+fp/hard/crti.o
LOAD c:/Users/Nathan/AppData/Roaming/Code/User/globalStorage/bmd.stm32-for-vscode/@xpack-dev-tools/arm-none-eabi-gcc/15.2.1-1.1.1/.content/bin/../lib/gcc/arm-none-eabi/15.2.1/thumb/v7e-m+fp/hard/crtbegin.o
LOAD c:/Users/Nathan/AppData/Roaming/Code/User/globalStorage/bmd.stm32-for-vscode/@xpack-dev-tools/arm-none-eabi-gcc/15.2.1-1.1.1/.content/bin/../lib/gcc/arm-none-eabi/15.2.1/../../../../arm-none-eabi/lib/thumb/v7e-m+fp/hard/crt0.o
LOAD build/release/ICM42688.o
LOAD build/release/app_ble.o
LOAD build/release/app_debug.o
LOAD build/release/app_entry.o
LOAD build/release/ble_events.o
LOAD build/release/ble_gap_aci.o
LOAD build/release/ble_gatt_aci.o
LOAD build/release/ble_gen_aci.o
LOAD build/release/ble_hal_aci.o
LOAD build/release/ble_hci_le.o
LOAD build/release/ble_l2cap_aci.o
LOAD build/release/bmp5.o
LOAD build/release/common.o
LOAD build/release/custom_app.o
LOAD build/release/custom_stm.o
LOAD build/release/dbg_trace.o
LOAD build/release/gpio.o
LOAD build/release/hci_tl.o
LOAD build/release/hci_tl_if.o
LOAD build/release/hw_ipcc.o
LOAD build/release/hw_timerserver.o
LOAD build/release/i2c.o
LOAD build/release/ipcc.o
LOAD build/release/main.o
LOAD build/release/osal.o
LOAD build/release/otp.o
LOAD build/release/rf.o
LOAD build/release/rtc.o
LOAD build/release/shci.o
LOAD build/release/shci_tl.o
LOAD build/release/shci_tl_if.o
LOAD build/release/spi.o
LOAD build/release/stm32_lpm.o
LOAD build/release/stm32_lpm_if.o
LOAD build/release/stm32_seq.o
LOAD build/release/stm32wbxx_hal.o
LOAD build/release/stm32wbxx_hal_cortex.o
LOAD build/release/stm32wbxx_hal_dma.o
LOAD build/release/stm32wbxx_hal_dma_ex.o
LOAD build/release/stm32wbxx_hal_exti.o
LOAD build/release/stm32wbxx_hal_flash.o
LOAD build/release/stm32wbxx_hal_flash_ex.o
LOAD build/release/stm32wbxx_hal_gpio.o
LOAD build/release/stm32wbxx_hal_hsem.o
LOAD build/release/stm32wbxx_hal_i2c.o
LOAD build/release/stm32wbxx_hal_i2c_ex.o
LOAD build/release/stm32wbxx_hal_ipcc.o
LOAD build/release/stm32wbxx_hal_msp.o
LOAD build/release/stm32wbxx_hal_pcd.o
LOAD build/release/stm32wbxx_hal_pcd_ex.o
LOAD build/release/stm32wbxx_hal_pwr.o
LOAD build/release/stm32wbxx_hal_pwr_ex.o
LOAD build/release/stm32wbxx_hal_rcc.o
LOAD build/release/stm32wbxx_hal_rcc_ex.o
LOAD build/release/stm32wbxx_hal_rtc.o
LOAD build/release/stm32wbxx_hal_rtc_ex.o
LOAD build/release/stm32wbxx_hal_spi.o
LOAD build/release/stm32wbxx_hal_spi_ex.o
LOAD build/release/stm32wbxx_hal_tim.o
LOAD build/release/stm32wbxx_hal_tim_ex.o
LOAD build/release/stm32wbxx_hal_uart.o
LOAD build/release/stm32wbxx_hal_uart_ex.o
LOAD build/release/stm32wbxx_it.o
LOAD build/release/stm32wbxx_ll_rcc.o
LOAD build/release/stm32wbxx_ll_usb.o
LOAD build/release/stm_list.o
LOAD build/release/stm_queue.o
LOAD build/release/svc_ctl.o
LOAD build/release/syscalls.o
LOAD build/release/sysmem.o
LOAD build/release/system_stm32wbxx.o
LOAD build/release/tl_mbox.o
LOAD build/release/usb_device.o
LOAD build/release/usbd_cdc.o
LOAD build/release/usbd_cdc_if.o
LOAD build/release/usbd_conf.o
LOAD build/release/usbd_core.o
LOAD build/release/usbd_ctlreq.o
LOAD build/release/usbd_desc.o
LOAD build/release/usbd_ioreq.o
LOAD build/release/startup_stm32wb55xx_cm4.o
LOAD c:/Users/Nathan/AppData/Roaming/Code/User/globalStorage/bmd.stm32-for-vscode/@xpack-dev-tools/arm-none-eabi-gcc/15.2.1-1.1.1/.content/bin/../lib/gcc/arm-none-eabi/15.2.1/../../../../arm-none-eabi/lib/thumb/v7e-m+fp/hard\libc_nano.a
LOAD c:/Users/Nathan/AppData/Roaming/Code/User/globalStorage/bmd.stm32-for-vscode/@xpack-dev-tools/arm-none-eabi-gcc/15.2.1-1.1.1/.content/bin/../lib/gcc/arm-none-eabi/15.2.1/../../../../arm-none-eabi/lib/thumb/v7e-m+fp/hard\libm.a
LOAD c:/Users/Nathan/AppData/Roaming/Code/User/globalStorage/bmd.stm32-for-vscode/@xpack-dev-tools/arm-none-eabi-gcc/15.2.1-1.1.1/.content/bin/../lib/gcc/arm-none-eabi/15.2.1/../../../../arm-none-eabi/lib/thumb/v7e-m+fp/hard\libnosys.a
START GROUP
LOAD c:/Users/Nathan/AppData/Roaming/Code/User/globalStorage/bmd.stm32-for-vscode/@xpack-dev-tools/arm-none-eabi-gcc/15.2.1-1.1.1/.content/bin/../lib/gcc/arm-none-eabi/15.2.1/thumb/v7e-m+fp/hard\libgcc.a
LOAD c:/Users/Nathan/AppData/Roaming/Code/User/globalStorage/bmd.stm32-for-vscode/@xpack-dev-tools/arm-none-eabi-gcc/15.2.1-1.1.1/.content/bin/../lib/gcc/arm-none-eabi/15.2.1/../../../../arm-none-eabi/lib/thumb/v7e-m+fp/hard\libc_nano.a
END GROUP
START GROUP
LOAD c:/Users/Nathan/AppData/Roaming/Code/User/globalStorage/bmd.stm32-for-vscode/@xpack-dev-tools/arm-none-eabi-gcc/15.2.1-1.1.1/.content/bin/../lib/gcc/arm-none-eabi/15.2.1/thumb/v7e-m+fp/hard\libgcc.a
LOAD c:/Users/Nathan/AppData/Roaming/Code/User/globalStorage/bmd.stm32-for-vscode/@xpack-dev-tools/arm-none-eabi-gcc/15.2.1-1.1.1/.content/bin/../lib/gcc/arm-none-eabi/15.2.1/../../../../arm-none-eabi/lib/thumb/v7e-m+fp/hard\libc_nano.a
END GROUP
LOAD c:/Users/Nathan/AppData/Roaming/Code/User/globalStorage/bmd.stm32-for-vscode/@xpack-dev-tools/arm-none-eabi-gcc/15.2.1-1.1.1/.content/bin/../lib/gcc/arm-none-eabi/15.2.1/thumb/v7e-m+fp/hard/crtend.o
LOAD c:/Users/Nathan/AppData/Roaming/Code/User/globalStorage/bmd.stm32-for-vscode/@xpack-dev-tools/arm-none-eabi-gcc/15.2.1-1.1.1/.content/bin/../lib/gcc/arm-none-eabi/15.2.1/thumb/v7e-m+fp/hard/crtn.o
                0x20030000                        _estack = 0x20030000
                0x00000800                        _Min_Heap_Size = 0x800
                0x00000c00                        _Min_Stack_Size = 0xc00

.isr_vector     0x08000000      0x13c
                0x08000000                        . = ALIGN (0x4)
 *(.isr_vector)
 .isr_vector    0x08000000      0x13c build/release/startup_stm32wb55xx_cm4.o
                0x08000000                g_pfnVectors
                0x0800013c                        . = ALIGN (0x4)

.text           0x08000140     0xca7c
                0x08000140                        . = ALIGN (0x4)
 *(.text)
 .text          0x08000140       0xa0 c:/Users/Nathan/AppData/Roaming/Code/User/globalStorage/bmd.stm32-for-vscode/@xpack-dev-tools/arm-none-eabi-gcc/15.2.1-1.1.1/.content/bin/../lib/gcc/arm-none-eabi/15.2.1/../../../../arm-none-eabi/lib/thumb/v7e-m+fp/hard\libc_nano.a(libc_a-memchr.o)
                0x08000140                memchr
 .text          0x080001e0       0x10 c:/Users/Nathan/AppData/Roaming/Code/User/globalStorage/bmd.stm32-for-vscode/@xpack-dev-tools/arm-none-eabi-gcc/15.2.1-1.1.1/.content/bin/../lib/gcc/arm-none-eabi/15.2.1/../../../../arm-none-eabi/lib/thumb/v7e-m+fp/hard\libc_nano.a(libc_a-strlen.o)
                0x080001e0                strlen
 .text          0x080001f0      0x378 c:/Users/Nathan/AppData/Roaming/Code/User/globalStorage/bmd.stm32-for-vscode/@xpack-dev-tools/arm-none-eabi-gcc/15.2.1-1.1.1/.content/bin/../lib/gcc/arm-none-eabi/15.2.1/thumb/v7e-m+fp/hard\libgcc.a(_arm_addsubdf3.o)
                0x080001f0                __aeabi_drsub
                0x080001f8                __aeabi_dsub
                0x080001f8                __subdf3
                0x080001fc                __aeabi_dadd
                0x080001fc                __adddf3
                0x08000474                __floatunsidf
                0x08000474                __aeabi_ui2d
                0x08000494                __floatsidf
                0x08000494                __aeabi_i2d
                0x080004b8                __aeabi_f2d
                0x080004b8                __extendsfdf2
                0x080004fc                __floatundidf
                0x080004fc                __aeabi_ul2d
                0x0800050c                __floatdidf
                0x0800050c                __aeabi_l2d
 .text          0x08000568      0x424 c:/Users/Nathan/AppData/Roaming/Code/User/globalStorage/bmd.stm32-for-vscode/@xpack-dev-tools/arm-none-eabi-gcc/15.2.1-1.1.1/.content/bin/../lib/gcc/arm-none-eabi/15.2.1/thumb/v7e-m+fp/hard\libgcc.a(_arm_muldivdf3.o)
                0x08000568                __aeabi_dmul
                0x08000568                __muldf3
                0x080007bc                __divdf3
                0x080007bc                __aeabi_ddiv
 .text          0x0800098c      0x110 c:/Users/Nathan/AppData/Roaming/Code/User/globalStorage/bmd.stm32-for-vscode/@xpack-dev-tools/arm-none-eabi-gcc/15.2.1-1.1.1/.content/bin/../lib/gcc/arm-none-eabi/15.2.1/thumb/v7e-m+fp/hard\libgcc.a(_arm_cmpdf2.o)
                0x0800098c                __gtdf2
                0x0800098c                __gedf2
                0x08000994                __ltdf2
                0x08000994                __ledf2
                0x0800099c                __nedf2
                0x0800099c                __eqdf2
                0x0800099c                __cmpdf2
                0x08000a18                __aeabi_cdrcmple
                0x08000a28                __aeabi_cdcmpeq
                0x08000a28                __aeabi_cdcmple
                0x08000a38                __aeabi_dcmpeq
                0x08000a4c                __aeabi_dcmplt
                0x08000a60                __aeabi_dcmple
                0x08000a74                __aeabi_dcmpge
                0x08000a88                __aeabi_dcmpgt
 .text          0x08000a9c       0x2c c:/Users/Nathan/AppData/Roaming/Code/User/globalStorage/bmd.stm32-for-vscode/@xpack-dev-tools/arm-none-eabi-gcc/15.2.1-1.1.1/.content/bin/../lib/gcc/arm-none-eabi/15.2.1/thumb/v7e-m+fp/hard\libgcc.a(_arm_unorddf2.o)
                0x08000a9c                __unorddf2
                0x08000a9c                __aeabi_dcmpun
 .text          0x08000ac8       0x50 c:/Users/Nathan/AppData/Roaming/Code/User/globalStorage/bmd.stm32-for-vscode/@xpack-dev-tools/arm-none-eabi-gcc/15.2.1-1.1.1/.content/bin/../lib/gcc/arm-none-eabi/15.2.1/thumb/v7e-m+fp/hard\libgcc.a(_arm_fixdfsi.o)
                0x08000ac8                __aeabi_d2iz
                0x08000ac8                __fixdfsi
 .text          0x08000b18       0xa0 c:/Users/Nathan/AppData/Roaming/Code/User/globalStorage/bmd.stm32-for-vscode/@xpack-dev-tools/arm-none-eabi-gcc/15.2.1-1.1.1/.content/bin/../lib/gcc/arm-none-eabi/15.2.1/thumb/v7e-m+fp/hard\libgcc.a(_arm_truncdfsf2.o)
                0x08000b18                __truncdfsf2
                0x08000b18                __aeabi_d2f
 *(.text*)
 .text.__do_global_dtors_aux
                0x08000bb8       0x28 c:/Users/Nathan/AppData/Roaming/Code/User/globalStorage/bmd.stm32-for-vscode/@xpack-dev-tools/arm-none-eabi-gcc/15.2.1-1.1.1/.content/bin/../lib/gcc/arm-none-eabi/15.2.1/thumb/v7e-m+fp/hard/crtbegin.o
 .text.frame_dummy
                0x08000be0       0x1c c:/Users/Nathan/AppData/Roaming/Code/User/globalStorage/bmd.stm32-for-vscode/@xpack-dev-tools/arm-none-eabi-gcc/15.2.1-1.1.1/.content/bin/../lib/gcc/arm-none-eabi/15.2.1/thumb/v7e-m+fp/hard/crtbegin.o
 .text.read_regs
                0x08000bfc       0x70 build/release/ICM42688.o
 .text.read_reg
                0x08000c6c       0x1c build/release/ICM42688.o
 .text.write_reg
                0x08000c88       0x46 build/release/ICM42688.o
 .text.ICM42688_WhoAmI
                0x08000cce        0xa build/release/ICM42688.o
                0x08000cce                ICM42688_WhoAmI
 .text.ICM42688_Init
                0x08000cd8       0x8a build/release/ICM42688.o
                0x08000cd8                ICM42688_Init
 *fill*         0x08000d62        0x2 
 .text.ICM42688_ReadOnce
                0x08000d64      0x158 build/release/ICM42688.o
                0x08000d64                ICM42688_ReadOnce
 .text.Adv_Cancel
                0x08000ebc       0x20 build/release/app_ble.o
 .text.Ble_Tl_Init
                0x08000edc       0x24 build/release/app_ble.o
 .text.BLE_UserEvtRx
                0x08000f00       0x18 build/release/app_ble.o
 .text.BLE_StatusNot
                0x08000f18       0x18 build/release/app_ble.o
 .text.BleGetBdAddress
                0x08000f30       0x4c build/release/app_ble.o
 .text.Ble_Hci_Gap_Gatt_Init
                0x08000f7c       0xd8 build/release/app_ble.o
 .text.Adv_Request
                0x08001054       0x38 build/release/app_ble.o
 .text.APP_BLE_Init
                0x0800108c       0xe8 build/release/app_ble.o
                0x0800108c                APP_BLE_Init
 .text.SVCCTL_App_Notification
                0x08001174       0xc4 build/release/app_ble.o
                0x08001174                SVCCTL_App_Notification
 .text.hci_notify_asynch_evt
                0x08001238        0xc build/release/app_ble.o
                0x08001238                hci_notify_asynch_evt
 .text.hci_cmd_resp_release
                0x08001244        0xa build/release/app_ble.o
                0x08001244                hci_cmd_resp_release
 .text.hci_cmd_resp_wait
                0x0800124e        0xa build/release/app_ble.o
                0x0800124e                hci_cmd_resp_wait
 .text.APPD_EnableCPU2
                0x08001258       0x38 build/release/app_debug.o
                0x08001258                APPD_EnableCPU2
 .text.Init_Rtc
                0x08001290       0x1c build/release/app_entry.o
 .text.APPE_SysStatusNot
                0x080012ac        0x2 build/release/app_entry.o
 *fill*         0x080012ae        0x2 
 .text.Config_HSE
                0x080012b0       0x2c build/release/app_entry.o
 .text.SystemPower_Config
                0x080012dc       0x2c build/release/app_entry.o
 .text.appe_Tl_Init
                0x08001308       0x60 build/release/app_entry.o
 .text.APPE_SysEvtReadyProcessing
                0x08001368       0x60 build/release/app_entry.o
 .text.APPE_SysUserEvtRx
                0x080013c8       0x24 build/release/app_entry.o
 .text.MX_APPE_Config
                0x080013ec       0x14 build/release/app_entry.o
                0x080013ec                MX_APPE_Config
 .text.Init_Exti
                0x08001400       0x14 build/release/app_entry.o
                0x08001400                Init_Exti
 .text.System_Init
                0x08001414        0xc build/release/app_entry.o
 .text.MX_APPE_Init
                0x08001420       0x1c build/release/app_entry.o
                0x08001420                MX_APPE_Init
 .text.HAL_Delay
                0x0800143c       0x34 build/release/app_entry.o
                0x0800143c                HAL_Delay
 .text.MX_APPE_Process
                0x08001470        0xc build/release/app_entry.o
                0x08001470                MX_APPE_Process
 .text.UTIL_SEQ_Idle
                0x0800147c        0x2 build/release/app_entry.o
                0x0800147c                UTIL_SEQ_Idle
 .text.shci_notify_asynch_evt
                0x0800147e        0xc build/release/app_entry.o
                0x0800147e                shci_notify_asynch_evt
 .text.shci_cmd_resp_release
                0x0800148a        0xa build/release/app_entry.o
                0x0800148a                shci_cmd_resp_release
 .text.shci_cmd_resp_wait
                0x08001494        0xa build/release/app_entry.o
                0x08001494                shci_cmd_resp_wait
 .text.aci_gap_set_non_discoverable
                0x0800149e       0x44 build/release/ble_gap_aci.o
                0x0800149e                aci_gap_set_non_discoverable
 .text.aci_gap_set_discoverable
                0x080014e2       0xb6 build/release/ble_gap_aci.o
                0x080014e2                aci_gap_set_discoverable
 .text.aci_gap_set_io_capability
                0x08001598       0x4c build/release/ble_gap_aci.o
                0x08001598                aci_gap_set_io_capability
 .text.aci_gap_set_authentication_requirement
                0x080015e4       0x80 build/release/ble_gap_aci.o
                0x080015e4                aci_gap_set_authentication_requirement
 .text.aci_gap_pass_key_resp
                0x08001664       0x52 build/release/ble_gap_aci.o
                0x08001664                aci_gap_pass_key_resp
 .text.aci_gap_init
                0x080016b6       0x80 build/release/ble_gap_aci.o
                0x080016b6                aci_gap_init
 .text.aci_gap_update_adv_data
                0x08001736       0x62 build/release/ble_gap_aci.o
                0x08001736                aci_gap_update_adv_data
 .text.aci_gap_configure_filter_accept_list
                0x08001798       0x44 build/release/ble_gap_aci.o
                0x08001798                aci_gap_configure_filter_accept_list
 .text.aci_gap_numeric_comparison_value_confirm_yesno
                0x080017dc       0x52 build/release/ble_gap_aci.o
                0x080017dc                aci_gap_numeric_comparison_value_confirm_yesno
 .text.aci_gatt_init
                0x0800182e       0x46 build/release/ble_gatt_aci.o
                0x0800182e                aci_gatt_init
 .text.aci_gatt_add_service
                0x08001874       0xa8 build/release/ble_gatt_aci.o
                0x08001874                aci_gatt_add_service
 .text.aci_gatt_add_char
                0x0800191c       0xc6 build/release/ble_gatt_aci.o
                0x0800191c                aci_gatt_add_char
 .text.aci_gatt_update_char_value
                0x080019e2       0x72 build/release/ble_gatt_aci.o
                0x080019e2                aci_gatt_update_char_value
 .text.aci_gatt_confirm_indication
                0x08001a54       0x50 build/release/ble_gatt_aci.o
                0x08001a54                aci_gatt_confirm_indication
 .text.aci_gatt_permit_read
                0x08001aa4       0x5c build/release/ble_gatt_aci.o
                0x08001aa4                aci_gatt_permit_read
 .text.aci_hal_write_config_data
                0x08001b00       0x68 build/release/ble_hal_aci.o
                0x08001b00                aci_hal_write_config_data
 .text.aci_hal_set_tx_power_level
                0x08001b68       0x52 build/release/ble_hal_aci.o
                0x08001b68                aci_hal_set_tx_power_level
 .text.aci_hal_set_radio_activity_mask
                0x08001bba       0x4e build/release/ble_hal_aci.o
                0x08001bba                aci_hal_set_radio_activity_mask
 .text.hci_reset
                0x08001c08       0x42 build/release/ble_hci_le.o
                0x08001c08                hci_reset
 .text.hci_le_set_default_phy
                0x08001c4a       0x56 build/release/ble_hci_le.o
                0x08001c4a                hci_le_set_default_phy
 .text.null_ptr_check
                0x08001ca0       0x2a build/release/bmp5.o
 .text.validate_chip_id
                0x08001cca       0x16 build/release/bmp5.o
 .text.bmp5_get_regs
                0x08001ce0       0x50 build/release/bmp5.o
                0x08001ce0                bmp5_get_regs
 .text.get_nvm_status
                0x08001d30       0x18 build/release/bmp5.o
 .text.bmp5_set_regs
                0x08001d48       0x78 build/release/bmp5.o
                0x08001d48                bmp5_set_regs
 .text.set_deep_standby_mode
                0x08001dc0       0xa2 build/release/bmp5.o
 .text.set_power_mode
                0x08001e62       0x4a build/release/bmp5.o
 .text.set_iir_config
                0x08001eac       0x7a build/release/bmp5.o
 .text.bmp5_get_interrupt_status
                0x08001f26       0x18 build/release/bmp5.o
                0x08001f26                bmp5_get_interrupt_status
 .text.power_up_check
                0x08001f3e       0x4e build/release/bmp5.o
 .text.bmp5_init
                0x08001f8c       0x68 build/release/bmp5.o
                0x08001f8c                bmp5_init
 .text.bmp5_get_sensor_data
                0x08001ff4       0x8c build/release/bmp5.o
                0x08001ff4                bmp5_get_sensor_data
 .text.bmp5_int_source_select
                0x08002080       0x80 build/release/bmp5.o
                0x08002080                bmp5_int_source_select
 .text.bmp5_configure_interrupt
                0x08002100       0xa6 build/release/bmp5.o
                0x08002100                bmp5_configure_interrupt
 .text.bmp5_get_osr_odr_press_config
                0x080021a6       0x40 build/release/bmp5.o
                0x080021a6                bmp5_get_osr_odr_press_config
 .text.bmp5_get_iir_config
                0x080021e6       0x44 build/release/bmp5.o
                0x080021e6                bmp5_get_iir_config
 .text.check_deepstandby_mode
                0x0800222a       0x66 build/release/bmp5.o
 .text.bmp5_get_power_mode
                0x08002290       0x6c build/release/bmp5.o
                0x08002290                bmp5_get_power_mode
 .text.bmp5_set_power_mode
                0x080022fc       0x6e build/release/bmp5.o
                0x080022fc                bmp5_set_power_mode
 .text.set_standby_mode
                0x0800236a       0x28 build/release/bmp5.o
 .text.bmp5_set_osr_odr_press_config
                0x08002392       0x9c build/release/bmp5.o
                0x08002392                bmp5_set_osr_odr_press_config
 .text.bmp5_set_iir_config
                0x0800242e       0x6e build/release/bmp5.o
                0x0800242e                bmp5_set_iir_config
 .text.bmp5_delay_us
                0x0800249c       0x20 build/release/common.o
 .text.bmp5_i2c_write
                0x080024bc       0x3c build/release/common.o
 .text.bmp5_i2c_read
                0x080024f8       0x3c build/release/common.o
 .text.bmp5_interface_init
                0x08002534       0x44 build/release/common.o
                0x08002534                bmp5_interface_init
 .text.Custom_STM_App_Notification
                0x08002578        0x2 build/release/custom_app.o
                0x08002578                Custom_STM_App_Notification
 .text.Custom_APP_Notification
                0x0800257a        0x2 build/release/custom_app.o
                0x0800257a                Custom_APP_Notification
 .text.Custom_APP_Init
                0x0800257c        0x2 build/release/custom_app.o
                0x0800257c                Custom_APP_Init
 .text.aci_gatt_allow_read
                0x0800257e        0xe build/release/custom_stm.o
 .text.Custom_STM_Event_Handler
                0x0800258c      0x110 build/release/custom_stm.o
 .text.SVCCTL_InitCustomSvc
                0x0800269c      0x198 build/release/custom_stm.o
                0x0800269c                SVCCTL_InitCustomSvc
 .text.MX_GPIO_Init
                0x08002834       0xe0 build/release/gpio.o
                0x08002834                MX_GPIO_Init
 .text.NotifyCmdStatus
                0x08002914       0x20 build/release/hci_tl.o
 .text.TlInit   0x08002934       0x48 build/release/hci_tl.o
 .text.SendCmd  0x0800297c       0x34 build/release/hci_tl.o
 .text.hci_init
                0x080029b0       0x24 build/release/hci_tl.o
                0x080029b0                hci_init
 .text.hci_user_evt_proc
                0x080029d4       0x7c build/release/hci_tl.o
                0x080029d4                hci_user_evt_proc
 .text.hci_send_req
                0x08002a50       0xac build/release/hci_tl.o
                0x08002a50                hci_send_req
 .text.TlEvtReceived
                0x08002afc       0x34 build/release/hci_tl.o
 .text.hci_register_io_bus
                0x08002b30       0x14 build/release/hci_tl_if.o
                0x08002b30                hci_register_io_bus
 .text.HW_IPCC_MM_FreeBufHandler
                0x08002b44       0x2c build/release/hw_ipcc.o
 .text.HW_IPCC_Enable
                0x08002b70       0x50 build/release/hw_ipcc.o
                0x08002b70                HW_IPCC_Enable
 .text.HW_IPCC_Init
                0x08002bc0       0x40 build/release/hw_ipcc.o
                0x08002bc0                HW_IPCC_Init
 .text.HW_IPCC_BLE_Init
                0x08002c00       0x1c build/release/hw_ipcc.o
                0x08002c00                HW_IPCC_BLE_Init
 .text.HW_IPCC_BLE_SendCmd
                0x08002c1c       0x10 build/release/hw_ipcc.o
                0x08002c1c                HW_IPCC_BLE_SendCmd
 .text.HW_IPCC_BLE_AclDataEvtHandler
                0x08002c2c       0x20 build/release/hw_ipcc.o
 .text.HW_IPCC_BLE_EvtHandler
                0x08002c4c       0x14 build/release/hw_ipcc.o
 .text.HW_IPCC_SYS_Init
                0x08002c60       0x1c build/release/hw_ipcc.o
                0x08002c60                HW_IPCC_SYS_Init
 .text.HW_IPCC_SYS_SendCmd
                0x08002c7c       0x20 build/release/hw_ipcc.o
                0x08002c7c                HW_IPCC_SYS_SendCmd
 .text.HW_IPCC_SYS_CmdEvtHandler
                0x08002c9c       0x20 build/release/hw_ipcc.o
 .text.HW_IPCC_Tx_Handler
                0x08002cbc       0x58 build/release/hw_ipcc.o
                0x08002cbc                HW_IPCC_Tx_Handler
 .text.HW_IPCC_SYS_EvtHandler
                0x08002d14       0x14 build/release/hw_ipcc.o
 .text.HW_IPCC_MM_SendFreeBuf
                0x08002d28       0x3c build/release/hw_ipcc.o
                0x08002d28                HW_IPCC_MM_SendFreeBuf
 .text.HW_IPCC_TRACES_Init
                0x08002d64       0x1c build/release/hw_ipcc.o
                0x08002d64                HW_IPCC_TRACES_Init
 .text.HW_IPCC_TRACES_EvtHandler
                0x08002d80       0x14 build/release/hw_ipcc.o
 .text.HW_IPCC_Rx_Handler
                0x08002d94       0x58 build/release/hw_ipcc.o
                0x08002d94                HW_IPCC_Rx_Handler
 .text.HW_TS_Init
                0x08002dec      0x154 build/release/hw_timerserver.o
                0x08002dec                HW_TS_Init
 .text.MX_I2C1_Init
                0x08002f40       0x58 build/release/i2c.o
                0x08002f40                MX_I2C1_Init
 .text.HAL_I2C_MspInit
                0x08002f98       0x8c build/release/i2c.o
                0x08002f98                HAL_I2C_MspInit
 .text.MX_IPCC_Init
                0x08003024       0x20 build/release/ipcc.o
                0x08003024                MX_IPCC_Init
 .text.HAL_IPCC_MspInit
                0x08003044       0x2c build/release/ipcc.o
                0x08003044                HAL_IPCC_MspInit
 .text.dbg_blink
                0x08003070       0x8c build/release/main.o
 .text.bmp_log  0x080030fc       0x30 build/release/main.o
 .text.BMP580_Setup
                0x0800312c      0x16c build/release/main.o
 .text.dbg_print
                0x08003298       0x18 build/release/main.o
 .text.Error_Handler
                0x080032b0        0x4 build/release/main.o
                0x080032b0                Error_Handler
 .text.SystemClock_Config
                0x080032b4       0xc8 build/release/main.o
                0x080032b4                SystemClock_Config
 .text.PeriphCommonClock_Config
                0x0800337c       0x2e build/release/main.o
                0x0800337c                PeriphCommonClock_Config
 *fill*         0x080033aa        0x2 
 .text.main     0x080033ac      0x34c build/release/main.o
                0x080033ac                main
 .text.Osal_MemCpy
                0x080036f8        0x8 build/release/osal.o
                0x080036f8                Osal_MemCpy
 .text.Osal_MemSet
                0x08003700        0x8 build/release/osal.o
                0x08003700                Osal_MemSet
 .text.OTP_Read
                0x08003708       0x28 build/release/otp.o
                0x08003708                OTP_Read
 .text.MX_RF_Init
                0x08003730        0x2 build/release/rf.o
                0x08003730                MX_RF_Init
 *fill*         0x08003732        0x2 
 .text.MX_RTC_Init
                0x08003734       0x34 build/release/rtc.o
                0x08003734                MX_RTC_Init
 .text.HAL_RTC_MspInit
                0x08003768       0x64 build/release/rtc.o
                0x08003768                HAL_RTC_MspInit
 .text.SHCI_C2_BLE_Init
                0x080037cc       0x1c build/release/shci.o
                0x080037cc                SHCI_C2_BLE_Init
 .text.SHCI_C2_DEBUG_Init
                0x080037e8       0x1c build/release/shci.o
                0x080037e8                SHCI_C2_DEBUG_Init
 .text.SHCI_C2_Config
                0x08003804       0x1a build/release/shci.o
                0x08003804                SHCI_C2_Config
 *fill*         0x0800381e        0x2 
 .text.SHCI_GetWirelessFwInfo
                0x08003820       0x90 build/release/shci.o
                0x08003820                SHCI_GetWirelessFwInfo
 .text.Cmd_SetStatus
                0x080038b0       0x30 build/release/shci_tl.o
 .text.TlInit   0x080038e0       0x4c build/release/shci_tl.o
 .text.TlUserEvtReceived
                0x0800392c       0x18 build/release/shci_tl.o
 .text.shci_init
                0x08003944       0x24 build/release/shci_tl.o
                0x08003944                shci_init
 .text.shci_user_evt_proc
                0x08003968       0x7c build/release/shci_tl.o
                0x08003968                shci_user_evt_proc
 .text.shci_send
                0x080039e4       0x64 build/release/shci_tl.o
                0x080039e4                shci_send
 .text.TlCmdEvtReceived
                0x08003a48        0xa build/release/shci_tl.o
 *fill*         0x08003a52        0x2 
 .text.shci_register_io_bus
                0x08003a54       0x14 build/release/shci_tl_if.o
                0x08003a54                shci_register_io_bus
 .text.MX_SPI1_Init
                0x08003a68       0x4c build/release/spi.o
                0x08003a68                MX_SPI1_Init
 .text.HAL_SPI_MspInit
                0x08003ab4       0x64 build/release/spi.o
                0x08003ab4                HAL_SPI_MspInit
 .text.UTIL_LPM_Init
                0x08003b18       0x14 build/release/stm32_lpm.o
                0x08003b18                UTIL_LPM_Init
 .text.UTIL_LPM_SetOffMode
                0x08003b2c       0x2c build/release/stm32_lpm.o
                0x08003b2c                UTIL_LPM_SetOffMode
 .text.UTIL_SEQ_SetTask
                0x08003b58       0x28 build/release/stm32_seq.o
                0x08003b58                UTIL_SEQ_SetTask
 .text.UTIL_SEQ_PauseTask
                0x08003b80       0x1c build/release/stm32_seq.o
                0x08003b80                UTIL_SEQ_PauseTask
 .text.UTIL_SEQ_ResumeTask
                0x08003b9c       0x18 build/release/stm32_seq.o
                0x08003b9c                UTIL_SEQ_ResumeTask
 .text.UTIL_SEQ_SetEvt
                0x08003bb4       0x18 build/release/stm32_seq.o
                0x08003bb4                UTIL_SEQ_SetEvt
 .text.UTIL_SEQ_PreIdle
                0x08003bcc        0x2 build/release/stm32_seq.o
                0x08003bcc                UTIL_SEQ_PreIdle
 .text.UTIL_SEQ_PostIdle
                0x08003bce        0x2 build/release/stm32_seq.o
                0x08003bce                UTIL_SEQ_PostIdle
 .text.UTIL_SEQ_PreTask
                0x08003bd0        0x2 build/release/stm32_seq.o
                0x08003bd0                UTIL_SEQ_PreTask
 .text.UTIL_SEQ_PostTask
                0x08003bd2        0x2 build/release/stm32_seq.o
                0x08003bd2                UTIL_SEQ_PostTask
 .text.UTIL_SEQ_CatchWarning
                0x08003bd4        0x2 build/release/stm32_seq.o
                0x08003bd4                UTIL_SEQ_CatchWarning
 .text.SEQ_BitPosition
                0x08003bd6       0x12 build/release/stm32_seq.o
                0x08003bd6                SEQ_BitPosition
 .text.UTIL_SEQ_Run
                0x08003be8      0x1f0 build/release/stm32_seq.o
                0x08003be8                UTIL_SEQ_Run
 .text.UTIL_SEQ_EvtIdle
                0x08003dd8        0xa build/release/stm32_seq.o
                0x08003dd8                UTIL_SEQ_EvtIdle
 *fill*         0x08003de2        0x2 
 .text.UTIL_SEQ_WaitEvt
                0x08003de4       0x58 build/release/stm32_seq.o
                0x08003de4                UTIL_SEQ_WaitEvt
 .text.UTIL_SEQ_RegTask
                0x08003e3c       0x20 build/release/stm32_seq.o
                0x08003e3c                UTIL_SEQ_RegTask
 .text.HAL_InitTick
                0x08003e5c       0x50 build/release/stm32wbxx_hal.o
                0x08003e5c                HAL_InitTick
 .text.HAL_Init
                0x08003eac       0x30 build/release/stm32wbxx_hal.o
                0x08003eac                HAL_Init
 .text.HAL_IncTick
                0x08003edc       0x18 build/release/stm32wbxx_hal.o
                0x08003edc                HAL_IncTick
 .text.HAL_GetTick
                0x08003ef4        0xc build/release/stm32wbxx_hal.o
                0x08003ef4                HAL_GetTick
 .text.HAL_GetTickPrio
                0x08003f00        0xc build/release/stm32wbxx_hal.o
                0x08003f00                HAL_GetTickPrio
 .text.HAL_GetTickFreq
                0x08003f0c        0xc build/release/stm32wbxx_hal.o
                0x08003f0c                HAL_GetTickFreq
 .text.__NVIC_EnableIRQ
                0x08003f18       0x1c build/release/stm32wbxx_hal_cortex.o
 .text.__NVIC_SetPriority
                0x08003f34       0x28 build/release/stm32wbxx_hal_cortex.o
 .text.NVIC_EncodePriority
                0x08003f5c       0x46 build/release/stm32wbxx_hal_cortex.o
 *fill*         0x08003fa2        0x2 
 .text.HAL_NVIC_SetPriorityGrouping
                0x08003fa4       0x24 build/release/stm32wbxx_hal_cortex.o
                0x08003fa4                HAL_NVIC_SetPriorityGrouping
 .text.HAL_NVIC_SetPriority
                0x08003fc8       0x20 build/release/stm32wbxx_hal_cortex.o
                0x08003fc8                HAL_NVIC_SetPriority
 .text.HAL_NVIC_EnableIRQ
                0x08003fe8        0x8 build/release/stm32wbxx_hal_cortex.o
                0x08003fe8                HAL_NVIC_EnableIRQ
 .text.HAL_SYSTICK_Config
                0x08003ff0       0x28 build/release/stm32wbxx_hal_cortex.o
                0x08003ff0                HAL_SYSTICK_Config
 .text.HAL_NVIC_SetPendingIRQ
                0x08004018       0x1c build/release/stm32wbxx_hal_cortex.o
                0x08004018                HAL_NVIC_SetPendingIRQ
 .text.HAL_NVIC_ClearPendingIRQ
                0x08004034       0x1c build/release/stm32wbxx_hal_cortex.o
                0x08004034                HAL_NVIC_ClearPendingIRQ
 .text.HAL_GPIO_Init
                0x08004050      0x1b4 build/release/stm32wbxx_hal_gpio.o
                0x08004050                HAL_GPIO_Init
 .text.HAL_GPIO_WritePin
                0x08004204        0xa build/release/stm32wbxx_hal_gpio.o
                0x08004204                HAL_GPIO_WritePin
 .text.HAL_GPIO_TogglePin
                0x0800420e       0x12 build/release/stm32wbxx_hal_gpio.o
                0x0800420e                HAL_GPIO_TogglePin
 .text.HAL_HSEM_FreeCallback
                0x08004220        0x2 build/release/stm32wbxx_hal_hsem.o
                0x08004220                HAL_HSEM_FreeCallback
 *fill*         0x08004222        0x2 
 .text.HAL_HSEM_IRQHandler
                0x08004224       0x1c build/release/stm32wbxx_hal_hsem.o
                0x08004224                HAL_HSEM_IRQHandler
 .text.I2C_Flush_TXDR
                0x08004240       0x22 build/release/stm32wbxx_hal_i2c.o
 .text.I2C_TransferConfig
                0x08004262       0x3c build/release/stm32wbxx_hal_i2c.o
 .text.I2C_IsErrorOccurred
                0x0800429e      0x114 build/release/stm32wbxx_hal_i2c.o
 .text.I2C_WaitOnTXISFlagUntilTimeout
                0x080043b2       0x60 build/release/stm32wbxx_hal_i2c.o
 .text.I2C_WaitOnFlagUntilTimeout
                0x08004412       0x7c build/release/stm32wbxx_hal_i2c.o
 *fill*         0x0800448e        0x2 
 .text.I2C_RequestMemoryWrite
                0x08004490       0x70 build/release/stm32wbxx_hal_i2c.o
 .text.I2C_RequestMemoryRead
                0x08004500       0x6c build/release/stm32wbxx_hal_i2c.o
 .text.I2C_WaitOnSTOPFlagUntilTimeout
                0x0800456c       0x5e build/release/stm32wbxx_hal_i2c.o
 .text.HAL_I2C_Init
                0x080045ca       0xc8 build/release/stm32wbxx_hal_i2c.o
                0x080045ca                HAL_I2C_Init
 .text.HAL_I2C_Mem_Write
                0x08004692      0x19e build/release/stm32wbxx_hal_i2c.o
                0x08004692                HAL_I2C_Mem_Write
 .text.HAL_I2C_Mem_Read
                0x08004830      0x1a8 build/release/stm32wbxx_hal_i2c.o
                0x08004830                HAL_I2C_Mem_Read
 .text.HAL_I2C_IsDeviceReady
                0x080049d8      0x168 build/release/stm32wbxx_hal_i2c.o
                0x080049d8                HAL_I2C_IsDeviceReady
 .text.HAL_I2CEx_ConfigAnalogFilter
                0x08004b40       0x5a build/release/stm32wbxx_hal_i2c_ex.o
                0x08004b40                HAL_I2CEx_ConfigAnalogFilter
 .text.HAL_I2CEx_ConfigDigitalFilter
                0x08004b9a       0x56 build/release/stm32wbxx_hal_i2c_ex.o
                0x08004b9a                HAL_I2CEx_ConfigDigitalFilter
 .text.HAL_IPCC_RxCallback
                0x08004bf0        0x2 build/release/stm32wbxx_hal_ipcc.o
                0x08004bf0                HAL_IPCC_RxCallback
 .text.HAL_IPCC_TxCallback
                0x08004bf2        0x2 build/release/stm32wbxx_hal_ipcc.o
                0x08004bf2                HAL_IPCC_TxCallback
 .text.IPCC_SetDefaultCallbacks
                0x08004bf4       0x28 build/release/stm32wbxx_hal_ipcc.o
                0x08004bf4                IPCC_SetDefaultCallbacks
 .text.IPCC_Reset_Register
                0x08004c1c       0x10 build/release/stm32wbxx_hal_ipcc.o
                0x08004c1c                IPCC_Reset_Register
 .text.HAL_IPCC_Init
                0x08004c2c       0x3c build/release/stm32wbxx_hal_ipcc.o
                0x08004c2c                HAL_IPCC_Init
 .text.HAL_MspInit
                0x08004c68       0x2e build/release/stm32wbxx_hal_msp.o
                0x08004c68                HAL_MspInit
 .text.HAL_PCD_EP_DB_Receive
                0x08004c96      0x11e build/release/stm32wbxx_hal_pcd.o
 .text.HAL_PCD_Init
                0x08004db4       0xb6 build/release/stm32wbxx_hal_pcd.o
                0x08004db4                HAL_PCD_Init
 .text.HAL_PCD_Start
                0x08004e6a       0x2a build/release/stm32wbxx_hal_pcd.o
                0x08004e6a                HAL_PCD_Start
 .text.HAL_PCD_EP_DB_Transmit
                0x08004e94      0x46e build/release/stm32wbxx_hal_pcd.o
 .text.PCD_EP_ISR_Handler
                0x08005302      0x502 build/release/stm32wbxx_hal_pcd.o
 .text.HAL_PCD_SetAddress
                0x08005804       0x26 build/release/stm32wbxx_hal_pcd.o
                0x08005804                HAL_PCD_SetAddress
 .text.HAL_PCD_IRQHandler
                0x0800582a      0x1b2 build/release/stm32wbxx_hal_pcd.o
                0x0800582a                HAL_PCD_IRQHandler
 .text.HAL_PCD_EP_Open
                0x080059dc       0x86 build/release/stm32wbxx_hal_pcd.o
                0x080059dc                HAL_PCD_EP_Open
 .text.HAL_PCD_EP_Close
                0x08005a62       0x6c build/release/stm32wbxx_hal_pcd.o
                0x08005a62                HAL_PCD_EP_Close
 .text.HAL_PCD_EP_Receive
                0x08005ace       0x3a build/release/stm32wbxx_hal_pcd.o
                0x08005ace                HAL_PCD_EP_Receive
 .text.HAL_PCD_EP_GetRxCount
                0x08005b08       0x12 build/release/stm32wbxx_hal_pcd.o
                0x08005b08                HAL_PCD_EP_GetRxCount
 .text.HAL_PCD_EP_Transmit
                0x08005b1a       0x4c build/release/stm32wbxx_hal_pcd.o
                0x08005b1a                HAL_PCD_EP_Transmit
 .text.HAL_PCD_EP_SetStall
                0x08005b66       0x72 build/release/stm32wbxx_hal_pcd.o
                0x08005b66                HAL_PCD_EP_SetStall
 .text.HAL_PCD_EP_ClrStall
                0x08005bd8       0x7e build/release/stm32wbxx_hal_pcd.o
                0x08005bd8                HAL_PCD_EP_ClrStall
 .text.HAL_PCDEx_PMAConfig
                0x08005c56       0x38 build/release/stm32wbxx_hal_pcd_ex.o
                0x08005c56                HAL_PCDEx_PMAConfig
 .text.HAL_PCDEx_ActivateLPM
                0x08005c8e       0x2c build/release/stm32wbxx_hal_pcd_ex.o
                0x08005c8e                HAL_PCDEx_ActivateLPM
 *fill*         0x08005cba        0x2 
 .text.HAL_PWR_EnableBkUpAccess
                0x08005cbc       0x10 build/release/stm32wbxx_hal_pwr.o
                0x08005cbc                HAL_PWR_EnableBkUpAccess
 .text.HAL_PWREx_GetVoltageRange
                0x08005ccc       0x10 build/release/stm32wbxx_hal_pwr_ex.o
                0x08005ccc                HAL_PWREx_GetVoltageRange
 .text.HAL_PWREx_EnableVddUSB
                0x08005cdc       0x10 build/release/stm32wbxx_hal_pwr_ex.o
                0x08005cdc                HAL_PWREx_EnableVddUSB
 .text.RCC_SetFlashLatency
                0x08005cec       0xc0 build/release/stm32wbxx_hal_rcc.o
 .text.RCC_SetFlashLatencyFromMSIRange
                0x08005dac       0x50 build/release/stm32wbxx_hal_rcc.o
 .text.HAL_RCC_GetSysClockFreq
                0x08005dfc       0xc0 build/release/stm32wbxx_hal_rcc.o
                0x08005dfc                HAL_RCC_GetSysClockFreq
 .text.HAL_RCC_GetHCLKFreq
                0x08005ebc       0x20 build/release/stm32wbxx_hal_rcc.o
                0x08005ebc                HAL_RCC_GetHCLKFreq
 .text.HAL_RCC_OscConfig
                0x08005edc      0x71c build/release/stm32wbxx_hal_rcc.o
                0x08005edc                HAL_RCC_OscConfig
 .text.HAL_RCC_ClockConfig
                0x080065f8      0x264 build/release/stm32wbxx_hal_rcc.o
                0x080065f8                HAL_RCC_ClockConfig
 .text.LL_RCC_SetI2CClockSource
                0x0800685c       0x20 build/release/stm32wbxx_hal_rcc_ex.o
 .text.RCCEx_PLLSAI1_ConfigNP
                0x0800687c       0x8e build/release/stm32wbxx_hal_rcc_ex.o
 .text.RCCEx_PLLSAI1_ConfigNQ
                0x0800690a       0x8e build/release/stm32wbxx_hal_rcc_ex.o
 .text.RCCEx_PLLSAI1_ConfigNR
                0x08006998       0x8e build/release/stm32wbxx_hal_rcc_ex.o
 .text.HAL_RCCEx_PeriphCLKConfig
                0x08006a26      0x304 build/release/stm32wbxx_hal_rcc_ex.o
                0x08006a26                HAL_RCCEx_PeriphCLKConfig
 .text.HAL_RCCEx_EnableMSIPLLMode
                0x08006d2a        0xe build/release/stm32wbxx_hal_rcc_ex.o
                0x08006d2a                HAL_RCCEx_EnableMSIPLLMode
 .text.HAL_RTC_WaitForSynchro
                0x08006d38       0x34 build/release/stm32wbxx_hal_rtc.o
                0x08006d38                HAL_RTC_WaitForSynchro
 .text.RTC_EnterInitMode
                0x08006d6c       0x48 build/release/stm32wbxx_hal_rtc.o
                0x08006d6c                RTC_EnterInitMode
 .text.RTC_ExitInitMode
                0x08006db4       0x2c build/release/stm32wbxx_hal_rtc.o
                0x08006db4                RTC_ExitInitMode
 .text.HAL_RTC_Init
                0x08006de0       0xaa build/release/stm32wbxx_hal_rtc.o
                0x08006de0                HAL_RTC_Init
 *fill*         0x08006e8a        0x2 
 .text.SPI_WaitFlagStateUntilTimeout
                0x08006e8c       0xc8 build/release/stm32wbxx_hal_spi.o
 .text.SPI_WaitFifoStateUntilTimeout
                0x08006f54       0xf0 build/release/stm32wbxx_hal_spi.o
 .text.SPI_EndRxTxTransaction
                0x08007044       0x62 build/release/stm32wbxx_hal_spi.o
 .text.HAL_SPI_Init
                0x080070a6       0xde build/release/stm32wbxx_hal_spi.o
                0x080070a6                HAL_SPI_Init
 .text.HAL_SPI_TransmitReceive
                0x08007184      0x30e build/release/stm32wbxx_hal_spi.o
                0x08007184                HAL_SPI_TransmitReceive
 .text.NMI_Handler
                0x08007492        0x2 build/release/stm32wbxx_it.o
                0x08007492                NMI_Handler
 .text.HardFault_Handler
                0x08007494        0x2 build/release/stm32wbxx_it.o
                0x08007494                HardFault_Handler
 .text.MemManage_Handler
                0x08007496        0x2 build/release/stm32wbxx_it.o
                0x08007496                MemManage_Handler
 .text.BusFault_Handler
                0x08007498        0x2 build/release/stm32wbxx_it.o
                0x08007498                BusFault_Handler
 .text.UsageFault_Handler
                0x0800749a        0x2 build/release/stm32wbxx_it.o
                0x0800749a                UsageFault_Handler
 .text.SVC_Handler
                0x0800749c        0x2 build/release/stm32wbxx_it.o
                0x0800749c                SVC_Handler
 .text.DebugMon_Handler
                0x0800749e        0x2 build/release/stm32wbxx_it.o
                0x0800749e                DebugMon_Handler
 .text.PendSV_Handler
                0x080074a0        0x2 build/release/stm32wbxx_it.o
                0x080074a0                PendSV_Handler
 .text.SysTick_Handler
                0x080074a2        0x8 build/release/stm32wbxx_it.o
                0x080074a2                SysTick_Handler
 *fill*         0x080074aa        0x2 
 .text.USB_LP_IRQHandler
                0x080074ac       0x10 build/release/stm32wbxx_it.o
                0x080074ac                USB_LP_IRQHandler
 .text.HSEM_IRQHandler
                0x080074bc        0x8 build/release/stm32wbxx_it.o
                0x080074bc                HSEM_IRQHandler
 .text.IPCC_C1_RX_IRQHandler
                0x080074c4        0x8 build/release/stm32wbxx_it.o
                0x080074c4                IPCC_C1_RX_IRQHandler
 .text.IPCC_C1_TX_IRQHandler
                0x080074cc        0x8 build/release/stm32wbxx_it.o
                0x080074cc                IPCC_C1_TX_IRQHandler
 .text.USB_EnableGlobalInt
                0x080074d4       0x12 build/release/stm32wbxx_ll_usb.o
                0x080074d4                USB_EnableGlobalInt
 .text.USB_DisableGlobalInt
                0x080074e6       0x16 build/release/stm32wbxx_ll_usb.o
                0x080074e6                USB_DisableGlobalInt
 .text.USB_DevInit
                0x080074fc       0x22 build/release/stm32wbxx_ll_usb.o
                0x080074fc                USB_DevInit
 .text.USB_ActivateEndpoint
                0x0800751e      0x572 build/release/stm32wbxx_ll_usb.o
                0x0800751e                USB_ActivateEndpoint
 .text.USB_DeactivateEndpoint
                0x08007a90      0x1d6 build/release/stm32wbxx_ll_usb.o
                0x08007a90                USB_DeactivateEndpoint
 .text.USB_EPSetStall
                0x08007c66       0x4a build/release/stm32wbxx_ll_usb.o
                0x08007c66                USB_EPSetStall
 .text.USB_EPClearStall
                0x08007cb0       0x9c build/release/stm32wbxx_ll_usb.o
                0x08007cb0                USB_EPClearStall
 .text.USB_SetDevAddress
                0x08007d4c        0xc build/release/stm32wbxx_ll_usb.o
                0x08007d4c                USB_SetDevAddress
 .text.USB_DevConnect
                0x08007d58       0x16 build/release/stm32wbxx_ll_usb.o
                0x08007d58                USB_DevConnect
 .text.USB_ReadInterrupts
                0x08007d6e        0x8 build/release/stm32wbxx_ll_usb.o
                0x08007d6e                USB_ReadInterrupts
 .text.USB_WritePMA
                0x08007d76       0x24 build/release/stm32wbxx_ll_usb.o
                0x08007d76                USB_WritePMA
 .text.USB_EPStartXfer
                0x08007d9a      0x58e build/release/stm32wbxx_ll_usb.o
                0x08007d9a                USB_EPStartXfer
 .text.USB_ReadPMA
                0x08008328       0x2c build/release/stm32wbxx_ll_usb.o
                0x08008328                USB_ReadPMA
 .text.LST_init_head
                0x08008354        0x6 build/release/stm_list.o
                0x08008354                LST_init_head
 .text.LST_is_empty
                0x0800835a       0x18 build/release/stm_list.o
                0x0800835a                LST_is_empty
 .text.LST_insert_head
                0x08008372       0x18 build/release/stm_list.o
                0x08008372                LST_insert_head
 .text.LST_insert_tail
                0x0800838a       0x18 build/release/stm_list.o
                0x0800838a                LST_insert_tail
 .text.LST_remove_node
                0x080083a2       0x18 build/release/stm_list.o
                0x080083a2                LST_remove_node
 .text.LST_remove_head
                0x080083ba       0x18 build/release/stm_list.o
                0x080083ba                LST_remove_head
 .text.BAS_Init
                0x080083d2        0x2 build/release/svc_ctl.o
                0x080083d2                BAS_Init
 .text.BLS_Init
                0x080083d4        0x2 build/release/svc_ctl.o
                0x080083d4                BLS_Init
 .text.CRS_STM_Init
                0x080083d6        0x2 build/release/svc_ctl.o
                0x080083d6                CRS_STM_Init
 .text.DIS_Init
                0x080083d8        0x2 build/release/svc_ctl.o
                0x080083d8                DIS_Init
 .text.EDS_STM_Init
                0x080083da        0x2 build/release/svc_ctl.o
                0x080083da                EDS_STM_Init
 .text.HIDS_Init
                0x080083dc        0x2 build/release/svc_ctl.o
                0x080083dc                HIDS_Init
 .text.HRS_Init
                0x080083de        0x2 build/release/svc_ctl.o
                0x080083de                HRS_Init
 .text.HTS_Init
                0x080083e0        0x2 build/release/svc_ctl.o
                0x080083e0                HTS_Init
 .text.IAS_Init
                0x080083e2        0x2 build/release/svc_ctl.o
                0x080083e2                IAS_Init
 .text.LLS_Init
                0x080083e4        0x2 build/release/svc_ctl.o
                0x080083e4                LLS_Init
 .text.TPS_Init
                0x080083e6        0x2 build/release/svc_ctl.o
                0x080083e6                TPS_Init
 .text.MOTENV_STM_Init
                0x080083e8        0x2 build/release/svc_ctl.o
                0x080083e8                MOTENV_STM_Init
 .text.P2PS_STM_Init
                0x080083ea        0x2 build/release/svc_ctl.o
                0x080083ea                P2PS_STM_Init
 .text.ZDD_STM_Init
                0x080083ec        0x2 build/release/svc_ctl.o
                0x080083ec                ZDD_STM_Init
 .text.OTAS_STM_Init
                0x080083ee        0x2 build/release/svc_ctl.o
                0x080083ee                OTAS_STM_Init
 .text.MESH_Init
                0x080083f0        0x2 build/release/svc_ctl.o
                0x080083f0                MESH_Init
 .text.BVOPUS_STM_Init
                0x080083f2        0x2 build/release/svc_ctl.o
                0x080083f2                BVOPUS_STM_Init
 .text.SVCCTL_SvcInit
                0x080083f4       0x4c build/release/svc_ctl.o
                0x080083f4                SVCCTL_SvcInit
 .text.SVCCTL_Init
                0x08008440       0x1c build/release/svc_ctl.o
                0x08008440                SVCCTL_Init
 .text.SVCCTL_RegisterSvcHandler
                0x0800845c       0x14 build/release/svc_ctl.o
                0x0800845c                SVCCTL_RegisterSvcHandler
 .text.SVCCTL_UserEvtRx
                0x08008470       0x54 build/release/svc_ctl.o
                0x08008470                SVCCTL_UserEvtRx
 .text._getpid  0x080084c4        0x4 build/release/syscalls.o
                0x080084c4                _getpid
 .text._kill    0x080084c8       0x10 build/release/syscalls.o
                0x080084c8                _kill
 .text._exit    0x080084d8        0xc build/release/syscalls.o
                0x080084d8                _exit
 .text._read    0x080084e4       0x20 build/release/syscalls.o
                0x080084e4                _read
 .text._write   0x08008504       0x1c build/release/syscalls.o
                0x08008504                _write
 .text._close   0x08008520        0x6 build/release/syscalls.o
                0x08008520                _close
 .text._fstat   0x08008526        0xa build/release/syscalls.o
                0x08008526                _fstat
 .text._isatty  0x08008530        0x4 build/release/syscalls.o
                0x08008530                _isatty
 .text._lseek   0x08008534        0x4 build/release/syscalls.o
                0x08008534                _lseek
 .text._sbrk    0x08008538       0x4c build/release/sysmem.o
                0x08008538                _sbrk
 .text.SystemInit
                0x08008584       0x64 build/release/system_stm32wbxx.o
                0x08008584                SystemInit
 .text.SendFreeBuf
                0x080085e8       0x30 build/release/tl_mbox.o
 .text.TL_Enable
                0x08008618        0x8 build/release/tl_mbox.o
                0x08008618                TL_Enable
 .text.TL_Init  0x08008620       0x60 build/release/tl_mbox.o
                0x08008620                TL_Init
 .text.TL_BLE_Init
                0x08008680       0x48 build/release/tl_mbox.o
                0x08008680                TL_BLE_Init
 .text.TL_BLE_SendCmd
                0x080086c8       0x1c build/release/tl_mbox.o
                0x080086c8                TL_BLE_SendCmd
 .text.HW_IPCC_BLE_RxEvtNot
                0x080086e4       0x2c build/release/tl_mbox.o
                0x080086e4                HW_IPCC_BLE_RxEvtNot
 .text.HW_IPCC_BLE_AclDataAckNot
                0x08008710       0x10 build/release/tl_mbox.o
                0x08008710                HW_IPCC_BLE_AclDataAckNot
 .text.TL_SYS_Init
                0x08008720       0x3c build/release/tl_mbox.o
                0x08008720                TL_SYS_Init
 .text.TL_SYS_SendCmd
                0x0800875c       0x1c build/release/tl_mbox.o
                0x0800875c                TL_SYS_SendCmd
 .text.HW_IPCC_SYS_CmdEvtNot
                0x08008778       0x1c build/release/tl_mbox.o
                0x08008778                HW_IPCC_SYS_CmdEvtNot
 .text.HW_IPCC_SYS_EvtNot
                0x08008794       0x2c build/release/tl_mbox.o
                0x08008794                HW_IPCC_SYS_EvtNot
 .text.TL_MM_Init
                0x080087c0       0x48 build/release/tl_mbox.o
                0x080087c0                TL_MM_Init
 .text.TL_MM_EvtDone
                0x08008808       0x1c build/release/tl_mbox.o
                0x08008808                TL_MM_EvtDone
 .text.TL_TRACES_Init
                0x08008824       0x20 build/release/tl_mbox.o
                0x08008824                TL_TRACES_Init
 .text.TL_TRACES_EvtReceived
                0x08008844        0x2 build/release/tl_mbox.o
                0x08008844                TL_TRACES_EvtReceived
 *fill*         0x08008846        0x2 
 .text.HW_IPCC_TRACES_EvtNot
                0x08008848       0x28 build/release/tl_mbox.o
                0x08008848                HW_IPCC_TRACES_EvtNot
 .text.MX_USB_Device_Init
                0x08008870       0x54 build/release/usb_device.o
                0x08008870                MX_USB_Device_Init
 .text.USBD_CDC_EP0_RxReady
                0x080088c4       0x40 build/release/usbd_cdc.o
 .text.USBD_CDC_GetDeviceQualifierDescriptor
                0x08008904        0xc build/release/usbd_cdc.o
                0x08008904                USBD_CDC_GetDeviceQualifierDescriptor
 .text.USBD_CDC_GetOtherSpeedCfgDesc
                0x08008910       0x48 build/release/usbd_cdc.o
 .text.USBD_CDC_GetFSCfgDesc
                0x08008958       0x48 build/release/usbd_cdc.o
 .text.USBD_CDC_GetHSCfgDesc
                0x080089a0       0x48 build/release/usbd_cdc.o
 .text.USBD_CDC_DataOut
                0x080089e8       0x38 build/release/usbd_cdc.o
 .text.USBD_CDC_DataIn
                0x08008a20       0x7e build/release/usbd_cdc.o
 .text.USBD_CDC_Setup
                0x08008a9e      0x110 build/release/usbd_cdc.o
 .text.USBD_CDC_DeInit
                0x08008bae       0x64 build/release/usbd_cdc.o
 .text.USBD_CDC_Init
                0x08008c12       0xec build/release/usbd_cdc.o
 .text.USBD_CDC_RegisterInterface
                0x08008cfe       0x16 build/release/usbd_cdc.o
                0x08008cfe                USBD_CDC_RegisterInterface
 .text.USBD_CDC_SetTxBuffer
                0x08008d14       0x1c build/release/usbd_cdc.o
                0x08008d14                USBD_CDC_SetTxBuffer
 .text.USBD_CDC_SetRxBuffer
                0x08008d30       0x18 build/release/usbd_cdc.o
                0x08008d30                USBD_CDC_SetRxBuffer
 .text.USBD_CDC_TransmitPacket
                0x08008d48       0x36 build/release/usbd_cdc.o
                0x08008d48                USBD_CDC_TransmitPacket
 .text.USBD_CDC_ReceivePacket
                0x08008d7e       0x38 build/release/usbd_cdc.o
                0x08008d7e                USBD_CDC_ReceivePacket
 .text.CDC_DeInit_FS
                0x08008db6        0x4 build/release/usbd_cdc_if.o
 .text.CDC_Control_FS
                0x08008dba        0x4 build/release/usbd_cdc_if.o
 .text.CDC_TransmitCplt_FS
                0x08008dbe        0x4 build/release/usbd_cdc_if.o
 *fill*         0x08008dc2        0x2 
 .text.CDC_Receive_FS
                0x08008dc4       0x1c build/release/usbd_cdc_if.o
 .text.CDC_Init_FS
                0x08008de0       0x28 build/release/usbd_cdc_if.o
 .text.CDC_Transmit_FS
                0x08008e08       0x28 build/release/usbd_cdc_if.o
                0x08008e08                CDC_Transmit_FS
 .text.USBD_Get_USB_Status
                0x08008e30       0x16 build/release/usbd_conf.o
 .text.SystemClockConfig_Resume
                0x08008e46        0x8 build/release/usbd_conf.o
 *fill*         0x08008e4e        0x2 
 .text.HAL_PCD_MspInit
                0x08008e50       0xb8 build/release/usbd_conf.o
                0x08008e50                HAL_PCD_MspInit
 .text.HAL_PCD_SetupStageCallback
                0x08008f08       0x10 build/release/usbd_conf.o
                0x08008f08                HAL_PCD_SetupStageCallback
 .text.HAL_PCD_DataOutStageCallback
                0x08008f18       0x18 build/release/usbd_conf.o
                0x08008f18                HAL_PCD_DataOutStageCallback
 .text.HAL_PCD_DataInStageCallback
                0x08008f30       0x16 build/release/usbd_conf.o
                0x08008f30                HAL_PCD_DataInStageCallback
 .text.HAL_PCD_SOFCallback
                0x08008f46        0xc build/release/usbd_conf.o
                0x08008f46                HAL_PCD_SOFCallback
 .text.HAL_PCD_ResetCallback
                0x08008f52       0x24 build/release/usbd_conf.o
                0x08008f52                HAL_PCD_ResetCallback
 *fill*         0x08008f76        0x2 
 .text.HAL_PCD_SuspendCallback
                0x08008f78       0x20 build/release/usbd_conf.o
                0x08008f78                HAL_PCD_SuspendCallback
 .text.HAL_PCD_ResumeCallback
                0x08008f98       0x28 build/release/usbd_conf.o
                0x08008f98                HAL_PCD_ResumeCallback
 .text.USBD_LL_Init
                0x08008fc0       0x90 build/release/usbd_conf.o
                0x08008fc0                USBD_LL_Init
 .text.USBD_LL_Start
                0x08009050       0x10 build/release/usbd_conf.o
                0x08009050                USBD_LL_Start
 .text.USBD_LL_OpenEP
                0x08009060       0x16 build/release/usbd_conf.o
                0x08009060                USBD_LL_OpenEP
 .text.USBD_LL_CloseEP
                0x08009076       0x10 build/release/usbd_conf.o
                0x08009076                USBD_LL_CloseEP
 .text.USBD_LL_StallEP
                0x08009086       0x10 build/release/usbd_conf.o
                0x08009086                USBD_LL_StallEP
 .text.USBD_LL_ClearStallEP
                0x08009096       0x10 build/release/usbd_conf.o
                0x08009096                USBD_LL_ClearStallEP
 .text.USBD_LL_IsStallEP
                0x080090a6       0x2c build/release/usbd_conf.o
                0x080090a6                USBD_LL_IsStallEP
 .text.USBD_LL_SetUSBAddress
                0x080090d2       0x10 build/release/usbd_conf.o
                0x080090d2                USBD_LL_SetUSBAddress
 .text.USBD_LL_Transmit
                0x080090e2       0x10 build/release/usbd_conf.o
                0x080090e2                USBD_LL_Transmit
 .text.USBD_LL_PrepareReceive
                0x080090f2       0x10 build/release/usbd_conf.o
                0x080090f2                USBD_LL_PrepareReceive
 .text.USBD_LL_GetRxDataSize
                0x08009102        0xc build/release/usbd_conf.o
                0x08009102                USBD_LL_GetRxDataSize
 *fill*         0x0800910e        0x2 
 .text.HAL_PCDEx_LPM_Callback
                0x08009110       0x44 build/release/usbd_conf.o
                0x08009110                HAL_PCDEx_LPM_Callback
 .text.USBD_static_malloc
                0x08009154        0x8 build/release/usbd_conf.o
                0x08009154                USBD_static_malloc
 .text.USBD_static_free
                0x0800915c        0x2 build/release/usbd_conf.o
                0x0800915c                USBD_static_free
 .text.USBD_Init
                0x0800915e       0x2e build/release/usbd_core.o
                0x0800915e                USBD_Init
 .text.USBD_RegisterClass
                0x0800918c       0x40 build/release/usbd_core.o
                0x0800918c                USBD_RegisterClass
 .text.USBD_Start
                0x080091cc        0x8 build/release/usbd_core.o
                0x080091cc                USBD_Start
 .text.USBD_SetClassConfig
                0x080091d4       0x12 build/release/usbd_core.o
                0x080091d4                USBD_SetClassConfig
 .text.USBD_ClrClassConfig
                0x080091e6       0x12 build/release/usbd_core.o
                0x080091e6                USBD_ClrClassConfig
 .text.USBD_LL_SetupStage
                0x080091f8       0x58 build/release/usbd_core.o
                0x080091f8                USBD_LL_SetupStage
 .text.USBD_LL_Reset
                0x08009250       0x68 build/release/usbd_core.o
                0x08009250                USBD_LL_Reset
 .text.USBD_LL_SetSpeed
                0x080092b8        0x6 build/release/usbd_core.o
                0x080092b8                USBD_LL_SetSpeed
 .text.USBD_LL_Suspend
                0x080092be       0x1c build/release/usbd_core.o
                0x080092be                USBD_LL_Suspend
 .text.USBD_LL_Resume
                0x080092da       0x18 build/release/usbd_core.o
                0x080092da                USBD_LL_Resume
 .text.USBD_LL_SOF
                0x080092f2       0x20 build/release/usbd_core.o
                0x080092f2                USBD_LL_SOF
 .text.USBD_CoreFindIF
                0x08009312        0x4 build/release/usbd_core.o
                0x08009312                USBD_CoreFindIF
 .text.USBD_CoreFindEP
                0x08009316        0x4 build/release/usbd_core.o
                0x08009316                USBD_CoreFindEP
 .text.USBD_LL_DataOutStage
                0x0800931a       0xc6 build/release/usbd_core.o
                0x0800931a                USBD_LL_DataOutStage
 .text.USBD_LL_DataInStage
                0x080093e0       0xd4 build/release/usbd_core.o
                0x080093e0                USBD_LL_DataInStage
 .text.USBD_GetNextDesc
                0x080094b4        0xe build/release/usbd_core.o
                0x080094b4                USBD_GetNextDesc
 .text.USBD_GetEpDesc
                0x080094c2       0x3e build/release/usbd_core.o
                0x080094c2                USBD_GetEpDesc
 .text.USBD_GetLen
                0x08009500       0x14 build/release/usbd_ctlreq.o
 .text.USBD_ParseSetupRequest
                0x08009514       0x28 build/release/usbd_ctlreq.o
                0x08009514                USBD_ParseSetupRequest
 .text.USBD_CtlError
                0x0800953c       0x14 build/release/usbd_ctlreq.o
                0x0800953c                USBD_CtlError
 .text.USBD_GetDescriptor
                0x08009550      0x1b2 build/release/usbd_ctlreq.o
 .text.USBD_SetAddress
                0x08009702       0x52 build/release/usbd_ctlreq.o
 .text.USBD_SetConfig
                0x08009754       0xd8 build/release/usbd_ctlreq.o
 .text.USBD_GetConfig
                0x0800982c       0x40 build/release/usbd_ctlreq.o
 .text.USBD_GetStatus
                0x0800986c       0x38 build/release/usbd_ctlreq.o
 .text.USBD_SetFeature
                0x080098a4       0x2a build/release/usbd_ctlreq.o
 .text.USBD_ClrFeature
                0x080098ce       0x26 build/release/usbd_ctlreq.o
 .text.USBD_StdDevReq
                0x080098f4       0x82 build/release/usbd_ctlreq.o
                0x080098f4                USBD_StdDevReq
 .text.USBD_StdItfReq
                0x08009976       0x90 build/release/usbd_ctlreq.o
                0x08009976                USBD_StdItfReq
 .text.USBD_StdEPReq
                0x08009a06      0x238 build/release/usbd_ctlreq.o
                0x08009a06                USBD_StdEPReq
 .text.USBD_GetString
                0x08009c3e       0x46 build/release/usbd_ctlreq.o
                0x08009c3e                USBD_GetString
 .text.USBD_CDC_DeviceDescriptor
                0x08009c84        0xc build/release/usbd_desc.o
                0x08009c84                USBD_CDC_DeviceDescriptor
 .text.USBD_CDC_LangIDStrDescriptor
                0x08009c90        0xc build/release/usbd_desc.o
                0x08009c90                USBD_CDC_LangIDStrDescriptor
 .text.IntToUnicode
                0x08009c9c       0x44 build/release/usbd_desc.o
 .text.Get_SerialNum
                0x08009ce0       0x38 build/release/usbd_desc.o
 .text.USBD_CDC_SerialStrDescriptor
                0x08009d18       0x14 build/release/usbd_desc.o
                0x08009d18                USBD_CDC_SerialStrDescriptor
 .text.USBD_CDC_ProductStrDescriptor
                0x08009d2c       0x24 build/release/usbd_desc.o
                0x08009d2c                USBD_CDC_ProductStrDescriptor
 .text.USBD_CDC_ManufacturerStrDescriptor
                0x08009d50       0x1c build/release/usbd_desc.o
                0x08009d50                USBD_CDC_ManufacturerStrDescriptor
 .text.USBD_CDC_ConfigStrDescriptor
                0x08009d6c       0x24 build/release/usbd_desc.o
                0x08009d6c                USBD_CDC_ConfigStrDescriptor
 .text.USBD_CDC_InterfaceStrDescriptor
                0x08009d90       0x24 build/release/usbd_desc.o
                0x08009d90                USBD_CDC_InterfaceStrDescriptor
 .text.USBD_CtlSendData
                0x08009db4       0x1c build/release/usbd_ioreq.o
                0x08009db4                USBD_CtlSendData
 .text.USBD_CtlContinueSendData
                0x08009dd0       0x10 build/release/usbd_ioreq.o
                0x08009dd0                USBD_CtlContinueSendData
 .text.USBD_CtlPrepareRx
                0x08009de0       0x22 build/release/usbd_ioreq.o
                0x08009de0                USBD_CtlPrepareRx
 .text.USBD_CtlContinueRx
                0x08009e02       0x10 build/release/usbd_ioreq.o
                0x08009e02                USBD_CtlContinueRx
 .text.USBD_CtlSendStatus
                0x08009e12       0x16 build/release/usbd_ioreq.o
                0x08009e12                USBD_CtlSendStatus
 .text.USBD_CtlReceiveStatus
                0x08009e28       0x16 build/release/usbd_ioreq.o
                0x08009e28                USBD_CtlReceiveStatus
 .text.data_initializers
                0x08009e3e       0x18 build/release/startup_stm32wb55xx_cm4.o
 *fill*         0x08009e56        0x2 
 .text.Reset_Handler
                0x08009e58       0x58 build/release/startup_stm32wb55xx_cm4.o
                0x08009e58                Reset_Handler
 .text.Default_Handler
                0x08009eb0        0x2 build/release/startup_stm32wb55xx_cm4.o
                0x08009eb0                RTC_Alarm_IRQHandler
                0x08009eb0                EXTI2_IRQHandler
                0x08009eb0                TIM1_CC_IRQHandler
                0x08009eb0                TSC_IRQHandler
                0x08009eb0                USB_HP_IRQHandler
                0x08009eb0                EXTI3_IRQHandler
                0x08009eb0                LPTIM2_IRQHandler
                0x08009eb0                I2C3_ER_IRQHandler
                0x08009eb0                EXTI0_IRQHandler
                0x08009eb0                FPU_IRQHandler
                0x08009eb0                TIM1_UP_TIM16_IRQHandler
                0x08009eb0                AES1_IRQHandler
                0x08009eb0                SPI1_IRQHandler
                0x08009eb0                PWR_SOTF_BLEACT_802ACT_RFPHASE_IRQHandler
                0x08009eb0                DMA2_Channel2_IRQHandler
                0x08009eb0                DMA1_Channel4_IRQHandler
                0x08009eb0                ADC1_IRQHandler
                0x08009eb0                PKA_IRQHandler
                0x08009eb0                DMA1_Channel7_IRQHandler
                0x08009eb0                LCD_IRQHandler
                0x08009eb0                DMA2_Channel1_IRQHandler
                0x08009eb0                QUADSPI_IRQHandler
                0x08009eb0                I2C1_EV_IRQHandler
                0x08009eb0                DMAMUX1_OVR_IRQHandler
                0x08009eb0                DMA1_Channel6_IRQHandler
                0x08009eb0                DMA2_Channel4_IRQHandler
                0x08009eb0                RCC_IRQHandler
                0x08009eb0                DMA1_Channel1_IRQHandler
                0x08009eb0                Default_Handler
                0x08009eb0                DMA2_Channel7_IRQHandler
                0x08009eb0                EXTI15_10_IRQHandler
                0x08009eb0                C2SEV_PWR_C2H_IRQHandler
                0x08009eb0                AES2_IRQHandler
                0x08009eb0                I2C3_EV_IRQHandler
                0x08009eb0                EXTI9_5_IRQHandler
                0x08009eb0                RTC_WKUP_IRQHandler
                0x08009eb0                PVD_PVM_IRQHandler
                0x08009eb0                SPI2_IRQHandler
                0x08009eb0                DMA2_Channel5_IRQHandler
                0x08009eb0                CRS_IRQHandler
                0x08009eb0                DMA1_Channel5_IRQHandler
                0x08009eb0                EXTI4_IRQHandler
                0x08009eb0                RNG_IRQHandler
                0x08009eb0                TIM1_TRG_COM_TIM17_IRQHandler
                0x08009eb0                TAMP_STAMP_LSECSS_IRQHandler
                0x08009eb0                DMA1_Channel3_IRQHandler
                0x08009eb0                COMP_IRQHandler
                0x08009eb0                WWDG_IRQHandler
                0x08009eb0                LPUART1_IRQHandler
                0x08009eb0                DMA2_Channel6_IRQHandler
                0x08009eb0                TIM2_IRQHandler
                0x08009eb0                TIM1_BRK_IRQHandler
                0x08009eb0                EXTI1_IRQHandler
                0x08009eb0                DMA1_Channel2_IRQHandler
                0x08009eb0                FLASH_IRQHandler
                0x08009eb0                USART1_IRQHandler
                0x08009eb0                I2C1_ER_IRQHandler
                0x08009eb0                LPTIM1_IRQHandler
                0x08009eb0                SAI1_IRQHandler
                0x08009eb0                DMA2_Channel3_IRQHandler
 .text.__cvt    0x08009eb2       0xbe c:/Users/Nathan/AppData/Roaming/Code/User/globalStorage/bmd.stm32-for-vscode/@xpack-dev-tools/arm-none-eabi-gcc/15.2.1-1.1.1/.content/bin/../lib/gcc/arm-none-eabi/15.2.1/../../../../arm-none-eabi/lib/thumb/v7e-m+fp/hard\libc_nano.a(libc_a-nano-vfprintf_float.o)
                0x08009eb2                __cvt
 .text.__exponent
                0x08009f70       0x76 c:/Users/Nathan/AppData/Roaming/Code/User/globalStorage/bmd.stm32-for-vscode/@xpack-dev-tools/arm-none-eabi-gcc/15.2.1-1.1.1/.content/bin/../lib/gcc/arm-none-eabi/15.2.1/../../../../arm-none-eabi/lib/thumb/v7e-m+fp/hard\libc_nano.a(libc_a-nano-vfprintf_float.o)
                0x08009f70                __exponent
 *fill*         0x08009fe6        0x2 
 .text._printf_float
                0x08009fe8      0x448 c:/Users/Nathan/AppData/Roaming/Code/User/globalStorage/bmd.stm32-for-vscode/@xpack-dev-tools/arm-none-eabi-gcc/15.2.1-1.1.1/.content/bin/../lib/gcc/arm-none-eabi/15.2.1/../../../../arm-none-eabi/lib/thumb/v7e-m+fp/hard\libc_nano.a(libc_a-nano-vfprintf_float.o)
                0x08009fe8                _printf_float
 .text._printf_common
                0x0800a430       0xea c:/Users/Nathan/AppData/Roaming/Code/User/globalStorage/bmd.stm32-for-vscode/@xpack-dev-tools/arm-none-eabi-gcc/15.2.1-1.1.1/.content/bin/../lib/gcc/arm-none-eabi/15.2.1/../../../../arm-none-eabi/lib/thumb/v7e-m+fp/hard\libc_nano.a(libc_a-nano-vfprintf_i.o)
                0x0800a430                _printf_common
 *fill*         0x0800a51a        0x2 
 .text._printf_i
                0x0800a51c      0x254 c:/Users/Nathan/AppData/Roaming/Code/User/globalStorage/bmd.stm32-for-vscode/@xpack-dev-tools/arm-none-eabi-gcc/15.2.1-1.1.1/.content/bin/../lib/gcc/arm-none-eabi/15.2.1/../../../../arm-none-eabi/lib/thumb/v7e-m+fp/hard\libc_nano.a(libc_a-nano-vfprintf_i.o)
                0x0800a51c                _printf_i
 .text.std      0x0800a770       0x6c c:/Users/Nathan/AppData/Roaming/Code/User/globalStorage/bmd.stm32-for-vscode/@xpack-dev-tools/arm-none-eabi-gcc/15.2.1-1.1.1/.content/bin/../lib/gcc/arm-none-eabi/15.2.1/../../../../arm-none-eabi/lib/thumb/v7e-m+fp/hard\libc_nano.a(libc_a-findfp.o)
 .text.stdio_exit_handler
                0x0800a7dc       0x18 c:/Users/Nathan/AppData/Roaming/Code/User/globalStorage/bmd.stm32-for-vscode/@xpack-dev-tools/arm-none-eabi-gcc/15.2.1-1.1.1/.content/bin/../lib/gcc/arm-none-eabi/15.2.1/../../../../arm-none-eabi/lib/thumb/v7e-m+fp/hard\libc_nano.a(libc_a-findfp.o)
 .text.cleanup_stdio
                0x0800a7f4       0x40 c:/Users/Nathan/AppData/Roaming/Code/User/globalStorage/bmd.stm32-for-vscode/@xpack-dev-tools/arm-none-eabi-gcc/15.2.1-1.1.1/.content/bin/../lib/gcc/arm-none-eabi/15.2.1/../../../../arm-none-eabi/lib/thumb/v7e-m+fp/hard\libc_nano.a(libc_a-findfp.o)
 .text.global_stdio_init.part.0
                0x0800a834       0x40 c:/Users/Nathan/AppData/Roaming/Code/User/globalStorage/bmd.stm32-for-vscode/@xpack-dev-tools/arm-none-eabi-gcc/15.2.1-1.1.1/.content/bin/../lib/gcc/arm-none-eabi/15.2.1/../../../../arm-none-eabi/lib/thumb/v7e-m+fp/hard\libc_nano.a(libc_a-findfp.o)
 .text.__sfp_lock_acquire
                0x0800a874        0xc c:/Users/Nathan/AppData/Roaming/Code/User/globalStorage/bmd.stm32-for-vscode/@xpack-dev-tools/arm-none-eabi-gcc/15.2.1-1.1.1/.content/bin/../lib/gcc/arm-none-eabi/15.2.1/../../../../arm-none-eabi/lib/thumb/v7e-m+fp/hard\libc_nano.a(libc_a-findfp.o)
                0x0800a874                __sfp_lock_acquire
 .text.__sfp_lock_release
                0x0800a880        0xc c:/Users/Nathan/AppData/Roaming/Code/User/globalStorage/bmd.stm32-for-vscode/@xpack-dev-tools/arm-none-eabi-gcc/15.2.1-1.1.1/.content/bin/../lib/gcc/arm-none-eabi/15.2.1/../../../../arm-none-eabi/lib/thumb/v7e-m+fp/hard\libc_nano.a(libc_a-findfp.o)
                0x0800a880                __sfp_lock_release
 .text.__sinit  0x0800a88c       0x30 c:/Users/Nathan/AppData/Roaming/Code/User/globalStorage/bmd.stm32-for-vscode/@xpack-dev-tools/arm-none-eabi-gcc/15.2.1-1.1.1/.content/bin/../lib/gcc/arm-none-eabi/15.2.1/../../../../arm-none-eabi/lib/thumb/v7e-m+fp/hard\libc_nano.a(libc_a-findfp.o)
                0x0800a88c                __sinit
 .text._fwalk_sglue
                0x0800a8bc       0x3a c:/Users/Nathan/AppData/Roaming/Code/User/globalStorage/bmd.stm32-for-vscode/@xpack-dev-tools/arm-none-eabi-gcc/15.2.1-1.1.1/.content/bin/../lib/gcc/arm-none-eabi/15.2.1/../../../../arm-none-eabi/lib/thumb/v7e-m+fp/hard\libc_nano.a(libc_a-fwalk.o)
                0x0800a8bc                _fwalk_sglue
 *fill*         0x0800a8f6        0x2 
 .text.snprintf
                0x0800a8f8       0x64 c:/Users/Nathan/AppData/Roaming/Code/User/globalStorage/bmd.stm32-for-vscode/@xpack-dev-tools/arm-none-eabi-gcc/15.2.1-1.1.1/.content/bin/../lib/gcc/arm-none-eabi/15.2.1/../../../../arm-none-eabi/lib/thumb/v7e-m+fp/hard\libc_nano.a(libc_a-snprintf.o)
                0x0800a8f8                sniprintf
                0x0800a8f8                snprintf
 .text.__sread  0x0800a95c       0x22 c:/Users/Nathan/AppData/Roaming/Code/User/globalStorage/bmd.stm32-for-vscode/@xpack-dev-tools/arm-none-eabi-gcc/15.2.1-1.1.1/.content/bin/../lib/gcc/arm-none-eabi/15.2.1/../../../../arm-none-eabi/lib/thumb/v7e-m+fp/hard\libc_nano.a(libc_a-stdio.o)
                0x0800a95c                __sread
 .text.__swrite
                0x0800a97e       0x38 c:/Users/Nathan/AppData/Roaming/Code/User/globalStorage/bmd.stm32-for-vscode/@xpack-dev-tools/arm-none-eabi-gcc/15.2.1-1.1.1/.content/bin/../lib/gcc/arm-none-eabi/15.2.1/../../../../arm-none-eabi/lib/thumb/v7e-m+fp/hard\libc_nano.a(libc_a-stdio.o)
                0x0800a97e                __swrite
 .text.__sseek  0x0800a9b6       0x26 c:/Users/Nathan/AppData/Roaming/Code/User/globalStorage/bmd.stm32-for-vscode/@xpack-dev-tools/arm-none-eabi-gcc/15.2.1-1.1.1/.content/bin/../lib/gcc/arm-none-eabi/15.2.1/../../../../arm-none-eabi/lib/thumb/v7e-m+fp/hard\libc_nano.a(libc_a-stdio.o)
                0x0800a9b6                __sseek
 .text.__sclose
                0x0800a9dc        0x8 c:/Users/Nathan/AppData/Roaming/Code/User/globalStorage/bmd.stm32-for-vscode/@xpack-dev-tools/arm-none-eabi-gcc/15.2.1-1.1.1/.content/bin/../lib/gcc/arm-none-eabi/15.2.1/../../../../arm-none-eabi/lib/thumb/v7e-m+fp/hard\libc_nano.a(libc_a-stdio.o)
                0x0800a9dc                __sclose
 .text.memset   0x0800a9e4       0x10 c:/Users/Nathan/AppData/Roaming/Code/User/globalStorage/bmd.stm32-for-vscode/@xpack-dev-tools/arm-none-eabi-gcc/15.2.1-1.1.1/.content/bin/../lib/gcc/arm-none-eabi/15.2.1/../../../../arm-none-eabi/lib/thumb/v7e-m+fp/hard\libc_nano.a(libc_a-memset.o)
                0x0800a9e4                memset
 .text._localeconv_r
                0x0800a9f4        0x8 c:/Users/Nathan/AppData/Roaming/Code/User/globalStorage/bmd.stm32-for-vscode/@xpack-dev-tools/arm-none-eabi-gcc/15.2.1-1.1.1/.content/bin/../lib/gcc/arm-none-eabi/15.2.1/../../../../arm-none-eabi/lib/thumb/v7e-m+fp/hard\libc_nano.a(libc_a-localeconv.o)
                0x0800a9f4                _localeconv_r
 .text._close_r
                0x0800a9fc       0x20 c:/Users/Nathan/AppData/Roaming/Code/User/globalStorage/bmd.stm32-for-vscode/@xpack-dev-tools/arm-none-eabi-gcc/15.2.1-1.1.1/.content/bin/../lib/gcc/arm-none-eabi/15.2.1/../../../../arm-none-eabi/lib/thumb/v7e-m+fp/hard\libc_nano.a(libc_a-closer.o)
                0x0800a9fc                _close_r
 .text._lseek_r
                0x0800aa1c       0x24 c:/Users/Nathan/AppData/Roaming/Code/User/globalStorage/bmd.stm32-for-vscode/@xpack-dev-tools/arm-none-eabi-gcc/15.2.1-1.1.1/.content/bin/../lib/gcc/arm-none-eabi/15.2.1/../../../../arm-none-eabi/lib/thumb/v7e-m+fp/hard\libc_nano.a(libc_a-lseekr.o)
                0x0800aa1c                _lseek_r
 .text._read_r  0x0800aa40       0x24 c:/Users/Nathan/AppData/Roaming/Code/User/globalStorage/bmd.stm32-for-vscode/@xpack-dev-tools/arm-none-eabi-gcc/15.2.1-1.1.1/.content/bin/../lib/gcc/arm-none-eabi/15.2.1/../../../../arm-none-eabi/lib/thumb/v7e-m+fp/hard\libc_nano.a(libc_a-readr.o)
                0x0800aa40                _read_r
 .text._write_r
                0x0800aa64       0x24 c:/Users/Nathan/AppData/Roaming/Code/User/globalStorage/bmd.stm32-for-vscode/@xpack-dev-tools/arm-none-eabi-gcc/15.2.1-1.1.1/.content/bin/../lib/gcc/arm-none-eabi/15.2.1/../../../../arm-none-eabi/lib/thumb/v7e-m+fp/hard\libc_nano.a(libc_a-writer.o)
                0x0800aa64                _write_r
 .text.__errno  0x0800aa88        0xc c:/Users/Nathan/AppData/Roaming/Code/User/globalStorage/bmd.stm32-for-vscode/@xpack-dev-tools/arm-none-eabi-gcc/15.2.1-1.1.1/.content/bin/../lib/gcc/arm-none-eabi/15.2.1/../../../../arm-none-eabi/lib/thumb/v7e-m+fp/hard\libc_nano.a(libc_a-errno.o)
                0x0800aa88                __errno
 .text.__libc_init_array
                0x0800aa94       0x48 c:/Users/Nathan/AppData/Roaming/Code/User/globalStorage/bmd.stm32-for-vscode/@xpack-dev-tools/arm-none-eabi-gcc/15.2.1-1.1.1/.content/bin/../lib/gcc/arm-none-eabi/15.2.1/../../../../arm-none-eabi/lib/thumb/v7e-m+fp/hard\libc_nano.a(libc_a-init.o)
                0x0800aa94                __libc_init_array
 .text.__retarget_lock_init_recursive
                0x0800aadc        0x2 c:/Users/Nathan/AppData/Roaming/Code/User/globalStorage/bmd.stm32-for-vscode/@xpack-dev-tools/arm-none-eabi-gcc/15.2.1-1.1.1/.content/bin/../lib/gcc/arm-none-eabi/15.2.1/../../../../arm-none-eabi/lib/thumb/v7e-m+fp/hard\libc_nano.a(libc_a-lock.o)
                0x0800aadc                __retarget_lock_init_recursive
 .text.__retarget_lock_acquire_recursive
                0x0800aade        0x2 c:/Users/Nathan/AppData/Roaming/Code/User/globalStorage/bmd.stm32-for-vscode/@xpack-dev-tools/arm-none-eabi-gcc/15.2.1-1.1.1/.content/bin/../lib/gcc/arm-none-eabi/15.2.1/../../../../arm-none-eabi/lib/thumb/v7e-m+fp/hard\libc_nano.a(libc_a-lock.o)
                0x0800aade                __retarget_lock_acquire_recursive
 .text.__retarget_lock_release_recursive
                0x0800aae0        0x2 c:/Users/Nathan/AppData/Roaming/Code/User/globalStorage/bmd.stm32-for-vscode/@xpack-dev-tools/arm-none-eabi-gcc/15.2.1-1.1.1/.content/bin/../lib/gcc/arm-none-eabi/15.2.1/../../../../arm-none-eabi/lib/thumb/v7e-m+fp/hard\libc_nano.a(libc_a-lock.o)
                0x0800aae0                __retarget_lock_release_recursive
 .text.memcpy   0x0800aae2       0x1c c:/Users/Nathan/AppData/Roaming/Code/User/globalStorage/bmd.stm32-for-vscode/@xpack-dev-tools/arm-none-eabi-gcc/15.2.1-1.1.1/.content/bin/../lib/gcc/arm-none-eabi/15.2.1/../../../../arm-none-eabi/lib/thumb/v7e-m+fp/hard\libc_nano.a(libc_a-memcpy-stub.o)
                0x0800aae2                memcpy
 .text.quorem   0x0800aafe      0x110 c:/Users/Nathan/AppData/Roaming/Code/User/globalStorage/bmd.stm32-for-vscode/@xpack-dev-tools/arm-none-eabi-gcc/15.2.1-1.1.1/.content/bin/../lib/gcc/arm-none-eabi/15.2.1/../../../../arm-none-eabi/lib/thumb/v7e-m+fp/hard\libc_nano.a(libc_a-dtoa.o)
 *fill*         0x0800ac0e        0x2 
 .text._dtoa_r  0x0800ac10      0xbac c:/Users/Nathan/AppData/Roaming/Code/User/globalStorage/bmd.stm32-for-vscode/@xpack-dev-tools/arm-none-eabi-gcc/15.2.1-1.1.1/.content/bin/../lib/gcc/arm-none-eabi/15.2.1/../../../../arm-none-eabi/lib/thumb/v7e-m+fp/hard\libc_nano.a(libc_a-dtoa.o)
                0x0800ac10                _dtoa_r
 .text._free_r  0x0800b7bc       0x98 c:/Users/Nathan/AppData/Roaming/Code/User/globalStorage/bmd.stm32-for-vscode/@xpack-dev-tools/arm-none-eabi-gcc/15.2.1-1.1.1/.content/bin/../lib/gcc/arm-none-eabi/15.2.1/../../../../arm-none-eabi/lib/thumb/v7e-m+fp/hard\libc_nano.a(libc_a-freer.o)
                0x0800b7bc                _free_r
 .text.malloc   0x0800b854       0x10 c:/Users/Nathan/AppData/Roaming/Code/User/globalStorage/bmd.stm32-for-vscode/@xpack-dev-tools/arm-none-eabi-gcc/15.2.1-1.1.1/.content/bin/../lib/gcc/arm-none-eabi/15.2.1/../../../../arm-none-eabi/lib/thumb/v7e-m+fp/hard\libc_nano.a(libc_a-malloc.o)
                0x0800b854                malloc
 .text.sbrk_aligned
                0x0800b864       0x44 c:/Users/Nathan/AppData/Roaming/Code/User/globalStorage/bmd.stm32-for-vscode/@xpack-dev-tools/arm-none-eabi-gcc/15.2.1-1.1.1/.content/bin/../lib/gcc/arm-none-eabi/15.2.1/../../../../arm-none-eabi/lib/thumb/v7e-m+fp/hard\libc_nano.a(libc_a-mallocr.o)
 .text._malloc_r
                0x0800b8a8       0xf8 c:/Users/Nathan/AppData/Roaming/Code/User/globalStorage/bmd.stm32-for-vscode/@xpack-dev-tools/arm-none-eabi-gcc/15.2.1-1.1.1/.content/bin/../lib/gcc/arm-none-eabi/15.2.1/../../../../arm-none-eabi/lib/thumb/v7e-m+fp/hard\libc_nano.a(libc_a-mallocr.o)
                0x0800b8a8                _malloc_r
 .text.__malloc_lock
                0x0800b9a0        0xc c:/Users/Nathan/AppData/Roaming/Code/User/globalStorage/bmd.stm32-for-vscode/@xpack-dev-tools/arm-none-eabi-gcc/15.2.1-1.1.1/.content/bin/../lib/gcc/arm-none-eabi/15.2.1/../../../../arm-none-eabi/lib/thumb/v7e-m+fp/hard\libc_nano.a(libc_a-mlock.o)
                0x0800b9a0                __malloc_lock
 .text.__malloc_unlock
                0x0800b9ac        0xc c:/Users/Nathan/AppData/Roaming/Code/User/globalStorage/bmd.stm32-for-vscode/@xpack-dev-tools/arm-none-eabi-gcc/15.2.1-1.1.1/.content/bin/../lib/gcc/arm-none-eabi/15.2.1/../../../../arm-none-eabi/lib/thumb/v7e-m+fp/hard\libc_nano.a(libc_a-mlock.o)
                0x0800b9ac                __malloc_unlock
 .text._Balloc  0x0800b9b8       0x7c c:/Users/Nathan/AppData/Roaming/Code/User/globalStorage/bmd.stm32-for-vscode/@xpack-dev-tools/arm-none-eabi-gcc/15.2.1-1.1.1/.content/bin/../lib/gcc/arm-none-eabi/15.2.1/../../../../arm-none-eabi/lib/thumb/v7e-m+fp/hard\libc_nano.a(libc_a-mprec.o)
                0x0800b9b8                _Balloc
 .text._Bfree   0x0800ba34       0x44 c:/Users/Nathan/AppData/Roaming/Code/User/globalStorage/bmd.stm32-for-vscode/@xpack-dev-tools/arm-none-eabi-gcc/15.2.1-1.1.1/.content/bin/../lib/gcc/arm-none-eabi/15.2.1/../../../../arm-none-eabi/lib/thumb/v7e-m+fp/hard\libc_nano.a(libc_a-mprec.o)
                0x0800ba34                _Bfree
 .text.__multadd
                0x0800ba78       0x8c c:/Users/Nathan/AppData/Roaming/Code/User/globalStorage/bmd.stm32-for-vscode/@xpack-dev-tools/arm-none-eabi-gcc/15.2.1-1.1.1/.content/bin/../lib/gcc/arm-none-eabi/15.2.1/../../../../arm-none-eabi/lib/thumb/v7e-m+fp/hard\libc_nano.a(libc_a-mprec.o)
                0x0800ba78                __multadd
 .text.__hi0bits
                0x0800bb04       0x3c c:/Users/Nathan/AppData/Roaming/Code/User/globalStorage/bmd.stm32-for-vscode/@xpack-dev-tools/arm-none-eabi-gcc/15.2.1-1.1.1/.content/bin/../lib/gcc/arm-none-eabi/15.2.1/../../../../arm-none-eabi/lib/thumb/v7e-m+fp/hard\libc_nano.a(libc_a-mprec.o)
                0x0800bb04                __hi0bits
 .text.__lo0bits
                0x0800bb40       0x5c c:/Users/Nathan/AppData/Roaming/Code/User/globalStorage/bmd.stm32-for-vscode/@xpack-dev-tools/arm-none-eabi-gcc/15.2.1-1.1.1/.content/bin/../lib/gcc/arm-none-eabi/15.2.1/../../../../arm-none-eabi/lib/thumb/v7e-m+fp/hard\libc_nano.a(libc_a-mprec.o)
                0x0800bb40                __lo0bits
 .text.__i2b    0x0800bb9c       0x2c c:/Users/Nathan/AppData/Roaming/Code/User/globalStorage/bmd.stm32-for-vscode/@xpack-dev-tools/arm-none-eabi-gcc/15.2.1-1.1.1/.content/bin/../lib/gcc/arm-none-eabi/15.2.1/../../../../arm-none-eabi/lib/thumb/v7e-m+fp/hard\libc_nano.a(libc_a-mprec.o)
                0x0800bb9c                __i2b
 .text.__multiply
                0x0800bbc8      0x16c c:/Users/Nathan/AppData/Roaming/Code/User/globalStorage/bmd.stm32-for-vscode/@xpack-dev-tools/arm-none-eabi-gcc/15.2.1-1.1.1/.content/bin/../lib/gcc/arm-none-eabi/15.2.1/../../../../arm-none-eabi/lib/thumb/v7e-m+fp/hard\libc_nano.a(libc_a-mprec.o)
                0x0800bbc8                __multiply
 .text.__pow5mult
                0x0800bd34       0xb8 c:/Users/Nathan/AppData/Roaming/Code/User/globalStorage/bmd.stm32-for-vscode/@xpack-dev-tools/arm-none-eabi-gcc/15.2.1-1.1.1/.content/bin/../lib/gcc/arm-none-eabi/15.2.1/../../../../arm-none-eabi/lib/thumb/v7e-m+fp/hard\libc_nano.a(libc_a-mprec.o)
                0x0800bd34                __pow5mult
 .text.__lshift
                0x0800bdec       0xe4 c:/Users/Nathan/AppData/Roaming/Code/User/globalStorage/bmd.stm32-for-vscode/@xpack-dev-tools/arm-none-eabi-gcc/15.2.1-1.1.1/.content/bin/../lib/gcc/arm-none-eabi/15.2.1/../../../../arm-none-eabi/lib/thumb/v7e-m+fp/hard\libc_nano.a(libc_a-mprec.o)
                0x0800bdec                __lshift
 .text.__mcmp   0x0800bed0       0x36 c:/Users/Nathan/AppData/Roaming/Code/User/globalStorage/bmd.stm32-for-vscode/@xpack-dev-tools/arm-none-eabi-gcc/15.2.1-1.1.1/.content/bin/../lib/gcc/arm-none-eabi/15.2.1/../../../../arm-none-eabi/lib/thumb/v7e-m+fp/hard\libc_nano.a(libc_a-mprec.o)
                0x0800bed0                __mcmp
 *fill*         0x0800bf06        0x2 
 .text.__mdiff  0x0800bf08      0x130 c:/Users/Nathan/AppData/Roaming/Code/User/globalStorage/bmd.stm32-for-vscode/@xpack-dev-tools/arm-none-eabi-gcc/15.2.1-1.1.1/.content/bin/../lib/gcc/arm-none-eabi/15.2.1/../../../../arm-none-eabi/lib/thumb/v7e-m+fp/hard\libc_nano.a(libc_a-mprec.o)
                0x0800bf08                __mdiff
 .text.__d2b    0x0800c038       0xb0 c:/Users/Nathan/AppData/Roaming/Code/User/globalStorage/bmd.stm32-for-vscode/@xpack-dev-tools/arm-none-eabi-gcc/15.2.1-1.1.1/.content/bin/../lib/gcc/arm-none-eabi/15.2.1/../../../../arm-none-eabi/lib/thumb/v7e-m+fp/hard\libc_nano.a(libc_a-mprec.o)
                0x0800c038                __d2b
 .text.__ssputs_r
                0x0800c0e8       0xc0 c:/Users/Nathan/AppData/Roaming/Code/User/globalStorage/bmd.stm32-for-vscode/@xpack-dev-tools/arm-none-eabi-gcc/15.2.1-1.1.1/.content/bin/../lib/gcc/arm-none-eabi/15.2.1/../../../../arm-none-eabi/lib/thumb/v7e-m+fp/hard\libc_nano.a(libc_a-nano-svfprintf.o)
                0x0800c0e8                __ssputs_r
 .text._svfprintf_r
                0x0800c1a8      0x1f0 c:/Users/Nathan/AppData/Roaming/Code/User/globalStorage/bmd.stm32-for-vscode/@xpack-dev-tools/arm-none-eabi-gcc/15.2.1-1.1.1/.content/bin/../lib/gcc/arm-none-eabi/15.2.1/../../../../arm-none-eabi/lib/thumb/v7e-m+fp/hard\libc_nano.a(libc_a-nano-svfprintf.o)
                0x0800c1a8                _svfiprintf_r
                0x0800c1a8                _svfprintf_r
 .text.__sfputc_r
                0x0800c398       0x2a c:/Users/Nathan/AppData/Roaming/Code/User/globalStorage/bmd.stm32-for-vscode/@xpack-dev-tools/arm-none-eabi-gcc/15.2.1-1.1.1/.content/bin/../lib/gcc/arm-none-eabi/15.2.1/../../../../arm-none-eabi/lib/thumb/v7e-m+fp/hard\libc_nano.a(libc_a-nano-vfprintf.o)
 .text.__sfputs_r
                0x0800c3c2       0x24 c:/Users/Nathan/AppData/Roaming/Code/User/globalStorage/bmd.stm32-for-vscode/@xpack-dev-tools/arm-none-eabi-gcc/15.2.1-1.1.1/.content/bin/../lib/gcc/arm-none-eabi/15.2.1/../../../../arm-none-eabi/lib/thumb/v7e-m+fp/hard\libc_nano.a(libc_a-nano-vfprintf.o)
                0x0800c3c2                __sfputs_r
 *fill*         0x0800c3e6        0x2 
 .text._vfprintf_r
                0x0800c3e8      0x228 c:/Users/Nathan/AppData/Roaming/Code/User/globalStorage/bmd.stm32-for-vscode/@xpack-dev-tools/arm-none-eabi-gcc/15.2.1-1.1.1/.content/bin/../lib/gcc/arm-none-eabi/15.2.1/../../../../arm-none-eabi/lib/thumb/v7e-m+fp/hard\libc_nano.a(libc_a-nano-vfprintf.o)
                0x0800c3e8                _vfprintf_r
                0x0800c3e8                _vfiprintf_r
 .text.__sflush_r
                0x0800c610      0x100 c:/Users/Nathan/AppData/Roaming/Code/User/globalStorage/bmd.stm32-for-vscode/@xpack-dev-tools/arm-none-eabi-gcc/15.2.1-1.1.1/.content/bin/../lib/gcc/arm-none-eabi/15.2.1/../../../../arm-none-eabi/lib/thumb/v7e-m+fp/hard\libc_nano.a(libc_a-fflush.o)
                0x0800c610                __sflush_r
 .text._fflush_r
                0x0800c710       0x50 c:/Users/Nathan/AppData/Roaming/Code/User/globalStorage/bmd.stm32-for-vscode/@xpack-dev-tools/arm-none-eabi-gcc/15.2.1-1.1.1/.content/bin/../lib/gcc/arm-none-eabi/15.2.1/../../../../arm-none-eabi/lib/thumb/v7e-m+fp/hard\libc_nano.a(libc_a-fflush.o)
                0x0800c710                _fflush_r
 .text.__swbuf_r
                0x0800c760       0x7a c:/Users/Nathan/AppData/Roaming/Code/User/globalStorage/bmd.stm32-for-vscode/@xpack-dev-tools/arm-none-eabi-gcc/15.2.1-1.1.1/.content/bin/../lib/gcc/arm-none-eabi/15.2.1/../../../../arm-none-eabi/lib/thumb/v7e-m+fp/hard\libc_nano.a(libc_a-wbuf.o)
                0x0800c760                __swbuf_r
 *fill*         0x0800c7da        0x2 
 .text.__swsetup_r
                0x0800c7dc       0xa8 c:/Users/Nathan/AppData/Roaming/Code/User/globalStorage/bmd.stm32-for-vscode/@xpack-dev-tools/arm-none-eabi-gcc/15.2.1-1.1.1/.content/bin/../lib/gcc/arm-none-eabi/15.2.1/../../../../arm-none-eabi/lib/thumb/v7e-m+fp/hard\libc_nano.a(libc_a-wsetup.o)
                0x0800c7dc                __swsetup_r
 .text.memmove  0x0800c884       0x32 c:/Users/Nathan/AppData/Roaming/Code/User/globalStorage/bmd.stm32-for-vscode/@xpack-dev-tools/arm-none-eabi-gcc/15.2.1-1.1.1/.content/bin/../lib/gcc/arm-none-eabi/15.2.1/../../../../arm-none-eabi/lib/thumb/v7e-m+fp/hard\libc_nano.a(libc_a-memmove.o)
                0x0800c884                memmove
 *fill*         0x0800c8b6        0x2 
 .text._sbrk_r  0x0800c8b8       0x20 c:/Users/Nathan/AppData/Roaming/Code/User/globalStorage/bmd.stm32-for-vscode/@xpack-dev-tools/arm-none-eabi-gcc/15.2.1-1.1.1/.content/bin/../lib/gcc/arm-none-eabi/15.2.1/../../../../arm-none-eabi/lib/thumb/v7e-m+fp/hard\libc_nano.a(libc_a-sbrkr.o)
                0x0800c8b8                _sbrk_r
 .text.__assert_func
                0x0800c8d8       0x3c c:/Users/Nathan/AppData/Roaming/Code/User/globalStorage/bmd.stm32-for-vscode/@xpack-dev-tools/arm-none-eabi-gcc/15.2.1-1.1.1/.content/bin/../lib/gcc/arm-none-eabi/15.2.1/../../../../arm-none-eabi/lib/thumb/v7e-m+fp/hard\libc_nano.a(libc_a-assert.o)
                0x0800c8d8                __assert_func
 .text._calloc_r
                0x0800c914       0x28 c:/Users/Nathan/AppData/Roaming/Code/User/globalStorage/bmd.stm32-for-vscode/@xpack-dev-tools/arm-none-eabi-gcc/15.2.1-1.1.1/.content/bin/../lib/gcc/arm-none-eabi/15.2.1/../../../../arm-none-eabi/lib/thumb/v7e-m+fp/hard\libc_nano.a(libc_a-callocr.o)
                0x0800c914                _calloc_r
 .text.__ascii_mbtowc
                0x0800c93c       0x24 c:/Users/Nathan/AppData/Roaming/Code/User/globalStorage/bmd.stm32-for-vscode/@xpack-dev-tools/arm-none-eabi-gcc/15.2.1-1.1.1/.content/bin/../lib/gcc/arm-none-eabi/15.2.1/../../../../arm-none-eabi/lib/thumb/v7e-m+fp/hard\libc_nano.a(libc_a-mbtowc_r.o)
                0x0800c93c                __ascii_mbtowc
 .text._realloc_r